MPLINK 4.00, Linker
Linker Map File - Created Tue Dec 01 17:19:49 2009

                                 Section Info
                  Section       Type    Address   Location Size(Bytes)
                ---------  ---------  ---------  ---------  ---------
               _entry_scn       code   0x000000    program   0x000006
              high_vector       code   0x000008    program   0x000006
                   .cinit    romdata   0x00002a    program   0x00001a
       .code_State_Mchn.o       code   0x000044    program   0x0019e6
             .code_Main.o       code   0x001a2a    program   0x0000a4
               _cinit_scn       code   0x001ace    program   0x00009e
         .code_pw1setdc.o       code   0x001b6c    program   0x00005e
             _startup_scn       code   0x001bca    program   0x000018
      .romdata_pw1setdc.o    romdata   0x001be2    program   0x000000
      .idata_pw1setdc.o_i    romdata   0x001be2    program   0x000000
    .romdata_State_Mchn.o    romdata   0x001be2    program   0x000000
    .idata_State_Mchn.o_i    romdata   0x001be2    program   0x000049
         .idata_c018i.o_i    romdata   0x001be2    program   0x000000
         .romdata_c018i.o    romdata   0x001be2    program   0x000000
          .romdata_Main.o    romdata   0x001be2    program   0x000000
          .idata_Main.o_i    romdata   0x001c2b    program   0x000001
            .code_c018i.o       code   0x001c2c    program   0x000000
    .config_300000_Main.o    romdata   0x300000    program   0x000001
    .config_300001_Main.o    romdata   0x300001    program   0x000001
    .config_300002_Main.o    romdata   0x300002    program   0x000001
    .config_300003_Main.o    romdata   0x300003    program   0x000001
    .config_300005_Main.o    romdata   0x300005    program   0x000001
    .config_300006_Main.o    romdata   0x300006    program   0x000001
    .config_300008_Main.o    romdata   0x300008    program   0x000001
    .config_300009_Main.o    romdata   0x300009    program   0x000001
    .config_30000a_Main.o    romdata   0x30000a    program   0x000001
    .config_30000b_Main.o    romdata   0x30000b    program   0x000001
    .config_30000c_Main.o    romdata   0x30000c    program   0x000001
    .config_30000d_Main.o    romdata   0x30000d    program   0x000001
                MATH_DATA      udata   0x000000       data   0x000002
                 .tmpdata      udata   0x000002       data   0x000002
      .idata_State_Mchn.o      idata   0x000060       data   0x000049
           .udata_c018i.o      udata   0x0000a9       data   0x00000a
      .udata_State_Mchn.o      udata   0x0000b3       data   0x000006
            .idata_Main.o      idata   0x0000b9       data   0x000001
           .idata_c018i.o      idata   0x0000ba       data   0x000000
            .udata_Main.o      udata   0x0000ba       data   0x000000
        .udata_pw1setdc.o      udata   0x0000ba       data   0x000000
        .idata_pw1setdc.o      idata   0x0000ba       data   0x000000
                   .stack      udata   0x000300       data   0x000100
            SFR_UNBANKED0      udata   0x000f62       data   0x00009e



                              Program Memory Usage 
                               Start         End      
                           ---------   ---------      
                            0x000000    0x000005      
                            0x000008    0x00000d      
                            0x00002a    0x001c2b      
                            0x300000    0x300003      
                            0x300005    0x300006      
                            0x300008    0x30000d      
            7194 out of 33048 program addresses used, program memory utilization is 21%



                              Symbols - Sorted by Name
                     Name    Address   Location    Storage File                     
                ---------  ---------  ---------  --------- ---------                
          Debounce_Inputs   0x001708    program     static E:\Programmeren\Anton_pendelbaan\State_Mchn.c
             Eeprom_Store   0x001954    program     static E:\Programmeren\Anton_pendelbaan\State_Mchn.c
                Green_Led   0x000e42    program     static E:\Programmeren\Anton_pendelbaan\State_Mchn.c
                 Init_Pwm   0x001ab8    program     static E:\Programmeren\Anton_pendelbaan\Main.c
              Init_Timers   0x001aa4    program     static E:\Programmeren\Anton_pendelbaan\Main.c
                 Junction   0x001658    program     static E:\Programmeren\Anton_pendelbaan\State_Mchn.c
                  Red_Led   0x000ec0    program     static E:\Programmeren\Anton_pendelbaan\State_Mchn.c
                SetDCPWM1   0x001b6c    program     extern C:\MCC18\src\TRADIT~1\pmc\PWM\pw1setdc.c
    Train_Move_Left_Brake   0x001354    program     static E:\Programmeren\Anton_pendelbaan\State_Mchn.c
    Train_Move_Left_Start   0x001256    program     static E:\Programmeren\Anton_pendelbaan\State_Mchn.c
   Train_Move_Right_Brake   0x001554    program     static E:\Programmeren\Anton_pendelbaan\State_Mchn.c
   Train_Move_Right_Start   0x001456    program     static E:\Programmeren\Anton_pendelbaan\State_Mchn.c
               Train_Path   0x000f3e    program     static E:\Programmeren\Anton_pendelbaan\State_Mchn.c
         Update_StateMchn   0x000044    program     extern E:\Programmeren\Anton_pendelbaan\State_Mchn.c
       ___case_2_lbl00265   0x000b8e    program     static                          
      ___default_lbl00314   0x000e3e    program     static                          
       ___return_lbl00000   0x000004    program     static                          
       ___return_lbl00001   0x001be0    program     static                          
       ___return_lbl00002   0x001b6a    program     static                          
       ___return_lbl00004   0x00000c    program     static                          
               __config_0   0x300000    program     static E:\Programmeren\Anton_pendelbaan\Main.c
               __config_1   0x300001    program     static E:\Programmeren\Anton_pendelbaan\Main.c
              __config_10   0x30000c    program     static E:\Programmeren\Anton_pendelbaan\Main.c
              __config_11   0x30000d    program     static E:\Programmeren\Anton_pendelbaan\Main.c
               __config_2   0x300002    program     static E:\Programmeren\Anton_pendelbaan\Main.c
               __config_3   0x300003    program     static E:\Programmeren\Anton_pendelbaan\Main.c
               __config_4   0x300005    program     static E:\Programmeren\Anton_pendelbaan\Main.c
               __config_5   0x300006    program     static E:\Programmeren\Anton_pendelbaan\Main.c
               __config_6   0x300008    program     static E:\Programmeren\Anton_pendelbaan\Main.c
               __config_7   0x300009    program     static E:\Programmeren\Anton_pendelbaan\Main.c
               __config_8   0x30000a    program     static E:\Programmeren\Anton_pendelbaan\Main.c
               __config_9   0x30000b    program     static E:\Programmeren\Anton_pendelbaan\Main.c
                _do_cinit   0x001ace    program     extern C:\MCC18\src\traditional\startup\c018i.c
                   _entry   0x000000    program     extern C:\MCC18\src\traditional\startup\c018i.c
                 _startup   0x001bca    program     extern C:\MCC18\src\traditional\startup\c018i.c
                copy_loop   0x001b40    program     static                          
            copy_one_byte   0x001b46    program     static                          
                     done   0x001b6a    program     static                          
             done_copying   0x001b54    program     static                          
                 high_isr   0x001a84    program     extern E:\Programmeren\Anton_pendelbaan\Main.c
 interrupt_at_high_vector   0x000008    program     extern E:\Programmeren\Anton_pendelbaan\Main.c
                     loop   0x001bda    program     static                          
                     main   0x001a2a    program     extern E:\Programmeren\Anton_pendelbaan\Main.c
                     test   0x001ae8    program     static                          
                   ADCON0   0x000fc2       data     extern C:\MCC18\SRC\TRADIT~1\PROC\p18f4550.asm
               ADCON0bits   0x000fc2       data     extern C:\MCC18\SRC\TRADIT~1\PROC\p18f4550.asm
                   ADCON1   0x000fc1       data     extern C:\MCC18\SRC\TRADIT~1\PROC\p18f4550.asm
               ADCON1bits   0x000fc1       data     extern C:\MCC18\SRC\TRADIT~1\PROC\p18f4550.asm
                   ADCON2   0x000fc0       data     extern C:\MCC18\SRC\TRADIT~1\PROC\p18f4550.asm
               ADCON2bits   0x000fc0       data     extern C:\MCC18\SRC\TRADIT~1\PROC\p18f4550.asm
                    ADRES   0x000fc3       data     extern C:\MCC18\SRC\TRADIT~1\PROC\p18f4550.asm
                   ADRESH   0x000fc4       data     extern C:\MCC18\SRC\TRADIT~1\PROC\p18f4550.asm
                   ADRESL   0x000fc3       data     extern C:\MCC18\SRC\TRADIT~1\PROC\p18f4550.asm
           Adjust_Counter   0x000093       data     extern E:\Programmeren\Anton_pendelbaan\State_Mchn.c
                  BAUDCON   0x000fb8       data     extern C:\MCC18\SRC\TRADIT~1\PROC\p18f4550.asm
              BAUDCONbits   0x000fb8       data     extern C:\MCC18\SRC\TRADIT~1\PROC\p18f4550.asm
                      BSR   0x000fe0       data     extern C:\MCC18\SRC\TRADIT~1\PROC\p18f4550.asm
Button_Contact_Counter_LB   0x000074       data     extern E:\Programmeren\Anton_pendelbaan\State_Mchn.c
Button_Contact_Counter_LF   0x000075       data     extern E:\Programmeren\Anton_pendelbaan\State_Mchn.c
Button_Contact_Counter_Middle   0x000073       data     extern E:\Programmeren\Anton_pendelbaan\State_Mchn.c
Button_Contact_Counter_RB   0x000076       data     extern E:\Programmeren\Anton_pendelbaan\State_Mchn.c
Button_Contact_Counter_RF   0x000077       data     extern E:\Programmeren\Anton_pendelbaan\State_Mchn.c
Button_Contact_Counter_Start   0x000071       data     extern E:\Programmeren\Anton_pendelbaan\State_Mchn.c
Button_Contact_Counter_Stop   0x000072       data     extern E:\Programmeren\Anton_pendelbaan\State_Mchn.c
                Button_LB   0x00007b       data     extern E:\Programmeren\Anton_pendelbaan\State_Mchn.c
                Button_LF   0x00007c       data     extern E:\Programmeren\Anton_pendelbaan\State_Mchn.c
            Button_Middle   0x00007a       data     extern E:\Programmeren\Anton_pendelbaan\State_Mchn.c
                Button_RB   0x00007d       data     extern E:\Programmeren\Anton_pendelbaan\State_Mchn.c
                Button_RF   0x00007e       data     extern E:\Programmeren\Anton_pendelbaan\State_Mchn.c
             Button_Start   0x000078       data     extern E:\Programmeren\Anton_pendelbaan\State_Mchn.c
              Button_Stop   0x000079       data     extern E:\Programmeren\Anton_pendelbaan\State_Mchn.c
                   CCP1AS   0x000fb6       data     extern C:\MCC18\SRC\TRADIT~1\PROC\p18f4550.asm
               CCP1ASbits   0x000fb6       data     extern C:\MCC18\SRC\TRADIT~1\PROC\p18f4550.asm
                  CCP1CON   0x000fbd       data     extern C:\MCC18\SRC\TRADIT~1\PROC\p18f4550.asm
              CCP1CONbits   0x000fbd       data     extern C:\MCC18\SRC\TRADIT~1\PROC\p18f4550.asm
                  CCP1DEL   0x000fb7       data     extern C:\MCC18\SRC\TRADIT~1\PROC\p18f4550.asm
              CCP1DELbits   0x000fb7       data     extern C:\MCC18\SRC\TRADIT~1\PROC\p18f4550.asm
                  CCP2CON   0x000fba       data     extern C:\MCC18\SRC\TRADIT~1\PROC\p18f4550.asm
              CCP2CONbits   0x000fba       data     extern C:\MCC18\SRC\TRADIT~1\PROC\p18f4550.asm
                    CCPR1   0x000fbe       data     extern C:\MCC18\SRC\TRADIT~1\PROC\p18f4550.asm
                   CCPR1H   0x000fbf       data     extern C:\MCC18\SRC\TRADIT~1\PROC\p18f4550.asm
                   CCPR1L   0x000fbe       data     extern C:\MCC18\SRC\TRADIT~1\PROC\p18f4550.asm
                    CCPR2   0x000fbb       data     extern C:\MCC18\SRC\TRADIT~1\PROC\p18f4550.asm
                   CCPR2H   0x000fbc       data     extern C:\MCC18\SRC\TRADIT~1\PROC\p18f4550.asm
                   CCPR2L   0x000fbb       data     extern C:\MCC18\SRC\TRADIT~1\PROC\p18f4550.asm
                    CMCON   0x000fb4       data     extern C:\MCC18\SRC\TRADIT~1\PROC\p18f4550.asm
                CMCONbits   0x000fb4       data     extern C:\MCC18\SRC\TRADIT~1\PROC\p18f4550.asm
                   CVRCON   0x000fb5       data     extern C:\MCC18\SRC\TRADIT~1\PROC\p18f4550.asm
               CVRCONbits   0x000fb5       data     extern C:\MCC18\SRC\TRADIT~1\PROC\p18f4550.asm
                     DDRA   0x000f92       data     extern C:\MCC18\SRC\TRADIT~1\PROC\p18f4550.asm
                 DDRAbits   0x000f92       data     extern C:\MCC18\SRC\TRADIT~1\PROC\p18f4550.asm
                     DDRB   0x000f93       data     extern C:\MCC18\SRC\TRADIT~1\PROC\p18f4550.asm
                 DDRBbits   0x000f93       data     extern C:\MCC18\SRC\TRADIT~1\PROC\p18f4550.asm
                     DDRC   0x000f94       data     extern C:\MCC18\SRC\TRADIT~1\PROC\p18f4550.asm
                 DDRCbits   0x000f94       data     extern C:\MCC18\SRC\TRADIT~1\PROC\p18f4550.asm
                     DDRD   0x000f95       data     extern C:\MCC18\SRC\TRADIT~1\PROC\p18f4550.asm
                 DDRDbits   0x000f95       data     extern C:\MCC18\SRC\TRADIT~1\PROC\p18f4550.asm
                     DDRE   0x000f96       data     extern C:\MCC18\SRC\TRADIT~1\PROC\p18f4550.asm
                 DDREbits   0x000f96       data     extern C:\MCC18\SRC\TRADIT~1\PROC\p18f4550.asm
                  ECCP1AS   0x000fb6       data     extern C:\MCC18\SRC\TRADIT~1\PROC\p18f4550.asm
              ECCP1ASbits   0x000fb6       data     extern C:\MCC18\SRC\TRADIT~1\PROC\p18f4550.asm
                 ECCP1CON   0x000fbd       data     extern C:\MCC18\SRC\TRADIT~1\PROC\p18f4550.asm
             ECCP1CONbits   0x000fbd       data     extern C:\MCC18\SRC\TRADIT~1\PROC\p18f4550.asm
                 ECCP1DEL   0x000fb7       data     extern C:\MCC18\SRC\TRADIT~1\PROC\p18f4550.asm
             ECCP1DELbits   0x000fb7       data     extern C:\MCC18\SRC\TRADIT~1\PROC\p18f4550.asm
                    EEADR   0x000fa9       data     extern C:\MCC18\SRC\TRADIT~1\PROC\p18f4550.asm
                   EECON1   0x000fa6       data     extern C:\MCC18\SRC\TRADIT~1\PROC\p18f4550.asm
               EECON1bits   0x000fa6       data     extern C:\MCC18\SRC\TRADIT~1\PROC\p18f4550.asm
                   EECON2   0x000fa7       data     extern C:\MCC18\SRC\TRADIT~1\PROC\p18f4550.asm
                   EEDATA   0x000fa8       data     extern C:\MCC18\SRC\TRADIT~1\PROC\p18f4550.asm
                  FPFLAGS   0x000001       data     extern C:\MCC18\SRC\TRADIT~1\MATH\cmath18.asm
              FPFLAGSbits   0x000001       data     extern C:\MCC18\SRC\TRADIT~1\MATH\cmath18.asm
                     FSR0   0x000fe9       data     extern C:\MCC18\SRC\TRADIT~1\PROC\p18f4550.asm
                    FSR0H   0x000fea       data     extern C:\MCC18\SRC\TRADIT~1\PROC\p18f4550.asm
                    FSR0L   0x000fe9       data     extern C:\MCC18\SRC\TRADIT~1\PROC\p18f4550.asm
                     FSR1   0x000fe1       data     extern C:\MCC18\SRC\TRADIT~1\PROC\p18f4550.asm
                    FSR1H   0x000fe2       data     extern C:\MCC18\SRC\TRADIT~1\PROC\p18f4550.asm
                    FSR1L   0x000fe1       data     extern C:\MCC18\SRC\TRADIT~1\PROC\p18f4550.asm
                     FSR2   0x000fd9       data     extern C:\MCC18\SRC\TRADIT~1\PROC\p18f4550.asm
                    FSR2H   0x000fda       data     extern C:\MCC18\SRC\TRADIT~1\PROC\p18f4550.asm
                    FSR2L   0x000fd9       data     extern C:\MCC18\SRC\TRADIT~1\PROC\p18f4550.asm
                     From   0x0000b5       data     static E:\Programmeren\Anton_pendelbaan\State_Mchn.c
        Green_Led_Counter   0x000095       data     extern E:\Programmeren\Anton_pendelbaan\State_Mchn.c
                  HLVDCON   0x000fd2       data     extern C:\MCC18\SRC\TRADIT~1\PROC\p18f4550.asm
              HLVDCONbits   0x000fd2       data     extern C:\MCC18\SRC\TRADIT~1\PROC\p18f4550.asm
                    INDF0   0x000fef       data     extern C:\MCC18\SRC\TRADIT~1\PROC\p18f4550.asm
                    INDF1   0x000fe7       data     extern C:\MCC18\SRC\TRADIT~1\PROC\p18f4550.asm
                    INDF2   0x000fdf       data     extern C:\MCC18\SRC\TRADIT~1\PROC\p18f4550.asm
                   INTCON   0x000ff2       data     extern C:\MCC18\SRC\TRADIT~1\PROC\p18f4550.asm
                  INTCON2   0x000ff1       data     extern C:\MCC18\SRC\TRADIT~1\PROC\p18f4550.asm
              INTCON2bits   0x000ff1       data     extern C:\MCC18\SRC\TRADIT~1\PROC\p18f4550.asm
                  INTCON3   0x000ff0       data     extern C:\MCC18\SRC\TRADIT~1\PROC\p18f4550.asm
              INTCON3bits   0x000ff0       data     extern C:\MCC18\SRC\TRADIT~1\PROC\p18f4550.asm
               INTCONbits   0x000ff2       data     extern C:\MCC18\SRC\TRADIT~1\PROC\p18f4550.asm
                     IPR1   0x000f9f       data     extern C:\MCC18\SRC\TRADIT~1\PROC\p18f4550.asm
                 IPR1bits   0x000f9f       data     extern C:\MCC18\SRC\TRADIT~1\PROC\p18f4550.asm
                     IPR2   0x000fa2       data     extern C:\MCC18\SRC\TRADIT~1\PROC\p18f4550.asm
                 IPR2bits   0x000fa2       data     extern C:\MCC18\SRC\TRADIT~1\PROC\p18f4550.asm
     Junction_Switch_Time   0x0000a7       data     static E:\Programmeren\Anton_pendelbaan\State_Mchn.c
                     LATA   0x000f89       data     extern C:\MCC18\SRC\TRADIT~1\PROC\p18f4550.asm
                 LATAbits   0x000f89       data     extern C:\MCC18\SRC\TRADIT~1\PROC\p18f4550.asm
                     LATB   0x000f8a       data     extern C:\MCC18\SRC\TRADIT~1\PROC\p18f4550.asm
                 LATBbits   0x000f8a       data     extern C:\MCC18\SRC\TRADIT~1\PROC\p18f4550.asm
                     LATC   0x000f8b       data     extern C:\MCC18\SRC\TRADIT~1\PROC\p18f4550.asm
                 LATCbits   0x000f8b       data     extern C:\MCC18\SRC\TRADIT~1\PROC\p18f4550.asm
                     LATD   0x000f8c       data     extern C:\MCC18\SRC\TRADIT~1\PROC\p18f4550.asm
                 LATDbits   0x000f8c       data     extern C:\MCC18\SRC\TRADIT~1\PROC\p18f4550.asm
                     LATE   0x000f8d       data     extern C:\MCC18\SRC\TRADIT~1\PROC\p18f4550.asm
                 LATEbits   0x000f8d       data     extern C:\MCC18\SRC\TRADIT~1\PROC\p18f4550.asm
                   LVDCON   0x000fd2       data     extern C:\MCC18\SRC\TRADIT~1\PROC\p18f4550.asm
               LVDCONbits   0x000fd2       data     extern C:\MCC18\SRC\TRADIT~1\PROC\p18f4550.asm
               Left_Right   0x0000b7       data     static E:\Programmeren\Anton_pendelbaan\State_Mchn.c
         MaxJerkPwm_Brake   0x000060       data     extern E:\Programmeren\Anton_pendelbaan\State_Mchn.c
     MaxJerkPwm_Brake_Old   0x000061       data     extern E:\Programmeren\Anton_pendelbaan\State_Mchn.c
               MaxPwmLeft   0x00008b       data     extern E:\Programmeren\Anton_pendelbaan\State_Mchn.c
           MaxPwmLeft_Old   0x00008d       data     extern E:\Programmeren\Anton_pendelbaan\State_Mchn.c
              MaxPwmRight   0x000087       data     extern E:\Programmeren\Anton_pendelbaan\State_Mchn.c
          MaxPwmRight_Old   0x000089       data     extern E:\Programmeren\Anton_pendelbaan\State_Mchn.c
                   OSCCON   0x000fd3       data     extern C:\MCC18\SRC\TRADIT~1\PROC\p18f4550.asm
               OSCCONbits   0x000fd3       data     extern C:\MCC18\SRC\TRADIT~1\PROC\p18f4550.asm
                  OSCTUNE   0x000f9b       data     extern C:\MCC18\SRC\TRADIT~1\PROC\p18f4550.asm
              OSCTUNEbits   0x000f9b       data     extern C:\MCC18\SRC\TRADIT~1\PROC\p18f4550.asm
                Operation   0x0000b4       data     static E:\Programmeren\Anton_pendelbaan\State_Mchn.c
                Operation   0x0000b3       data     static E:\Programmeren\Anton_pendelbaan\State_Mchn.c
                       PC   0x000ff9       data     extern C:\MCC18\SRC\TRADIT~1\PROC\p18f4550.asm
                      PCL   0x000ff9       data     extern C:\MCC18\SRC\TRADIT~1\PROC\p18f4550.asm
                   PCLATH   0x000ffa       data     extern C:\MCC18\SRC\TRADIT~1\PROC\p18f4550.asm
                   PCLATU   0x000ffb       data     extern C:\MCC18\SRC\TRADIT~1\PROC\p18f4550.asm
                     PIE1   0x000f9d       data     extern C:\MCC18\SRC\TRADIT~1\PROC\p18f4550.asm
                 PIE1bits   0x000f9d       data     extern C:\MCC18\SRC\TRADIT~1\PROC\p18f4550.asm
                     PIE2   0x000fa0       data     extern C:\MCC18\SRC\TRADIT~1\PROC\p18f4550.asm
                 PIE2bits   0x000fa0       data     extern C:\MCC18\SRC\TRADIT~1\PROC\p18f4550.asm
                     PIR1   0x000f9e       data     extern C:\MCC18\SRC\TRADIT~1\PROC\p18f4550.asm
                 PIR1bits   0x000f9e       data     extern C:\MCC18\SRC\TRADIT~1\PROC\p18f4550.asm
                     PIR2   0x000fa1       data     extern C:\MCC18\SRC\TRADIT~1\PROC\p18f4550.asm
                 PIR2bits   0x000fa1       data     extern C:\MCC18\SRC\TRADIT~1\PROC\p18f4550.asm
                   PLUSW0   0x000feb       data     extern C:\MCC18\SRC\TRADIT~1\PROC\p18f4550.asm
                   PLUSW1   0x000fe3       data     extern C:\MCC18\SRC\TRADIT~1\PROC\p18f4550.asm
                   PLUSW2   0x000fdb       data     extern C:\MCC18\SRC\TRADIT~1\PROC\p18f4550.asm
                    PORTA   0x000f80       data     extern C:\MCC18\SRC\TRADIT~1\PROC\p18f4550.asm
                PORTAbits   0x000f80       data     extern C:\MCC18\SRC\TRADIT~1\PROC\p18f4550.asm
                    PORTB   0x000f81       data     extern C:\MCC18\SRC\TRADIT~1\PROC\p18f4550.asm
                PORTBbits   0x000f81       data     extern C:\MCC18\SRC\TRADIT~1\PROC\p18f4550.asm
                    PORTC   0x000f82       data     extern C:\MCC18\SRC\TRADIT~1\PROC\p18f4550.asm
                PORTCbits   0x000f82       data     extern C:\MCC18\SRC\TRADIT~1\PROC\p18f4550.asm
                    PORTD   0x000f83       data     extern C:\MCC18\SRC\TRADIT~1\PROC\p18f4550.asm
                PORTDbits   0x000f83       data     extern C:\MCC18\SRC\TRADIT~1\PROC\p18f4550.asm
                    PORTE   0x000f84       data     extern C:\MCC18\SRC\TRADIT~1\PROC\p18f4550.asm
                PORTEbits   0x000f84       data     extern C:\MCC18\SRC\TRADIT~1\PROC\p18f4550.asm
                 POSTDEC0   0x000fed       data     extern C:\MCC18\SRC\TRADIT~1\PROC\p18f4550.asm
                 POSTDEC1   0x000fe5       data     extern C:\MCC18\SRC\TRADIT~1\PROC\p18f4550.asm
                 POSTDEC2   0x000fdd       data     extern C:\MCC18\SRC\TRADIT~1\PROC\p18f4550.asm
                 POSTINC0   0x000fee       data     extern C:\MCC18\SRC\TRADIT~1\PROC\p18f4550.asm
                 POSTINC1   0x000fe6       data     extern C:\MCC18\SRC\TRADIT~1\PROC\p18f4550.asm
                 POSTINC2   0x000fde       data     extern C:\MCC18\SRC\TRADIT~1\PROC\p18f4550.asm
                      PR2   0x000fcb       data     extern C:\MCC18\SRC\TRADIT~1\PROC\p18f4550.asm
                  PREINC0   0x000fec       data     extern C:\MCC18\SRC\TRADIT~1\PROC\p18f4550.asm
                  PREINC1   0x000fe4       data     extern C:\MCC18\SRC\TRADIT~1\PROC\p18f4550.asm
                  PREINC2   0x000fdc       data     extern C:\MCC18\SRC\TRADIT~1\PROC\p18f4550.asm
                     PROD   0x000ff3       data     extern C:\MCC18\SRC\TRADIT~1\PROC\p18f4550.asm
                    PRODH   0x000ff4       data     extern C:\MCC18\SRC\TRADIT~1\PROC\p18f4550.asm
                    PRODL   0x000ff3       data     extern C:\MCC18\SRC\TRADIT~1\PROC\p18f4550.asm
                     RCON   0x000fd0       data     extern C:\MCC18\SRC\TRADIT~1\PROC\p18f4550.asm
                 RCONbits   0x000fd0       data     extern C:\MCC18\SRC\TRADIT~1\PROC\p18f4550.asm
                    RCREG   0x000fae       data     extern C:\MCC18\SRC\TRADIT~1\PROC\p18f4550.asm
                    RCSTA   0x000fab       data     extern C:\MCC18\SRC\TRADIT~1\PROC\p18f4550.asm
                RCSTAbits   0x000fab       data     extern C:\MCC18\SRC\TRADIT~1\PROC\p18f4550.asm
                    Rd_Lb   0x00006f       data     extern E:\Programmeren\Anton_pendelbaan\State_Mchn.c
                    Rd_Lf   0x000070       data     extern E:\Programmeren\Anton_pendelbaan\State_Mchn.c
                    Rd_Rb   0x00006d       data     extern E:\Programmeren\Anton_pendelbaan\State_Mchn.c
                    Rd_Rf   0x00006e       data     extern E:\Programmeren\Anton_pendelbaan\State_Mchn.c
          Red_Led_Counter   0x000097       data     extern E:\Programmeren\Anton_pendelbaan\State_Mchn.c
  Reed_Contact_LB_Counter   0x00006a       data     extern E:\Programmeren\Anton_pendelbaan\State_Mchn.c
  Reed_Contact_LF_Counter   0x000069       data     extern E:\Programmeren\Anton_pendelbaan\State_Mchn.c
  Reed_Contact_RB_Counter   0x00006c       data     extern E:\Programmeren\Anton_pendelbaan\State_Mchn.c
  Reed_Contact_RF_Counter   0x00006b       data     extern E:\Programmeren\Anton_pendelbaan\State_Mchn.c
               Return_Val   0x0000a0       data     static E:\Programmeren\Anton_pendelbaan\State_Mchn.c
               Return_Val   0x0000a3       data     static E:\Programmeren\Anton_pendelbaan\State_Mchn.c
               Return_Val   0x00009d       data     static E:\Programmeren\Anton_pendelbaan\State_Mchn.c
               Return_Val   0x0000a6       data     static E:\Programmeren\Anton_pendelbaan\State_Mchn.c
               Return_Val   0x00009a       data     static E:\Programmeren\Anton_pendelbaan\State_Mchn.c
               Return_Val   0x000099       data     static E:\Programmeren\Anton_pendelbaan\State_Mchn.c
                     SIGN   0x000000       data     extern C:\MCC18\SRC\TRADIT~1\MATH\cmath18.asm
                    SPBRG   0x000faf       data     extern C:\MCC18\SRC\TRADIT~1\PROC\p18f4550.asm
                   SPBRGH   0x000fb0       data     extern C:\MCC18\SRC\TRADIT~1\PROC\p18f4550.asm
                   SPPCFG   0x000f63       data     extern C:\MCC18\SRC\TRADIT~1\PROC\p18f4550.asm
               SPPCFGbits   0x000f63       data     extern C:\MCC18\SRC\TRADIT~1\PROC\p18f4550.asm
                   SPPCON   0x000f65       data     extern C:\MCC18\SRC\TRADIT~1\PROC\p18f4550.asm
               SPPCONbits   0x000f65       data     extern C:\MCC18\SRC\TRADIT~1\PROC\p18f4550.asm
                  SPPDATA   0x000f62       data     extern C:\MCC18\SRC\TRADIT~1\PROC\p18f4550.asm
                   SPPEPS   0x000f64       data     extern C:\MCC18\SRC\TRADIT~1\PROC\p18f4550.asm
               SPPEPSbits   0x000f64       data     extern C:\MCC18\SRC\TRADIT~1\PROC\p18f4550.asm
                   SSPADD   0x000fc8       data     extern C:\MCC18\SRC\TRADIT~1\PROC\p18f4550.asm
                   SSPBUF   0x000fc9       data     extern C:\MCC18\SRC\TRADIT~1\PROC\p18f4550.asm
                  SSPCON1   0x000fc6       data     extern C:\MCC18\SRC\TRADIT~1\PROC\p18f4550.asm
              SSPCON1bits   0x000fc6       data     extern C:\MCC18\SRC\TRADIT~1\PROC\p18f4550.asm
                  SSPCON2   0x000fc5       data     extern C:\MCC18\SRC\TRADIT~1\PROC\p18f4550.asm
              SSPCON2bits   0x000fc5       data     extern C:\MCC18\SRC\TRADIT~1\PROC\p18f4550.asm
                  SSPSTAT   0x000fc7       data     extern C:\MCC18\SRC\TRADIT~1\PROC\p18f4550.asm
              SSPSTATbits   0x000fc7       data     extern C:\MCC18\SRC\TRADIT~1\PROC\p18f4550.asm
                   STATUS   0x000fd8       data     extern C:\MCC18\SRC\TRADIT~1\PROC\p18f4550.asm
               STATUSbits   0x000fd8       data     extern C:\MCC18\SRC\TRADIT~1\PROC\p18f4550.asm
                   STKPTR   0x000ffc       data     extern C:\MCC18\SRC\TRADIT~1\PROC\p18f4550.asm
               STKPTRbits   0x000ffc       data     extern C:\MCC18\SRC\TRADIT~1\PROC\p18f4550.asm
             Stop_Program   0x000084       data     extern E:\Programmeren\Anton_pendelbaan\State_Mchn.c
            Straight_Bend   0x0000b8       data     static E:\Programmeren\Anton_pendelbaan\State_Mchn.c
         Switch_Adjust_LB   0x00007f       data     extern E:\Programmeren\Anton_pendelbaan\State_Mchn.c
         Switch_Adjust_LF   0x000080       data     extern E:\Programmeren\Anton_pendelbaan\State_Mchn.c
         Switch_Adjust_RB   0x000081       data     extern E:\Programmeren\Anton_pendelbaan\State_Mchn.c
         Switch_Adjust_RF   0x000082       data     extern E:\Programmeren\Anton_pendelbaan\State_Mchn.c
              Switch_Init   0x000083       data     extern E:\Programmeren\Anton_pendelbaan\State_Mchn.c
          Switch_Junction   0x000062       data     extern E:\Programmeren\Anton_pendelbaan\State_Mchn.c
              Switch_Main   0x000064       data     extern E:\Programmeren\Anton_pendelbaan\State_Mchn.c
          Switch_Main_Old   0x000065       data     extern E:\Programmeren\Anton_pendelbaan\State_Mchn.c
           Switch_Program   0x000066       data     extern E:\Programmeren\Anton_pendelbaan\State_Mchn.c
       Switch_Program_Old   0x000067       data     extern E:\Programmeren\Anton_pendelbaan\State_Mchn.c
        Switch_Train_Move   0x000063       data     extern E:\Programmeren\Anton_pendelbaan\State_Mchn.c
        Switch_Train_Path   0x000068       data     extern E:\Programmeren\Anton_pendelbaan\State_Mchn.c
                    T0CON   0x000fd5       data     extern C:\MCC18\SRC\TRADIT~1\PROC\p18f4550.asm
                T0CONbits   0x000fd5       data     extern C:\MCC18\SRC\TRADIT~1\PROC\p18f4550.asm
                    T1CON   0x000fcd       data     extern C:\MCC18\SRC\TRADIT~1\PROC\p18f4550.asm
                T1CONbits   0x000fcd       data     extern C:\MCC18\SRC\TRADIT~1\PROC\p18f4550.asm
                    T2CON   0x000fca       data     extern C:\MCC18\SRC\TRADIT~1\PROC\p18f4550.asm
                T2CONbits   0x000fca       data     extern C:\MCC18\SRC\TRADIT~1\PROC\p18f4550.asm
                    T3CON   0x000fb1       data     extern C:\MCC18\SRC\TRADIT~1\PROC\p18f4550.asm
                T3CONbits   0x000fb1       data     extern C:\MCC18\SRC\TRADIT~1\PROC\p18f4550.asm
                   TABLAT   0x000ff5       data     extern C:\MCC18\SRC\TRADIT~1\PROC\p18f4550.asm
                   TBLPTR   0x000ff6       data     extern C:\MCC18\SRC\TRADIT~1\PROC\p18f4550.asm
                  TBLPTRH   0x000ff7       data     extern C:\MCC18\SRC\TRADIT~1\PROC\p18f4550.asm
                  TBLPTRL   0x000ff6       data     extern C:\MCC18\SRC\TRADIT~1\PROC\p18f4550.asm
                  TBLPTRU   0x000ff8       data     extern C:\MCC18\SRC\TRADIT~1\PROC\p18f4550.asm
                    TMR0H   0x000fd7       data     extern C:\MCC18\SRC\TRADIT~1\PROC\p18f4550.asm
                    TMR0L   0x000fd6       data     extern C:\MCC18\SRC\TRADIT~1\PROC\p18f4550.asm
                    TMR1H   0x000fcf       data     extern C:\MCC18\SRC\TRADIT~1\PROC\p18f4550.asm
                    TMR1L   0x000fce       data     extern C:\MCC18\SRC\TRADIT~1\PROC\p18f4550.asm
                     TMR2   0x000fcc       data     extern C:\MCC18\SRC\TRADIT~1\PROC\p18f4550.asm
                    TMR3H   0x000fb3       data     extern C:\MCC18\SRC\TRADIT~1\PROC\p18f4550.asm
                    TMR3L   0x000fb2       data     extern C:\MCC18\SRC\TRADIT~1\PROC\p18f4550.asm
                      TOS   0x000ffd       data     extern C:\MCC18\SRC\TRADIT~1\PROC\p18f4550.asm
                     TOSH   0x000ffe       data     extern C:\MCC18\SRC\TRADIT~1\PROC\p18f4550.asm
                     TOSL   0x000ffd       data     extern C:\MCC18\SRC\TRADIT~1\PROC\p18f4550.asm
                     TOSU   0x000fff       data     extern C:\MCC18\SRC\TRADIT~1\PROC\p18f4550.asm
                    TRISA   0x000f92       data     extern C:\MCC18\SRC\TRADIT~1\PROC\p18f4550.asm
                TRISAbits   0x000f92       data     extern C:\MCC18\SRC\TRADIT~1\PROC\p18f4550.asm
                    TRISB   0x000f93       data     extern C:\MCC18\SRC\TRADIT~1\PROC\p18f4550.asm
                TRISBbits   0x000f93       data     extern C:\MCC18\SRC\TRADIT~1\PROC\p18f4550.asm
                    TRISC   0x000f94       data     extern C:\MCC18\SRC\TRADIT~1\PROC\p18f4550.asm
                TRISCbits   0x000f94       data     extern C:\MCC18\SRC\TRADIT~1\PROC\p18f4550.asm
                    TRISD   0x000f95       data     extern C:\MCC18\SRC\TRADIT~1\PROC\p18f4550.asm
                TRISDbits   0x000f95       data     extern C:\MCC18\SRC\TRADIT~1\PROC\p18f4550.asm
                    TRISE   0x000f96       data     extern C:\MCC18\SRC\TRADIT~1\PROC\p18f4550.asm
                TRISEbits   0x000f96       data     extern C:\MCC18\SRC\TRADIT~1\PROC\p18f4550.asm
                    TXREG   0x000fad       data     extern C:\MCC18\SRC\TRADIT~1\PROC\p18f4550.asm
                    TXSTA   0x000fac       data     extern C:\MCC18\SRC\TRADIT~1\PROC\p18f4550.asm
                TXSTAbits   0x000fac       data     extern C:\MCC18\SRC\TRADIT~1\PROC\p18f4550.asm
                       To   0x0000b6       data     static E:\Programmeren\Anton_pendelbaan\State_Mchn.c
     Train_Move_Pwm_Count   0x00008f       data     extern E:\Programmeren\Anton_pendelbaan\State_Mchn.c
Train_Move_Pwm_Fast_Count   0x000091       data     extern E:\Programmeren\Anton_pendelbaan\State_Mchn.c
     Train_Move_Wait_Time   0x0000a1       data     static E:\Programmeren\Anton_pendelbaan\State_Mchn.c
     Train_Move_Wait_Time   0x00009e       data     static E:\Programmeren\Anton_pendelbaan\State_Mchn.c
     Train_Move_Wait_Time   0x00009b       data     static E:\Programmeren\Anton_pendelbaan\State_Mchn.c
     Train_Move_Wait_Time   0x0000a4       data     static E:\Programmeren\Anton_pendelbaan\State_Mchn.c
               Train_Pos1   0x000085       data     extern E:\Programmeren\Anton_pendelbaan\State_Mchn.c
               Train_Pos2   0x000086       data     extern E:\Programmeren\Anton_pendelbaan\State_Mchn.c
                    UADDR   0x000f6e       data     extern C:\MCC18\SRC\TRADIT~1\PROC\p18f4550.asm
                UADDRbits   0x000f6e       data     extern C:\MCC18\SRC\TRADIT~1\PROC\p18f4550.asm
                     UCFG   0x000f6f       data     extern C:\MCC18\SRC\TRADIT~1\PROC\p18f4550.asm
                 UCFGbits   0x000f6f       data     extern C:\MCC18\SRC\TRADIT~1\PROC\p18f4550.asm
                     UCON   0x000f6d       data     extern C:\MCC18\SRC\TRADIT~1\PROC\p18f4550.asm
                 UCONbits   0x000f6d       data     extern C:\MCC18\SRC\TRADIT~1\PROC\p18f4550.asm
                     UEIE   0x000f6b       data     extern C:\MCC18\SRC\TRADIT~1\PROC\p18f4550.asm
                 UEIEbits   0x000f6b       data     extern C:\MCC18\SRC\TRADIT~1\PROC\p18f4550.asm
                     UEIR   0x000f6a       data     extern C:\MCC18\SRC\TRADIT~1\PROC\p18f4550.asm
                 UEIRbits   0x000f6a       data     extern C:\MCC18\SRC\TRADIT~1\PROC\p18f4550.asm
                     UEP0   0x000f70       data     extern C:\MCC18\SRC\TRADIT~1\PROC\p18f4550.asm
                 UEP0bits   0x000f70       data     extern C:\MCC18\SRC\TRADIT~1\PROC\p18f4550.asm
                     UEP1   0x000f71       data     extern C:\MCC18\SRC\TRADIT~1\PROC\p18f4550.asm
                    UEP10   0x000f7a       data     extern C:\MCC18\SRC\TRADIT~1\PROC\p18f4550.asm
                UEP10bits   0x000f7a       data     extern C:\MCC18\SRC\TRADIT~1\PROC\p18f4550.asm
                    UEP11   0x000f7b       data     extern C:\MCC18\SRC\TRADIT~1\PROC\p18f4550.asm
                UEP11bits   0x000f7b       data     extern C:\MCC18\SRC\TRADIT~1\PROC\p18f4550.asm
                    UEP12   0x000f7c       data     extern C:\MCC18\SRC\TRADIT~1\PROC\p18f4550.asm
                UEP12bits   0x000f7c       data     extern C:\MCC18\SRC\TRADIT~1\PROC\p18f4550.asm
                    UEP13   0x000f7d       data     extern C:\MCC18\SRC\TRADIT~1\PROC\p18f4550.asm
                UEP13bits   0x000f7d       data     extern C:\MCC18\SRC\TRADIT~1\PROC\p18f4550.asm
                    UEP14   0x000f7e       data     extern C:\MCC18\SRC\TRADIT~1\PROC\p18f4550.asm
                UEP14bits   0x000f7e       data     extern C:\MCC18\SRC\TRADIT~1\PROC\p18f4550.asm
                    UEP15   0x000f7f       data     extern C:\MCC18\SRC\TRADIT~1\PROC\p18f4550.asm
                UEP15bits   0x000f7f       data     extern C:\MCC18\SRC\TRADIT~1\PROC\p18f4550.asm
                 UEP1bits   0x000f71       data     extern C:\MCC18\SRC\TRADIT~1\PROC\p18f4550.asm
                     UEP2   0x000f72       data     extern C:\MCC18\SRC\TRADIT~1\PROC\p18f4550.asm
                 UEP2bits   0x000f72       data     extern C:\MCC18\SRC\TRADIT~1\PROC\p18f4550.asm
                     UEP3   0x000f73       data     extern C:\MCC18\SRC\TRADIT~1\PROC\p18f4550.asm
                 UEP3bits   0x000f73       data     extern C:\MCC18\SRC\TRADIT~1\PROC\p18f4550.asm
                     UEP4   0x000f74       data     extern C:\MCC18\SRC\TRADIT~1\PROC\p18f4550.asm
                 UEP4bits   0x000f74       data     extern C:\MCC18\SRC\TRADIT~1\PROC\p18f4550.asm
                     UEP5   0x000f75       data     extern C:\MCC18\SRC\TRADIT~1\PROC\p18f4550.asm
                 UEP5bits   0x000f75       data     extern C:\MCC18\SRC\TRADIT~1\PROC\p18f4550.asm
                     UEP6   0x000f76       data     extern C:\MCC18\SRC\TRADIT~1\PROC\p18f4550.asm
                 UEP6bits   0x000f76       data     extern C:\MCC18\SRC\TRADIT~1\PROC\p18f4550.asm
                     UEP7   0x000f77       data     extern C:\MCC18\SRC\TRADIT~1\PROC\p18f4550.asm
                 UEP7bits   0x000f77       data     extern C:\MCC18\SRC\TRADIT~1\PROC\p18f4550.asm
                     UEP8   0x000f78       data     extern C:\MCC18\SRC\TRADIT~1\PROC\p18f4550.asm
                 UEP8bits   0x000f78       data     extern C:\MCC18\SRC\TRADIT~1\PROC\p18f4550.asm
                     UEP9   0x000f79       data     extern C:\MCC18\SRC\TRADIT~1\PROC\p18f4550.asm
                 UEP9bits   0x000f79       data     extern C:\MCC18\SRC\TRADIT~1\PROC\p18f4550.asm
                     UFRM   0x000f66       data     extern C:\MCC18\SRC\TRADIT~1\PROC\p18f4550.asm
                    UFRMH   0x000f67       data     extern C:\MCC18\SRC\TRADIT~1\PROC\p18f4550.asm
                    UFRML   0x000f66       data     extern C:\MCC18\SRC\TRADIT~1\PROC\p18f4550.asm
                      UIE   0x000f69       data     extern C:\MCC18\SRC\TRADIT~1\PROC\p18f4550.asm
                  UIEbits   0x000f69       data     extern C:\MCC18\SRC\TRADIT~1\PROC\p18f4550.asm
                      UIR   0x000f68       data     extern C:\MCC18\SRC\TRADIT~1\PROC\p18f4550.asm
                  UIRbits   0x000f68       data     extern C:\MCC18\SRC\TRADIT~1\PROC\p18f4550.asm
                    USTAT   0x000f6c       data     extern C:\MCC18\SRC\TRADIT~1\PROC\p18f4550.asm
                USTATbits   0x000f6c       data     extern C:\MCC18\SRC\TRADIT~1\PROC\p18f4550.asm
     Update_State_Machine   0x0000b9       data     extern E:\Programmeren\Anton_pendelbaan\Main.c
                   WDTCON   0x000fd1       data     extern C:\MCC18\SRC\TRADIT~1\PROC\p18f4550.asm
               WDTCONbits   0x000fd1       data     extern C:\MCC18\SRC\TRADIT~1\PROC\p18f4550.asm
                     WREG   0x000fe8       data     extern C:\MCC18\SRC\TRADIT~1\PROC\p18f4550.asm
            __Green_Led:0   0x0000b3       data     static E:\Programmeren\Anton_pendelbaan\State_Mchn.c
             __Junction:0   0x0000b7       data     static E:\Programmeren\Anton_pendelbaan\State_Mchn.c
             __Junction:1   0x0000b8       data     static E:\Programmeren\Anton_pendelbaan\State_Mchn.c
              __Red_Led:0   0x0000b4       data     static E:\Programmeren\Anton_pendelbaan\State_Mchn.c
           __Train_Path:0   0x0000b5       data     static E:\Programmeren\Anton_pendelbaan\State_Mchn.c
           __Train_Path:1   0x0000b6       data     static E:\Programmeren\Anton_pendelbaan\State_Mchn.c
                  __tmp_0   0x000002       data     static C:\MCC18\src\TRADIT~1\pmc\PWM\pw1setdc.c
                  __tmp_0   0x000002       data     static E:\Programmeren\Anton_pendelbaan\State_Mchn.c
                curr_byte   0x0000ac       data     static C:\MCC18\src\traditional\startup\c018i.c
               curr_entry   0x0000ae       data     static C:\MCC18\src\traditional\startup\c018i.c
                 data_ptr   0x0000b0       data     static C:\MCC18\src\traditional\startup\c018i.c
                     prom   0x0000a9       data     static C:\MCC18\src\traditional\startup\c018i.c



                              Symbols - Sorted by Address
                     Name    Address   Location    Storage File                     
                ---------  ---------  ---------  --------- ---------                
                   _entry   0x000000    program     extern C:\MCC18\src\traditional\startup\c018i.c
       ___return_lbl00000   0x000004    program     static                          
 interrupt_at_high_vector   0x000008    program     extern E:\Programmeren\Anton_pendelbaan\Main.c
       ___return_lbl00004   0x00000c    program     static                          
         Update_StateMchn   0x000044    program     extern E:\Programmeren\Anton_pendelbaan\State_Mchn.c
       ___case_2_lbl00265   0x000b8e    program     static                          
      ___default_lbl00314   0x000e3e    program     static                          
                Green_Led   0x000e42    program     static E:\Programmeren\Anton_pendelbaan\State_Mchn.c
                  Red_Led   0x000ec0    program     static E:\Programmeren\Anton_pendelbaan\State_Mchn.c
               Train_Path   0x000f3e    program     static E:\Programmeren\Anton_pendelbaan\State_Mchn.c
    Train_Move_Left_Start   0x001256    program     static E:\Programmeren\Anton_pendelbaan\State_Mchn.c
    Train_Move_Left_Brake   0x001354    program     static E:\Programmeren\Anton_pendelbaan\State_Mchn.c
   Train_Move_Right_Start   0x001456    program     static E:\Programmeren\Anton_pendelbaan\State_Mchn.c
   Train_Move_Right_Brake   0x001554    program     static E:\Programmeren\Anton_pendelbaan\State_Mchn.c
                 Junction   0x001658    program     static E:\Programmeren\Anton_pendelbaan\State_Mchn.c
          Debounce_Inputs   0x001708    program     static E:\Programmeren\Anton_pendelbaan\State_Mchn.c
             Eeprom_Store   0x001954    program     static E:\Programmeren\Anton_pendelbaan\State_Mchn.c
                     main   0x001a2a    program     extern E:\Programmeren\Anton_pendelbaan\Main.c
                 high_isr   0x001a84    program     extern E:\Programmeren\Anton_pendelbaan\Main.c
              Init_Timers   0x001aa4    program     static E:\Programmeren\Anton_pendelbaan\Main.c
                 Init_Pwm   0x001ab8    program     static E:\Programmeren\Anton_pendelbaan\Main.c
                _do_cinit   0x001ace    program     extern C:\MCC18\src\traditional\startup\c018i.c
                     test   0x001ae8    program     static                          
                copy_loop   0x001b40    program     static                          
            copy_one_byte   0x001b46    program     static                          
             done_copying   0x001b54    program     static                          
       ___return_lbl00002   0x001b6a    program     static                          
                     done   0x001b6a    program     static                          
                SetDCPWM1   0x001b6c    program     extern C:\MCC18\src\TRADIT~1\pmc\PWM\pw1setdc.c
                 _startup   0x001bca    program     extern C:\MCC18\src\traditional\startup\c018i.c
                     loop   0x001bda    program     static                          
       ___return_lbl00001   0x001be0    program     static                          
               __config_0   0x300000    program     static E:\Programmeren\Anton_pendelbaan\Main.c
               __config_1   0x300001    program     static E:\Programmeren\Anton_pendelbaan\Main.c
               __config_2   0x300002    program     static E:\Programmeren\Anton_pendelbaan\Main.c
               __config_3   0x300003    program     static E:\Programmeren\Anton_pendelbaan\Main.c
               __config_4   0x300005    program     static E:\Programmeren\Anton_pendelbaan\Main.c
               __config_5   0x300006    program     static E:\Programmeren\Anton_pendelbaan\Main.c
               __config_6   0x300008    program     static E:\Programmeren\Anton_pendelbaan\Main.c
               __config_7   0x300009    program     static E:\Programmeren\Anton_pendelbaan\Main.c
               __config_8   0x30000a    program     static E:\Programmeren\Anton_pendelbaan\Main.c
               __config_9   0x30000b    program     static E:\Programmeren\Anton_pendelbaan\Main.c
              __config_10   0x30000c    program     static E:\Programmeren\Anton_pendelbaan\Main.c
              __config_11   0x30000d    program     static E:\Programmeren\Anton_pendelbaan\Main.c
                     SIGN   0x000000       data     extern C:\MCC18\SRC\TRADIT~1\MATH\cmath18.asm
                  FPFLAGS   0x000001       data     extern C:\MCC18\SRC\TRADIT~1\MATH\cmath18.asm
              FPFLAGSbits   0x000001       data     extern C:\MCC18\SRC\TRADIT~1\MATH\cmath18.asm
                  __tmp_0   0x000002       data     static E:\Programmeren\Anton_pendelbaan\State_Mchn.c
                  __tmp_0   0x000002       data     static C:\MCC18\src\TRADIT~1\pmc\PWM\pw1setdc.c
         MaxJerkPwm_Brake   0x000060       data     extern E:\Programmeren\Anton_pendelbaan\State_Mchn.c
     MaxJerkPwm_Brake_Old   0x000061       data     extern E:\Programmeren\Anton_pendelbaan\State_Mchn.c
          Switch_Junction   0x000062       data     extern E:\Programmeren\Anton_pendelbaan\State_Mchn.c
        Switch_Train_Move   0x000063       data     extern E:\Programmeren\Anton_pendelbaan\State_Mchn.c
              Switch_Main   0x000064       data     extern E:\Programmeren\Anton_pendelbaan\State_Mchn.c
          Switch_Main_Old   0x000065       data     extern E:\Programmeren\Anton_pendelbaan\State_Mchn.c
           Switch_Program   0x000066       data     extern E:\Programmeren\Anton_pendelbaan\State_Mchn.c
       Switch_Program_Old   0x000067       data     extern E:\Programmeren\Anton_pendelbaan\State_Mchn.c
        Switch_Train_Path   0x000068       data     extern E:\Programmeren\Anton_pendelbaan\State_Mchn.c
  Reed_Contact_LF_Counter   0x000069       data     extern E:\Programmeren\Anton_pendelbaan\State_Mchn.c
  Reed_Contact_LB_Counter   0x00006a       data     extern E:\Programmeren\Anton_pendelbaan\State_Mchn.c
  Reed_Contact_RF_Counter   0x00006b       data     extern E:\Programmeren\Anton_pendelbaan\State_Mchn.c
  Reed_Contact_RB_Counter   0x00006c       data     extern E:\Programmeren\Anton_pendelbaan\State_Mchn.c
                    Rd_Rb   0x00006d       data     extern E:\Programmeren\Anton_pendelbaan\State_Mchn.c
                    Rd_Rf   0x00006e       data     extern E:\Programmeren\Anton_pendelbaan\State_Mchn.c
                    Rd_Lb   0x00006f       data     extern E:\Programmeren\Anton_pendelbaan\State_Mchn.c
                    Rd_Lf   0x000070       data     extern E:\Programmeren\Anton_pendelbaan\State_Mchn.c
Button_Contact_Counter_Start   0x000071       data     extern E:\Programmeren\Anton_pendelbaan\State_Mchn.c
Button_Contact_Counter_Stop   0x000072       data     extern E:\Programmeren\Anton_pendelbaan\State_Mchn.c
Button_Contact_Counter_Middle   0x000073       data     extern E:\Programmeren\Anton_pendelbaan\State_Mchn.c
Button_Contact_Counter_LB   0x000074       data     extern E:\Programmeren\Anton_pendelbaan\State_Mchn.c
Button_Contact_Counter_LF   0x000075       data     extern E:\Programmeren\Anton_pendelbaan\State_Mchn.c
Button_Contact_Counter_RB   0x000076       data     extern E:\Programmeren\Anton_pendelbaan\State_Mchn.c
Button_Contact_Counter_RF   0x000077       data     extern E:\Programmeren\Anton_pendelbaan\State_Mchn.c
             Button_Start   0x000078       data     extern E:\Programmeren\Anton_pendelbaan\State_Mchn.c
              Button_Stop   0x000079       data     extern E:\Programmeren\Anton_pendelbaan\State_Mchn.c
            Button_Middle   0x00007a       data     extern E:\Programmeren\Anton_pendelbaan\State_Mchn.c
                Button_LB   0x00007b       data     extern E:\Programmeren\Anton_pendelbaan\State_Mchn.c
                Button_LF   0x00007c       data     extern E:\Programmeren\Anton_pendelbaan\State_Mchn.c
                Button_RB   0x00007d       data     extern E:\Programmeren\Anton_pendelbaan\State_Mchn.c
                Button_RF   0x00007e       data     extern E:\Programmeren\Anton_pendelbaan\State_Mchn.c
         Switch_Adjust_LB   0x00007f       data     extern E:\Programmeren\Anton_pendelbaan\State_Mchn.c
         Switch_Adjust_LF   0x000080       data     extern E:\Programmeren\Anton_pendelbaan\State_Mchn.c
         Switch_Adjust_RB   0x000081       data     extern E:\Programmeren\Anton_pendelbaan\State_Mchn.c
         Switch_Adjust_RF   0x000082       data     extern E:\Programmeren\Anton_pendelbaan\State_Mchn.c
              Switch_Init   0x000083       data     extern E:\Programmeren\Anton_pendelbaan\State_Mchn.c
             Stop_Program   0x000084       data     extern E:\Programmeren\Anton_pendelbaan\State_Mchn.c
               Train_Pos1   0x000085       data     extern E:\Programmeren\Anton_pendelbaan\State_Mchn.c
               Train_Pos2   0x000086       data     extern E:\Programmeren\Anton_pendelbaan\State_Mchn.c
              MaxPwmRight   0x000087       data     extern E:\Programmeren\Anton_pendelbaan\State_Mchn.c
          MaxPwmRight_Old   0x000089       data     extern E:\Programmeren\Anton_pendelbaan\State_Mchn.c
               MaxPwmLeft   0x00008b       data     extern E:\Programmeren\Anton_pendelbaan\State_Mchn.c
           MaxPwmLeft_Old   0x00008d       data     extern E:\Programmeren\Anton_pendelbaan\State_Mchn.c
     Train_Move_Pwm_Count   0x00008f       data     extern E:\Programmeren\Anton_pendelbaan\State_Mchn.c
Train_Move_Pwm_Fast_Count   0x000091       data     extern E:\Programmeren\Anton_pendelbaan\State_Mchn.c
           Adjust_Counter   0x000093       data     extern E:\Programmeren\Anton_pendelbaan\State_Mchn.c
        Green_Led_Counter   0x000095       data     extern E:\Programmeren\Anton_pendelbaan\State_Mchn.c
          Red_Led_Counter   0x000097       data     extern E:\Programmeren\Anton_pendelbaan\State_Mchn.c
               Return_Val   0x000099       data     static E:\Programmeren\Anton_pendelbaan\State_Mchn.c
               Return_Val   0x00009a       data     static E:\Programmeren\Anton_pendelbaan\State_Mchn.c
     Train_Move_Wait_Time   0x00009b       data     static E:\Programmeren\Anton_pendelbaan\State_Mchn.c
               Return_Val   0x00009d       data     static E:\Programmeren\Anton_pendelbaan\State_Mchn.c
     Train_Move_Wait_Time   0x00009e       data     static E:\Programmeren\Anton_pendelbaan\State_Mchn.c
               Return_Val   0x0000a0       data     static E:\Programmeren\Anton_pendelbaan\State_Mchn.c
     Train_Move_Wait_Time   0x0000a1       data     static E:\Programmeren\Anton_pendelbaan\State_Mchn.c
               Return_Val   0x0000a3       data     static E:\Programmeren\Anton_pendelbaan\State_Mchn.c
     Train_Move_Wait_Time   0x0000a4       data     static E:\Programmeren\Anton_pendelbaan\State_Mchn.c
               Return_Val   0x0000a6       data     static E:\Programmeren\Anton_pendelbaan\State_Mchn.c
     Junction_Switch_Time   0x0000a7       data     static E:\Programmeren\Anton_pendelbaan\State_Mchn.c
                     prom   0x0000a9       data     static C:\MCC18\src\traditional\startup\c018i.c
                curr_byte   0x0000ac       data     static C:\MCC18\src\traditional\startup\c018i.c
               curr_entry   0x0000ae       data     static C:\MCC18\src\traditional\startup\c018i.c
                 data_ptr   0x0000b0       data     static C:\MCC18\src\traditional\startup\c018i.c
                Operation   0x0000b3       data     static E:\Programmeren\Anton_pendelbaan\State_Mchn.c
            __Green_Led:0   0x0000b3       data     static E:\Programmeren\Anton_pendelbaan\State_Mchn.c
                Operation   0x0000b4       data     static E:\Programmeren\Anton_pendelbaan\State_Mchn.c
              __Red_Led:0   0x0000b4       data     static E:\Programmeren\Anton_pendelbaan\State_Mchn.c
           __Train_Path:0   0x0000b5       data     static E:\Programmeren\Anton_pendelbaan\State_Mchn.c
                     From   0x0000b5       data     static E:\Programmeren\Anton_pendelbaan\State_Mchn.c
                       To   0x0000b6       data     static E:\Programmeren\Anton_pendelbaan\State_Mchn.c
           __Train_Path:1   0x0000b6       data     static E:\Programmeren\Anton_pendelbaan\State_Mchn.c
               Left_Right   0x0000b7       data     static E:\Programmeren\Anton_pendelbaan\State_Mchn.c
             __Junction:0   0x0000b7       data     static E:\Programmeren\Anton_pendelbaan\State_Mchn.c
            Straight_Bend   0x0000b8       data     static E:\Programmeren\Anton_pendelbaan\State_Mchn.c
             __Junction:1   0x0000b8       data     static E:\Programmeren\Anton_pendelbaan\State_Mchn.c
     Update_State_Machine   0x0000b9       data     extern E:\Programmeren\Anton_pendelbaan\Main.c
                  SPPDATA   0x000f62       data     extern C:\MCC18\SRC\TRADIT~1\PROC\p18f4550.asm
               SPPCFGbits   0x000f63       data     extern C:\MCC18\SRC\TRADIT~1\PROC\p18f4550.asm
                   SPPCFG   0x000f63       data     extern C:\MCC18\SRC\TRADIT~1\PROC\p18f4550.asm
               SPPEPSbits   0x000f64       data     extern C:\MCC18\SRC\TRADIT~1\PROC\p18f4550.asm
                   SPPEPS   0x000f64       data     extern C:\MCC18\SRC\TRADIT~1\PROC\p18f4550.asm
               SPPCONbits   0x000f65       data     extern C:\MCC18\SRC\TRADIT~1\PROC\p18f4550.asm
                   SPPCON   0x000f65       data     extern C:\MCC18\SRC\TRADIT~1\PROC\p18f4550.asm
                     UFRM   0x000f66       data     extern C:\MCC18\SRC\TRADIT~1\PROC\p18f4550.asm
                    UFRML   0x000f66       data     extern C:\MCC18\SRC\TRADIT~1\PROC\p18f4550.asm
                    UFRMH   0x000f67       data     extern C:\MCC18\SRC\TRADIT~1\PROC\p18f4550.asm
                  UIRbits   0x000f68       data     extern C:\MCC18\SRC\TRADIT~1\PROC\p18f4550.asm
                      UIR   0x000f68       data     extern C:\MCC18\SRC\TRADIT~1\PROC\p18f4550.asm
                      UIE   0x000f69       data     extern C:\MCC18\SRC\TRADIT~1\PROC\p18f4550.asm
                  UIEbits   0x000f69       data     extern C:\MCC18\SRC\TRADIT~1\PROC\p18f4550.asm
                 UEIRbits   0x000f6a       data     extern C:\MCC18\SRC\TRADIT~1\PROC\p18f4550.asm
                     UEIR   0x000f6a       data     extern C:\MCC18\SRC\TRADIT~1\PROC\p18f4550.asm
                 UEIEbits   0x000f6b       data     extern C:\MCC18\SRC\TRADIT~1\PROC\p18f4550.asm
                     UEIE   0x000f6b       data     extern C:\MCC18\SRC\TRADIT~1\PROC\p18f4550.asm
                    USTAT   0x000f6c       data     extern C:\MCC18\SRC\TRADIT~1\PROC\p18f4550.asm
                USTATbits   0x000f6c       data     extern C:\MCC18\SRC\TRADIT~1\PROC\p18f4550.asm
                 UCONbits   0x000f6d       data     extern C:\MCC18\SRC\TRADIT~1\PROC\p18f4550.asm
                     UCON   0x000f6d       data     extern C:\MCC18\SRC\TRADIT~1\PROC\p18f4550.asm
                UADDRbits   0x000f6e       data     extern C:\MCC18\SRC\TRADIT~1\PROC\p18f4550.asm
                    UADDR   0x000f6e       data     extern C:\MCC18\SRC\TRADIT~1\PROC\p18f4550.asm
                 UCFGbits   0x000f6f       data     extern C:\MCC18\SRC\TRADIT~1\PROC\p18f4550.asm
                     UCFG   0x000f6f       data     extern C:\MCC18\SRC\TRADIT~1\PROC\p18f4550.asm
                 UEP0bits   0x000f70       data     extern C:\MCC18\SRC\TRADIT~1\PROC\p18f4550.asm
                     UEP0   0x000f70       data     extern C:\MCC18\SRC\TRADIT~1\PROC\p18f4550.asm
                 UEP1bits   0x000f71       data     extern C:\MCC18\SRC\TRADIT~1\PROC\p18f4550.asm
                     UEP1   0x000f71       data     extern C:\MCC18\SRC\TRADIT~1\PROC\p18f4550.asm
                     UEP2   0x000f72       data     extern C:\MCC18\SRC\TRADIT~1\PROC\p18f4550.asm
                 UEP2bits   0x000f72       data     extern C:\MCC18\SRC\TRADIT~1\PROC\p18f4550.asm
                     UEP3   0x000f73       data     extern C:\MCC18\SRC\TRADIT~1\PROC\p18f4550.asm
                 UEP3bits   0x000f73       data     extern C:\MCC18\SRC\TRADIT~1\PROC\p18f4550.asm
                     UEP4   0x000f74       data     extern C:\MCC18\SRC\TRADIT~1\PROC\p18f4550.asm
                 UEP4bits   0x000f74       data     extern C:\MCC18\SRC\TRADIT~1\PROC\p18f4550.asm
                 UEP5bits   0x000f75       data     extern C:\MCC18\SRC\TRADIT~1\PROC\p18f4550.asm
                     UEP5   0x000f75       data     extern C:\MCC18\SRC\TRADIT~1\PROC\p18f4550.asm
                 UEP6bits   0x000f76       data     extern C:\MCC18\SRC\TRADIT~1\PROC\p18f4550.asm
                     UEP6   0x000f76       data     extern C:\MCC18\SRC\TRADIT~1\PROC\p18f4550.asm
                 UEP7bits   0x000f77       data     extern C:\MCC18\SRC\TRADIT~1\PROC\p18f4550.asm
                     UEP7   0x000f77       data     extern C:\MCC18\SRC\TRADIT~1\PROC\p18f4550.asm
                     UEP8   0x000f78       data     extern C:\MCC18\SRC\TRADIT~1\PROC\p18f4550.asm
                 UEP8bits   0x000f78       data     extern C:\MCC18\SRC\TRADIT~1\PROC\p18f4550.asm
                     UEP9   0x000f79       data     extern C:\MCC18\SRC\TRADIT~1\PROC\p18f4550.asm
                 UEP9bits   0x000f79       data     extern C:\MCC18\SRC\TRADIT~1\PROC\p18f4550.asm
                UEP10bits   0x000f7a       data     extern C:\MCC18\SRC\TRADIT~1\PROC\p18f4550.asm
                    UEP10   0x000f7a       data     extern C:\MCC18\SRC\TRADIT~1\PROC\p18f4550.asm
                    UEP11   0x000f7b       data     extern C:\MCC18\SRC\TRADIT~1\PROC\p18f4550.asm
                UEP11bits   0x000f7b       data     extern C:\MCC18\SRC\TRADIT~1\PROC\p18f4550.asm
                UEP12bits   0x000f7c       data     extern C:\MCC18\SRC\TRADIT~1\PROC\p18f4550.asm
                    UEP12   0x000f7c       data     extern C:\MCC18\SRC\TRADIT~1\PROC\p18f4550.asm
                UEP13bits   0x000f7d       data     extern C:\MCC18\SRC\TRADIT~1\PROC\p18f4550.asm
                    UEP13   0x000f7d       data     extern C:\MCC18\SRC\TRADIT~1\PROC\p18f4550.asm
                    UEP14   0x000f7e       data     extern C:\MCC18\SRC\TRADIT~1\PROC\p18f4550.asm
                UEP14bits   0x000f7e       data     extern C:\MCC18\SRC\TRADIT~1\PROC\p18f4550.asm
                    UEP15   0x000f7f       data     extern C:\MCC18\SRC\TRADIT~1\PROC\p18f4550.asm
                UEP15bits   0x000f7f       data     extern C:\MCC18\SRC\TRADIT~1\PROC\p18f4550.asm
                PORTAbits   0x000f80       data     extern C:\MCC18\SRC\TRADIT~1\PROC\p18f4550.asm
                    PORTA   0x000f80       data     extern C:\MCC18\SRC\TRADIT~1\PROC\p18f4550.asm
                    PORTB   0x000f81       data     extern C:\MCC18\SRC\TRADIT~1\PROC\p18f4550.asm
                PORTBbits   0x000f81       data     extern C:\MCC18\SRC\TRADIT~1\PROC\p18f4550.asm
                    PORTC   0x000f82       data     extern C:\MCC18\SRC\TRADIT~1\PROC\p18f4550.asm
                PORTCbits   0x000f82       data     extern C:\MCC18\SRC\TRADIT~1\PROC\p18f4550.asm
                    PORTD   0x000f83       data     extern C:\MCC18\SRC\TRADIT~1\PROC\p18f4550.asm
                PORTDbits   0x000f83       data     extern C:\MCC18\SRC\TRADIT~1\PROC\p18f4550.asm
                    PORTE   0x000f84       data     extern C:\MCC18\SRC\TRADIT~1\PROC\p18f4550.asm
                PORTEbits   0x000f84       data     extern C:\MCC18\SRC\TRADIT~1\PROC\p18f4550.asm
                     LATA   0x000f89       data     extern C:\MCC18\SRC\TRADIT~1\PROC\p18f4550.asm
                 LATAbits   0x000f89       data     extern C:\MCC18\SRC\TRADIT~1\PROC\p18f4550.asm
                     LATB   0x000f8a       data     extern C:\MCC18\SRC\TRADIT~1\PROC\p18f4550.asm
                 LATBbits   0x000f8a       data     extern C:\MCC18\SRC\TRADIT~1\PROC\p18f4550.asm
                 LATCbits   0x000f8b       data     extern C:\MCC18\SRC\TRADIT~1\PROC\p18f4550.asm
                     LATC   0x000f8b       data     extern C:\MCC18\SRC\TRADIT~1\PROC\p18f4550.asm
                 LATDbits   0x000f8c       data     extern C:\MCC18\SRC\TRADIT~1\PROC\p18f4550.asm
                     LATD   0x000f8c       data     extern C:\MCC18\SRC\TRADIT~1\PROC\p18f4550.asm
                     LATE   0x000f8d       data     extern C:\MCC18\SRC\TRADIT~1\PROC\p18f4550.asm
                 LATEbits   0x000f8d       data     extern C:\MCC18\SRC\TRADIT~1\PROC\p18f4550.asm
                     DDRA   0x000f92       data     extern C:\MCC18\SRC\TRADIT~1\PROC\p18f4550.asm
                 DDRAbits   0x000f92       data     extern C:\MCC18\SRC\TRADIT~1\PROC\p18f4550.asm
                    TRISA   0x000f92       data     extern C:\MCC18\SRC\TRADIT~1\PROC\p18f4550.asm
                TRISAbits   0x000f92       data     extern C:\MCC18\SRC\TRADIT~1\PROC\p18f4550.asm
                     DDRB   0x000f93       data     extern C:\MCC18\SRC\TRADIT~1\PROC\p18f4550.asm
                 DDRBbits   0x000f93       data     extern C:\MCC18\SRC\TRADIT~1\PROC\p18f4550.asm
                    TRISB   0x000f93       data     extern C:\MCC18\SRC\TRADIT~1\PROC\p18f4550.asm
                TRISBbits   0x000f93       data     extern C:\MCC18\SRC\TRADIT~1\PROC\p18f4550.asm
                 DDRCbits   0x000f94       data     extern C:\MCC18\SRC\TRADIT~1\PROC\p18f4550.asm
                     DDRC   0x000f94       data     extern C:\MCC18\SRC\TRADIT~1\PROC\p18f4550.asm
                TRISCbits   0x000f94       data     extern C:\MCC18\SRC\TRADIT~1\PROC\p18f4550.asm
                    TRISC   0x000f94       data     extern C:\MCC18\SRC\TRADIT~1\PROC\p18f4550.asm
                     DDRD   0x000f95       data     extern C:\MCC18\SRC\TRADIT~1\PROC\p18f4550.asm
                 DDRDbits   0x000f95       data     extern C:\MCC18\SRC\TRADIT~1\PROC\p18f4550.asm
                TRISDbits   0x000f95       data     extern C:\MCC18\SRC\TRADIT~1\PROC\p18f4550.asm
                    TRISD   0x000f95       data     extern C:\MCC18\SRC\TRADIT~1\PROC\p18f4550.asm
                TRISEbits   0x000f96       data     extern C:\MCC18\SRC\TRADIT~1\PROC\p18f4550.asm
                    TRISE   0x000f96       data     extern C:\MCC18\SRC\TRADIT~1\PROC\p18f4550.asm
                 DDREbits   0x000f96       data     extern C:\MCC18\SRC\TRADIT~1\PROC\p18f4550.asm
                     DDRE   0x000f96       data     extern C:\MCC18\SRC\TRADIT~1\PROC\p18f4550.asm
                  OSCTUNE   0x000f9b       data     extern C:\MCC18\SRC\TRADIT~1\PROC\p18f4550.asm
              OSCTUNEbits   0x000f9b       data     extern C:\MCC18\SRC\TRADIT~1\PROC\p18f4550.asm
                 PIE1bits   0x000f9d       data     extern C:\MCC18\SRC\TRADIT~1\PROC\p18f4550.asm
                     PIE1   0x000f9d       data     extern C:\MCC18\SRC\TRADIT~1\PROC\p18f4550.asm
                 PIR1bits   0x000f9e       data     extern C:\MCC18\SRC\TRADIT~1\PROC\p18f4550.asm
                     PIR1   0x000f9e       data     extern C:\MCC18\SRC\TRADIT~1\PROC\p18f4550.asm
                 IPR1bits   0x000f9f       data     extern C:\MCC18\SRC\TRADIT~1\PROC\p18f4550.asm
                     IPR1   0x000f9f       data     extern C:\MCC18\SRC\TRADIT~1\PROC\p18f4550.asm
                 PIE2bits   0x000fa0       data     extern C:\MCC18\SRC\TRADIT~1\PROC\p18f4550.asm
                     PIE2   0x000fa0       data     extern C:\MCC18\SRC\TRADIT~1\PROC\p18f4550.asm
                 PIR2bits   0x000fa1       data     extern C:\MCC18\SRC\TRADIT~1\PROC\p18f4550.asm
                     PIR2   0x000fa1       data     extern C:\MCC18\SRC\TRADIT~1\PROC\p18f4550.asm
                     IPR2   0x000fa2       data     extern C:\MCC18\SRC\TRADIT~1\PROC\p18f4550.asm
                 IPR2bits   0x000fa2       data     extern C:\MCC18\SRC\TRADIT~1\PROC\p18f4550.asm
                   EECON1   0x000fa6       data     extern C:\MCC18\SRC\TRADIT~1\PROC\p18f4550.asm
               EECON1bits   0x000fa6       data     extern C:\MCC18\SRC\TRADIT~1\PROC\p18f4550.asm
                   EECON2   0x000fa7       data     extern C:\MCC18\SRC\TRADIT~1\PROC\p18f4550.asm
                   EEDATA   0x000fa8       data     extern C:\MCC18\SRC\TRADIT~1\PROC\p18f4550.asm
                    EEADR   0x000fa9       data     extern C:\MCC18\SRC\TRADIT~1\PROC\p18f4550.asm
                RCSTAbits   0x000fab       data     extern C:\MCC18\SRC\TRADIT~1\PROC\p18f4550.asm
                    RCSTA   0x000fab       data     extern C:\MCC18\SRC\TRADIT~1\PROC\p18f4550.asm
                    TXSTA   0x000fac       data     extern C:\MCC18\SRC\TRADIT~1\PROC\p18f4550.asm
                TXSTAbits   0x000fac       data     extern C:\MCC18\SRC\TRADIT~1\PROC\p18f4550.asm
                    TXREG   0x000fad       data     extern C:\MCC18\SRC\TRADIT~1\PROC\p18f4550.asm
                    RCREG   0x000fae       data     extern C:\MCC18\SRC\TRADIT~1\PROC\p18f4550.asm
                    SPBRG   0x000faf       data     extern C:\MCC18\SRC\TRADIT~1\PROC\p18f4550.asm
                   SPBRGH   0x000fb0       data     extern C:\MCC18\SRC\TRADIT~1\PROC\p18f4550.asm
                T3CONbits   0x000fb1       data     extern C:\MCC18\SRC\TRADIT~1\PROC\p18f4550.asm
                    T3CON   0x000fb1       data     extern C:\MCC18\SRC\TRADIT~1\PROC\p18f4550.asm
                    TMR3L   0x000fb2       data     extern C:\MCC18\SRC\TRADIT~1\PROC\p18f4550.asm
                    TMR3H   0x000fb3       data     extern C:\MCC18\SRC\TRADIT~1\PROC\p18f4550.asm
                CMCONbits   0x000fb4       data     extern C:\MCC18\SRC\TRADIT~1\PROC\p18f4550.asm
                    CMCON   0x000fb4       data     extern C:\MCC18\SRC\TRADIT~1\PROC\p18f4550.asm
               CVRCONbits   0x000fb5       data     extern C:\MCC18\SRC\TRADIT~1\PROC\p18f4550.asm
                   CVRCON   0x000fb5       data     extern C:\MCC18\SRC\TRADIT~1\PROC\p18f4550.asm
              ECCP1ASbits   0x000fb6       data     extern C:\MCC18\SRC\TRADIT~1\PROC\p18f4550.asm
                  ECCP1AS   0x000fb6       data     extern C:\MCC18\SRC\TRADIT~1\PROC\p18f4550.asm
                   CCP1AS   0x000fb6       data     extern C:\MCC18\SRC\TRADIT~1\PROC\p18f4550.asm
               CCP1ASbits   0x000fb6       data     extern C:\MCC18\SRC\TRADIT~1\PROC\p18f4550.asm
                  CCP1DEL   0x000fb7       data     extern C:\MCC18\SRC\TRADIT~1\PROC\p18f4550.asm
              CCP1DELbits   0x000fb7       data     extern C:\MCC18\SRC\TRADIT~1\PROC\p18f4550.asm
             ECCP1DELbits   0x000fb7       data     extern C:\MCC18\SRC\TRADIT~1\PROC\p18f4550.asm
                 ECCP1DEL   0x000fb7       data     extern C:\MCC18\SRC\TRADIT~1\PROC\p18f4550.asm
                  BAUDCON   0x000fb8       data     extern C:\MCC18\SRC\TRADIT~1\PROC\p18f4550.asm
              BAUDCONbits   0x000fb8       data     extern C:\MCC18\SRC\TRADIT~1\PROC\p18f4550.asm
                  CCP2CON   0x000fba       data     extern C:\MCC18\SRC\TRADIT~1\PROC\p18f4550.asm
              CCP2CONbits   0x000fba       data     extern C:\MCC18\SRC\TRADIT~1\PROC\p18f4550.asm
                   CCPR2L   0x000fbb       data     extern C:\MCC18\SRC\TRADIT~1\PROC\p18f4550.asm
                    CCPR2   0x000fbb       data     extern C:\MCC18\SRC\TRADIT~1\PROC\p18f4550.asm
                   CCPR2H   0x000fbc       data     extern C:\MCC18\SRC\TRADIT~1\PROC\p18f4550.asm
                 ECCP1CON   0x000fbd       data     extern C:\MCC18\SRC\TRADIT~1\PROC\p18f4550.asm
                  CCP1CON   0x000fbd       data     extern C:\MCC18\SRC\TRADIT~1\PROC\p18f4550.asm
              CCP1CONbits   0x000fbd       data     extern C:\MCC18\SRC\TRADIT~1\PROC\p18f4550.asm
             ECCP1CONbits   0x000fbd       data     extern C:\MCC18\SRC\TRADIT~1\PROC\p18f4550.asm
                    CCPR1   0x000fbe       data     extern C:\MCC18\SRC\TRADIT~1\PROC\p18f4550.asm
                   CCPR1L   0x000fbe       data     extern C:\MCC18\SRC\TRADIT~1\PROC\p18f4550.asm
                   CCPR1H   0x000fbf       data     extern C:\MCC18\SRC\TRADIT~1\PROC\p18f4550.asm
               ADCON2bits   0x000fc0       data     extern C:\MCC18\SRC\TRADIT~1\PROC\p18f4550.asm
                   ADCON2   0x000fc0       data     extern C:\MCC18\SRC\TRADIT~1\PROC\p18f4550.asm
               ADCON1bits   0x000fc1       data     extern C:\MCC18\SRC\TRADIT~1\PROC\p18f4550.asm
                   ADCON1   0x000fc1       data     extern C:\MCC18\SRC\TRADIT~1\PROC\p18f4550.asm
               ADCON0bits   0x000fc2       data     extern C:\MCC18\SRC\TRADIT~1\PROC\p18f4550.asm
                   ADCON0   0x000fc2       data     extern C:\MCC18\SRC\TRADIT~1\PROC\p18f4550.asm
                    ADRES   0x000fc3       data     extern C:\MCC18\SRC\TRADIT~1\PROC\p18f4550.asm
                   ADRESL   0x000fc3       data     extern C:\MCC18\SRC\TRADIT~1\PROC\p18f4550.asm
                   ADRESH   0x000fc4       data     extern C:\MCC18\SRC\TRADIT~1\PROC\p18f4550.asm
                  SSPCON2   0x000fc5       data     extern C:\MCC18\SRC\TRADIT~1\PROC\p18f4550.asm
              SSPCON2bits   0x000fc5       data     extern C:\MCC18\SRC\TRADIT~1\PROC\p18f4550.asm
                  SSPCON1   0x000fc6       data     extern C:\MCC18\SRC\TRADIT~1\PROC\p18f4550.asm
              SSPCON1bits   0x000fc6       data     extern C:\MCC18\SRC\TRADIT~1\PROC\p18f4550.asm
              SSPSTATbits   0x000fc7       data     extern C:\MCC18\SRC\TRADIT~1\PROC\p18f4550.asm
                  SSPSTAT   0x000fc7       data     extern C:\MCC18\SRC\TRADIT~1\PROC\p18f4550.asm
                   SSPADD   0x000fc8       data     extern C:\MCC18\SRC\TRADIT~1\PROC\p18f4550.asm
                   SSPBUF   0x000fc9       data     extern C:\MCC18\SRC\TRADIT~1\PROC\p18f4550.asm
                T2CONbits   0x000fca       data     extern C:\MCC18\SRC\TRADIT~1\PROC\p18f4550.asm
                    T2CON   0x000fca       data     extern C:\MCC18\SRC\TRADIT~1\PROC\p18f4550.asm
                      PR2   0x000fcb       data     extern C:\MCC18\SRC\TRADIT~1\PROC\p18f4550.asm
                     TMR2   0x000fcc       data     extern C:\MCC18\SRC\TRADIT~1\PROC\p18f4550.asm
                    T1CON   0x000fcd       data     extern C:\MCC18\SRC\TRADIT~1\PROC\p18f4550.asm
                T1CONbits   0x000fcd       data     extern C:\MCC18\SRC\TRADIT~1\PROC\p18f4550.asm
                    TMR1L   0x000fce       data     extern C:\MCC18\SRC\TRADIT~1\PROC\p18f4550.asm
                    TMR1H   0x000fcf       data     extern C:\MCC18\SRC\TRADIT~1\PROC\p18f4550.asm
                 RCONbits   0x000fd0       data     extern C:\MCC18\SRC\TRADIT~1\PROC\p18f4550.asm
                     RCON   0x000fd0       data     extern C:\MCC18\SRC\TRADIT~1\PROC\p18f4550.asm
               WDTCONbits   0x000fd1       data     extern C:\MCC18\SRC\TRADIT~1\PROC\p18f4550.asm
                   WDTCON   0x000fd1       data     extern C:\MCC18\SRC\TRADIT~1\PROC\p18f4550.asm
              HLVDCONbits   0x000fd2       data     extern C:\MCC18\SRC\TRADIT~1\PROC\p18f4550.asm
                  HLVDCON   0x000fd2       data     extern C:\MCC18\SRC\TRADIT~1\PROC\p18f4550.asm
                   LVDCON   0x000fd2       data     extern C:\MCC18\SRC\TRADIT~1\PROC\p18f4550.asm
               LVDCONbits   0x000fd2       data     extern C:\MCC18\SRC\TRADIT~1\PROC\p18f4550.asm
                   OSCCON   0x000fd3       data     extern C:\MCC18\SRC\TRADIT~1\PROC\p18f4550.asm
               OSCCONbits   0x000fd3       data     extern C:\MCC18\SRC\TRADIT~1\PROC\p18f4550.asm
                    T0CON   0x000fd5       data     extern C:\MCC18\SRC\TRADIT~1\PROC\p18f4550.asm
                T0CONbits   0x000fd5       data     extern C:\MCC18\SRC\TRADIT~1\PROC\p18f4550.asm
                    TMR0L   0x000fd6       data     extern C:\MCC18\SRC\TRADIT~1\PROC\p18f4550.asm
                    TMR0H   0x000fd7       data     extern C:\MCC18\SRC\TRADIT~1\PROC\p18f4550.asm
                   STATUS   0x000fd8       data     extern C:\MCC18\SRC\TRADIT~1\PROC\p18f4550.asm
               STATUSbits   0x000fd8       data     extern C:\MCC18\SRC\TRADIT~1\PROC\p18f4550.asm
                    FSR2L   0x000fd9       data     extern C:\MCC18\SRC\TRADIT~1\PROC\p18f4550.asm
                     FSR2   0x000fd9       data     extern C:\MCC18\SRC\TRADIT~1\PROC\p18f4550.asm
                    FSR2H   0x000fda       data     extern C:\MCC18\SRC\TRADIT~1\PROC\p18f4550.asm
                   PLUSW2   0x000fdb       data     extern C:\MCC18\SRC\TRADIT~1\PROC\p18f4550.asm
                  PREINC2   0x000fdc       data     extern C:\MCC18\SRC\TRADIT~1\PROC\p18f4550.asm
                 POSTDEC2   0x000fdd       data     extern C:\MCC18\SRC\TRADIT~1\PROC\p18f4550.asm
                 POSTINC2   0x000fde       data     extern C:\MCC18\SRC\TRADIT~1\PROC\p18f4550.asm
                    INDF2   0x000fdf       data     extern C:\MCC18\SRC\TRADIT~1\PROC\p18f4550.asm
                      BSR   0x000fe0       data     extern C:\MCC18\SRC\TRADIT~1\PROC\p18f4550.asm
                     FSR1   0x000fe1       data     extern C:\MCC18\SRC\TRADIT~1\PROC\p18f4550.asm
                    FSR1L   0x000fe1       data     extern C:\MCC18\SRC\TRADIT~1\PROC\p18f4550.asm
                    FSR1H   0x000fe2       data     extern C:\MCC18\SRC\TRADIT~1\PROC\p18f4550.asm
                   PLUSW1   0x000fe3       data     extern C:\MCC18\SRC\TRADIT~1\PROC\p18f4550.asm
                  PREINC1   0x000fe4       data     extern C:\MCC18\SRC\TRADIT~1\PROC\p18f4550.asm
                 POSTDEC1   0x000fe5       data     extern C:\MCC18\SRC\TRADIT~1\PROC\p18f4550.asm
                 POSTINC1   0x000fe6       data     extern C:\MCC18\SRC\TRADIT~1\PROC\p18f4550.asm
                    INDF1   0x000fe7       data     extern C:\MCC18\SRC\TRADIT~1\PROC\p18f4550.asm
                     WREG   0x000fe8       data     extern C:\MCC18\SRC\TRADIT~1\PROC\p18f4550.asm
                    FSR0L   0x000fe9       data     extern C:\MCC18\SRC\TRADIT~1\PROC\p18f4550.asm
                     FSR0   0x000fe9       data     extern C:\MCC18\SRC\TRADIT~1\PROC\p18f4550.asm
                    FSR0H   0x000fea       data     extern C:\MCC18\SRC\TRADIT~1\PROC\p18f4550.asm
                   PLUSW0   0x000feb       data     extern C:\MCC18\SRC\TRADIT~1\PROC\p18f4550.asm
                  PREINC0   0x000fec       data     extern C:\MCC18\SRC\TRADIT~1\PROC\p18f4550.asm
                 POSTDEC0   0x000fed       data     extern C:\MCC18\SRC\TRADIT~1\PROC\p18f4550.asm
                 POSTINC0   0x000fee       data     extern C:\MCC18\SRC\TRADIT~1\PROC\p18f4550.asm
                    INDF0   0x000fef       data     extern C:\MCC18\SRC\TRADIT~1\PROC\p18f4550.asm
              INTCON3bits   0x000ff0       data     extern C:\MCC18\SRC\TRADIT~1\PROC\p18f4550.asm
                  INTCON3   0x000ff0       data     extern C:\MCC18\SRC\TRADIT~1\PROC\p18f4550.asm
                  INTCON2   0x000ff1       data     extern C:\MCC18\SRC\TRADIT~1\PROC\p18f4550.asm
              INTCON2bits   0x000ff1       data     extern C:\MCC18\SRC\TRADIT~1\PROC\p18f4550.asm
               INTCONbits   0x000ff2       data     extern C:\MCC18\SRC\TRADIT~1\PROC\p18f4550.asm
                   INTCON   0x000ff2       data     extern C:\MCC18\SRC\TRADIT~1\PROC\p18f4550.asm
                     PROD   0x000ff3       data     extern C:\MCC18\SRC\TRADIT~1\PROC\p18f4550.asm
                    PRODL   0x000ff3       data     extern C:\MCC18\SRC\TRADIT~1\PROC\p18f4550.asm
                    PRODH   0x000ff4       data     extern C:\MCC18\SRC\TRADIT~1\PROC\p18f4550.asm
                   TABLAT   0x000ff5       data     extern C:\MCC18\SRC\TRADIT~1\PROC\p18f4550.asm
                  TBLPTRL   0x000ff6       data     extern C:\MCC18\SRC\TRADIT~1\PROC\p18f4550.asm
                   TBLPTR   0x000ff6       data     extern C:\MCC18\SRC\TRADIT~1\PROC\p18f4550.asm
                  TBLPTRH   0x000ff7       data     extern C:\MCC18\SRC\TRADIT~1\PROC\p18f4550.asm
                  TBLPTRU   0x000ff8       data     extern C:\MCC18\SRC\TRADIT~1\PROC\p18f4550.asm
                       PC   0x000ff9       data     extern C:\MCC18\SRC\TRADIT~1\PROC\p18f4550.asm
                      PCL   0x000ff9       data     extern C:\MCC18\SRC\TRADIT~1\PROC\p18f4550.asm
                   PCLATH   0x000ffa       data     extern C:\MCC18\SRC\TRADIT~1\PROC\p18f4550.asm
                   PCLATU   0x000ffb       data     extern C:\MCC18\SRC\TRADIT~1\PROC\p18f4550.asm
               STKPTRbits   0x000ffc       data     extern C:\MCC18\SRC\TRADIT~1\PROC\p18f4550.asm
                   STKPTR   0x000ffc       data     extern C:\MCC18\SRC\TRADIT~1\PROC\p18f4550.asm
                      TOS   0x000ffd       data     extern C:\MCC18\SRC\TRADIT~1\PROC\p18f4550.asm
                     TOSL   0x000ffd       data     extern C:\MCC18\SRC\TRADIT~1\PROC\p18f4550.asm
                     TOSH   0x000ffe       data     extern C:\MCC18\SRC\TRADIT~1\PROC\p18f4550.asm
                     TOSU   0x000fff       data     extern C:\MCC18\SRC\TRADIT~1\PROC\p18f4550.asm


