Microchip MPLAB XC8 Compiler V1.44 ()

Linker command line:

-W-3 --edf=C:\Program Files (x86)\Microchip\xc8\v1.44\dat\en_msgs.txt -cs \
  -h+dist/default/production\Anton_Pendelbaan_18f4550.X.production.sym \
  --cmf=dist/default/production\Anton_Pendelbaan_18f4550.X.production.cmf \
  -z -Q18F4550 -oC:\Users\jerem\AppData\Local\Temp\s7vc.2 \
  -Mdist/default/production/Anton_Pendelbaan_18f4550.X.production.map -E1 \
  -ver=XC8 -ASTACK=04FCh-07ffh -pstack=STACK -ACODE=00h-07FFFh \
  -ACONST=00h-07FFFh -ASMALLCONST=0800h-08FFhx120 \
  -AMEDIUMCONST=0800h-07FFFh -ACOMRAM=01h-05Fh -AABS1=00h-07FFh \
  -ABIGRAM=01h-07FFh -ARAM=060h-0FFh,0100h-01FFhx7 -ABANK0=060h-0FFh \
  -ABANK1=0100h-01FFh -ABANK2=0200h-02FFh -ABANK3=0300h-03FFh \
  -ABANK4=0400h-04FFh -ABANK5=0500h-05FFh -ABANK6=0600h-06FFh \
  -ABANK7=0700h-07FFh -ASFR=0F60h-0FFFh \
  -preset_vec=00h,intcode=08h,intcodelo=018h,powerup,init -pramtop=0800h \
  -psmallconst=SMALLCONST -pmediumconst=MEDIUMCONST -pconst=CONST \
  -AFARRAM=00h-00h -ACONFIG=0300000h-030000Dh -pconfig=CONFIG \
  -AIDLOC=0200000h-0200007h -pidloc=IDLOC -AEEDATA=0F00000h-0F000FFh \
  -peeprom_data=EEDATA \
  -prdata=COMRAM,nvrram=COMRAM,nvbit=COMRAM,rbss=COMRAM,rbit=COMRAM \
  -pfarbss=FARRAM,fardata=FARRAM,nvFARRAM=FARRAM \
  -pintsave_regs=BIGRAM,bigbss=BIGRAM,bigdata=BIGRAM -pbss=RAM \
  -pidata=CODE,irdata=CODE,ibigdata=CODE,ifardata=CODE -prparam=COMRAM \
  C:\Users\jerem\AppData\Local\Temp\s7vc.obj \
  dist/default/production\Anton_Pendelbaan_18f4550.X.production.obj 

Object code version is 3.11

Machine type is 18F4550

Call graph: (short form)




                Name                               Link     Load   Length Selector   Space Scale
C:\Users\jerem\AppData\Local\Temp\s7vc.obj
                init                                 C6       C6        4        C       0
                reset_vec                             0        0        4        0       0
                idloc                            200000   200000        8   200000       0
                config                           300000   300000        E   300000       0
dist/default/production\Anton_Pendelbaan_18f4550.X.production.obj
                intcodelo                            18       18       AE        C       0
                intcode                               8        8        6        4       0
                temp                                 4D       4D        1        1       1
                smallconst                          800      800       72      400       0
                text45                             41D0     41D0       2C      439       0
                text44                             41A2     41A2       2E      439       0
                intcode_body                       3A7C     3A7C       E0      439       0
                text41                             1D54     1D54      4EC      439       0
                text40                             3F3E     3F3E       52      439       0
                text39                             4076     4076       42      439       0
                text38                             42D8     42D8        C      439       0
                text37                             33F4     33F4      12A      439       0
                text36                             424A     424A       20      439       0
                text35                             261A     261A      23A      439       0
                text34                             3FE0     3FE0       4E      439       0
                text33                             40B8     40B8       40      439       0
                text32                             402E     402E       48      439       0
                text31                             2854     2854      236      439       0
                text30                             3F90     3F90       50      439       0
                text29                             41FC     41FC       28      439       0
                text28                             42C0     42C0       18      439       0
                text27                             416E     416E       34      439       0
                text26                             42A4     42A4       1C      439       0
                text25                             4288     4288       1C      439       0
                text24                             40F8     40F8       3C      439       0
                text23                             4224     4224       26      439       0
                text22                             426A     426A       1E      439       0
                text21                             3B5C     3B5C       CE      439       0
                text20                             2C6A     2C6A      158      439       0
                text19                             3746     3746      114      439       0
                text18                             4134     4134       3A      439       0
                text17                             15CE     15CE      786      439       0
                text16                             3EE6     3EE6       58      439       0
                text15                             3048     3048      13E      439       0
                text14                             3DEC     3DEC       80      439       0
                text13                             3D6C     3D6C       80      439       0
                text12                             2A8A     2A8A      1E0      439       0
                text11                             3C2A     3C2A       AC      439       0
                text10                             385A     385A      112      439       0
                text9                              396C     396C      110      439       0
                text8                              3632     3632      114      439       0
                text7                              351E     351E      114      439       0
                text6                              2DC2     2DC2      146      439       0
                text5                              3186     3186      138      439       0
                text4                              2F08     2F08      140      439       0
                text3                              32BE     32BE      136      439       0
                text2                              2240     2240      3DA      439       0
                text1                               872      872      D5C      439       0
                text0                              3E6C     3E6C       7A      439       0
                cstackCOMRAM                          1        1       25        1       1
                cstackBANK0                          B6       B6       26       60       1
                bssBANK4                            400      400       FC      400       1
                bssBANK3                            300      300       B2      300       1
                bssBANK2                            200      200       B2      200       1
                bssBANK1                            100      100       B2      100       1
                dataBANK0                            DC       DC        6       60       1
                bssBANK0                             60       60       56       60       1
                dataCOMRAM                           48       48        5        1       1
                bssCOMRAM                            26       26       22        1       1
                cinit                              3CD6     3CD6       96      439       0
                idataBANK0                         42E4     42E4        6      439       0
                idataCOMRAM                        42EA     42EA        5      439       0

TOTAL           Name                               Link     Load   Length     Space
        CLASS   STACK          

        CLASS   CODE           
                intcodelo                            18       18       AE         0
                intcode                               8        8        6         0
                init                                 C6       C6        4         0
                reset_vec                             0        0        4         0
                text45                             41D0     41D0       2C         0
                text44                             41A2     41A2       2E         0
                intcode_body                       3A7C     3A7C       E0         0
                text41                             1D54     1D54      4EC         0
                text40                             3F3E     3F3E       52         0
                text39                             4076     4076       42         0
                text38                             42D8     42D8        C         0
                text37                             33F4     33F4      12A         0
                text36                             424A     424A       20         0
                text35                             261A     261A      23A         0
                text34                             3FE0     3FE0       4E         0
                text33                             40B8     40B8       40         0
                text32                             402E     402E       48         0
                text31                             2854     2854      236         0
                text30                             3F90     3F90       50         0
                text29                             41FC     41FC       28         0
                text28                             42C0     42C0       18         0
                text27                             416E     416E       34         0
                text26                             42A4     42A4       1C         0
                text25                             4288     4288       1C         0
                text24                             40F8     40F8       3C         0
                text23                             4224     4224       26         0
                text22                             426A     426A       1E         0
                text21                             3B5C     3B5C       CE         0
                text20                             2C6A     2C6A      158         0
                text19                             3746     3746      114         0
                text18                             4134     4134       3A         0
                text17                             15CE     15CE      786         0
                text16                             3EE6     3EE6       58         0
                text15                             3048     3048      13E         0
                text14                             3DEC     3DEC       80         0
                text13                             3D6C     3D6C       80         0
                text12                             2A8A     2A8A      1E0         0
                text11                             3C2A     3C2A       AC         0
                text10                             385A     385A      112         0
                text9                              396C     396C      110         0
                text8                              3632     3632      114         0
                text7                              351E     351E      114         0
                text6                              2DC2     2DC2      146         0
                text5                              3186     3186      138         0
                text4                              2F08     2F08      140         0
                text3                              32BE     32BE      136         0
                text2                              2240     2240      3DA         0
                text1                               872      872      D5C         0
                text0                              3E6C     3E6C       7A         0
                cinit                              3CD6     3CD6       96         0
                idataBANK0                         42E4     42E4        6         0
                idataCOMRAM                        42EA     42EA        5         0

        CLASS   CONST          

        CLASS   SMALLCONST     
                smallconst                          800      800       72         0

        CLASS   MEDIUMCONST    

        CLASS   COMRAM         
                temp                                 4D       4D        1         1
                cstackCOMRAM                          1        1       25         1
                dataCOMRAM                           48       48        5         1
                bssCOMRAM                            26       26       22         1

        CLASS   ABS1           

        CLASS   BIGRAM         

        CLASS   RAM            

        CLASS   BANK0          
                cstackBANK0                          B6       B6       26         1
                dataBANK0                            DC       DC        6         1
                bssBANK0                             60       60       56         1

        CLASS   BANK1          
                bssBANK1                            100      100       B2         1

        CLASS   BANK2          
                bssBANK2                            200      200       B2         1

        CLASS   BANK3          
                bssBANK3                            300      300       B2         1

        CLASS   BANK4          
                bssBANK4                            400      400       FC         1

        CLASS   BANK5          

        CLASS   BANK6          

        CLASS   BANK7          

        CLASS   SFR            

        CLASS   FARRAM         

        CLASS   CONFIG         
                config                           300000   300000        E         0

        CLASS   IDLOC          
                idloc                            200000   200000        8         0

        CLASS   EEDATA         



SEGMENTS        Name                           Load    Length   Top    Selector   Space  Class

                reset_vec                      000000  000004  000004         0       0  CODE    
                cstackCOMRAM                   000001  00004D  00004E         1       1  COMRAM  
                intcode                        000008  000006  00000E         4       0  CODE    
                intcodelo                      000018  0000B2  0000CA         C       0  CODE    
                bssBANK0                       000060  000082  0000E2        60       1  BANK0   
                bssBANK1                       000100  0000B2  0001B2       100       1  BANK1   
                bssBANK2                       000200  0000B2  0002B2       200       1  BANK2   
                bssBANK3                       000300  0000B2  0003B2       300       1  BANK3   
                bssBANK4                       000400  0000FC  0004FC       400       1  BANK4   
                smallconst                     000800  000072  000872       400       0  SMALLCON
                text1                          000872  003A7D  0042EF       439       0  CODE    
                idloc                          200000  000008  200008    200000       0  IDLOC   
                config                         300000  00000E  30000E    300000       0  CONFIG  


UNUSED ADDRESS RANGES

        Name                Unused          Largest block    Delta
        BANK0            0000E2-0000FF               1E
        BANK1            0001B2-0001FF               4E
        BANK2            0002B2-0002FF               4E
        BANK3            0003B2-0003FF               4E
        BANK4            0004FC-0004FF                4
        BANK5            000500-0005FF              100
        BANK6            000600-0006FF              100
        BANK7            000700-0007FF              100
        BIGRAM           00004E-00005F               12
                         0000E2-0000FF               1E
                         0001B2-0001FF               4E
                         0002B2-0002FF               4E
                         0003B2-0003FF               4E
                         0004FC-0007FF              304
        CODE             000004-000007                4
                         00000E-000017                A
                         0000CA-0007FF              736
                         0042EF-007FFF             3D11
        COMRAM           00004E-00005F               12
        CONST            000004-000007                4
                         00000E-000017                A
                         0000CA-0007FF              736
                         0042EF-007FFF             3D11
        EEDATA           F00000-F000FF              100
        MEDIUMCONST      0042EF-007FFF             3D11
        RAM              0000E2-0000FF               1E
                         0001B2-0001FF               4E
                         0002B2-0002FF               4E
                         0003B2-0003FF               4E
                         0004FC-0007FF              100
        SFR              000F60-000FFF               A0
        SMALLCONST       0042EF-007FFF              100
        STACK            0004FC-0007FF              304

                                  Symbol Table

?_Eeprom_Read                               cstackCOMRAM 000013
?_GETxAPIxRW                                cstackCOMRAM 000013
?_GETxAPIxVAL                               cstackCOMRAM 000013
?___lwdiv                                   cstackCOMRAM 000013
?___lwmod                                   cstackCOMRAM 00001A
?___wmul                                    cstackCOMRAM 000013
?_atoi                                      cstackCOMRAM 000019
?_printf                                    cstackBANK0  0000CB
APIxInitialize@i                            cstackCOMRAM 000013
EEPROMxREAD@Data                            cstackCOMRAM 00001B
EEPROMxREAD@i                               cstackCOMRAM 00001D
EEPROMxSTORE@i                              cstackCOMRAM 000023
EUSART1_Initialize@baud_rate                cstackCOMRAM 000013
EUSART1_Read@readValue                      cstackCOMRAM 000013
Eeprom_Read@Location                        cstackCOMRAM 000013
Eeprom_Read@Location_High_Byte              cstackCOMRAM 000017
Eeprom_Read@Location_Low_Byte               cstackCOMRAM 000015
Eeprom_Read@Return_Data                     cstackCOMRAM 000019
Eeprom_Store@Location                       cstackCOMRAM 000013
Eeprom_Store@Location_High_Byte             cstackCOMRAM 000019
Eeprom_Store@Location_Low_Byte              cstackCOMRAM 000017
Eeprom_Store@Value                          cstackCOMRAM 000015
GETxAPIxRW@index                            cstackCOMRAM 000013
GETxAPIxVAL@index                           cstackCOMRAM 000013
Green_Led@Operation                         cstackCOMRAM 000013
Junction@Junction_Left_Right                cstackCOMRAM 000020
Junction@Junction_Switch_Time               bssBANK0     00006A
Junction@Return_Val                         dataCOMRAM   00004C
Junction@Straight_Bend                      cstackCOMRAM 00001F
Left_Mountain_From_The_Left@Return_Val      dataCOMRAM   000049
Left_Mountain_From_The_Left@rc              cstackBANK0  0000CB
Left_Mountain_From_The_Right@Return_Val     dataCOMRAM   00004A
Left_Mountain_From_The_Right@rc             cstackBANK0  0000CB
Red_Led@Operation                           cstackCOMRAM 000013
Right_Mountain_From_The_Left@Return_Val     dataCOMRAM   000048
Right_Mountain_From_The_Left@rc             cstackBANK0  0000CB
Right_Mountain_From_The_Right@Return_Val    dataCOMRAM   00004B
Right_Mountain_From_The_Right@rc            cstackBANK0  0000CB
SENDxMESSAGE@index                          cstackCOMRAM 000013
SENDxMESSAGE@value                          cstackCOMRAM 000015
SETxAPIxVAL@index                           cstackCOMRAM 000019
SETxAPIxVAL@value                           cstackCOMRAM 00001B
SETxAPIxVALxNoxRET@index                    cstackCOMRAM 000015
SETxAPIxVALxNoxRET@value                    cstackCOMRAM 000017
SETxPWM@direction                           cstackCOMRAM 000021
SETxPWM@pwm_speed                           cstackCOMRAM 000024
SETxPWM@speed                               cstackCOMRAM 00001F
SendMessage@index                           cstackBANK0  0000D8
SendMessage@value                           cstackBANK0  0000DA
SetDCPWM1@DCycle                            cstackCOMRAM 000019
SetDCPWM1@dutycycle                         cstackCOMRAM 000015
Train_Move_Left_Brake@Return_Val            dataBANK0    0000DE
Train_Move_Left_Brake@Train_Move_Wait_Time  bssBANK0     000064
Train_Move_Left_Start@Return_Val            dataBANK0    0000DF
Train_Move_Left_Start@Train_Move_Wait_Time  bssBANK0     000066
Train_Move_Right_Brake@Return_Val           dataBANK0    0000DC
Train_Move_Right_Brake@Train_Move_Wait_Time bssBANK0     000060
Train_Move_Right_Start@Return_Val           dataBANK0    0000DD
Train_Move_Right_Start@Train_Move_Wait_Time bssBANK0     000062
Train_Path@From                             cstackBANK0  0000CE
Train_Path@Return_Val                       dataBANK0    0000E0
Train_Path@To                               cstackBANK0  0000CD
TranslateMessage@Index                      cstackCOMRAM 000022
TranslateMessage@Value                      cstackCOMRAM 000020
_ADCON1                                     (abs)        000FC1
_API                                        bssBANK1     000100
_API_EEPROM                                 bssBANK3     000300
_API_RW                                     bssBANK2     000200
_APIxInitialize                             text41       001D54
_Activate_Controls_Counter                  bssBANK0     00007A
_Adjust_Counter                             bssBANK0     00007C
_ApiList                                    smallconst   000801
_BAUDCONbits                                (abs)        000FB8
_Button_Contact_Counter_LB                  bssCOMRAM    000031
_Button_Contact_Counter_LF                  bssCOMRAM    000030
_Button_Contact_Counter_Middle              bssCOMRAM    000032
_Button_Contact_Counter_RB                  bssCOMRAM    00002F
_Button_Contact_Counter_RF                  bssCOMRAM    00002E
_Button_Contact_Counter_Start               bssCOMRAM    000034
_Button_Contact_Counter_Stop                bssCOMRAM    000033
_CCP1CON                                    (abs)        000FBD
_CCPR1L                                     (abs)        000FBE
_CMCON                                      (abs)        000FB4
_Comm_List                                  bssBANK0     00008C
_DIAGNOSTICxTOxPC                           text35       00261A
_Data                                       bssBANK0     0000AC
_DataLen                                    smallconst   000843
_Debounce_Inputs                            text17       0015CE
_DelayCounter                               bssBANK0     00006C
_Diag_Comm                                  bssBANK0     000074
_Diag_Comm2                                 bssBANK0     00006E
_EEADR                                      (abs)        000FA9
_EECON1bits                                 (abs)        000FA6
_EECON2                                     (abs)        000FA7
_EEDATA                                     (abs)        000FA8
_EEPROMxREAD                                text33       0040B8
_EEPROMxSTORE                               text15       003048
_EUSART1_Initialize                         text32       00402E
_EUSART1_Read                               text27       00416E
_EUSART1_Receive_ISR                        text45       0041D0
_EUSART1_Transmit_ISR                       text44       0041A2
_Eeprom_Read                                text34       003FE0
_Eeprom_Store                               text16       003EE6
_GETxAPIxRW                                 text26       0042A4
_GETxAPIxVAL                                text25       004288
_Green_Led                                  text14       003DEC
_Green_Led_Counter                          bssCOMRAM    00002A
_INTCON                                     (abs)        000FF2
_INTCON2                                    (abs)        000FF1
_INTCONbits                                 (abs)        000FF2
_Init_Pwm                                   text29       0041FC
_Init_Timers                                text28       0042C0
_Junction                                   text12       002A8A
_Led1_Counter                               bssBANK0     00007E
_Left_Mountain_From_The_Left                text10       00385A
_Left_Mountain_From_The_Right               text9        00396C
_Message_To_Translate                       bssBANK0     000084
_Mountain_Delay_Counter                     bssCOMRAM    000026
_PIE1bits                                   (abs)        000F9D
_PIR1bits                                   (abs)        000F9E
_PIR2bits                                   (abs)        000FA1
_PORTAbits                                  (abs)        000F80
_PORTBbits                                  (abs)        000F81
_PORTCbits                                  (abs)        000F82
_PORTDbits                                  (abs)        000F83
_PORTEbits                                  (abs)        000F84
_PR2                                        (abs)        000FCB
_Pcomm_List                                 bssBANK0     000072
_Pcomm_List2                                bssBANK0     000070
_RCONbits                                   (abs)        000FD0
_RCREG1                                     (abs)        000FAE
_RCSTA1bits                                 (abs)        000FAB
_RCSTAbits                                  (abs)        000FAB
_READxRECEIVEDxMESSAGE                      text19       003746
_Received_Data                              bssBANK0     000086
_Red_Led                                    text13       003D6C
_Red_Led_Counter                            bssCOMRAM    000028
_Reed_Contact_LB_Counter                    bssCOMRAM    00003B
_Reed_Contact_LF_Counter                    bssCOMRAM    00003C
_Reed_Contact_LMD_Counter                   bssCOMRAM    000037
_Reed_Contact_LMU_Counter                   bssCOMRAM    000038
_Reed_Contact_RB_Counter                    bssCOMRAM    000039
_Reed_Contact_RF_Counter                    bssCOMRAM    00003A
_Reed_Contact_RMD_Counter                   bssCOMRAM    000035
_Reed_Contact_RMU_Counter                   bssCOMRAM    000036
_Right_Mountain_From_The_Left               text8        003632
_Right_Mountain_From_The_Right              text7        00351E
_RxSwitch                                   bssBANK0     000085
_SENDxMESSAGE                               text31       002854
_SETxAPIxVAL                                text30       003F90
_SETxAPIxVALxNoxRET                         text24       0040F8
_SETxPWM                                    text11       003C2A
_SPBRG                                      (abs)        000FAF
_SPBRGH                                     (abs)        000FB0
_SendMessage                                text36       00424A
_SetDCPWM1                                  text18       004134
_Stop_Program                               bssBANK0     000087
_Switch_Activate_Controls                   bssCOMRAM    000047
_Switch_Adjust_LB                           bssCOMRAM    000046
_Switch_Adjust_LF                           bssCOMRAM    000045
_Switch_Adjust_RB                           bssCOMRAM    000044
_Switch_Adjust_RF                           bssCOMRAM    000043
_Switch_Init                                bssBANK0     00008A
_Switch_Junction                            bssCOMRAM    00002D
_Switch_Main                                dataBANK0    0000E1
_Switch_Moutain                             bssCOMRAM    00002C
_Switch_Program                             bssBANK0     000089
_Switch_Train_Move                          bssBANK0     000082
_Switch_Train_Path                          bssBANK0     000088
_T0CON                                      (abs)        000FD5
_T2CON                                      (abs)        000FCA
_TMR0H                                      (abs)        000FD7
_TMR0L                                      (abs)        000FD6
_TRISA                                      (abs)        000F92
_TRISAbits                                  (abs)        000F92
_TRISB                                      (abs)        000F93
_TRISBbits                                  (abs)        000F93
_TRISC                                      (abs)        000F94
_TRISCbits                                  (abs)        000F94
_TRISD                                      (abs)        000F95
_TRISDbits                                  (abs)        000F95
_TRISE                                      (abs)        000F96
_TRISEbits                                  (abs)        000F96
_TXIF                                       (abs)        007CF4
_TXREG1                                     (abs)        000FAD
_TXSTAbits                                  (abs)        000FAC
_TrSwitch                                   bssBANK0     000083
_Train_Move_Left_Brake                      text6        002DC2
_Train_Move_Left_Brake$2178                 cstackBANK0  0000CB
_Train_Move_Left_Start                      text5        003186
_Train_Move_Left_Start$2177                 cstackBANK0  0000CB
_Train_Move_Pwm_Count                       bssBANK0     000080
_Train_Move_Pwm_Fast_Count                  bssBANK0     000068
_Train_Move_Right_Brake                     text4        002F08
_Train_Move_Right_Brake$2180                cstackBANK0  0000CB
_Train_Move_Right_Start                     text3        0032BE
_Train_Move_Right_Start$2179                cstackBANK0  0000CB
_Train_Path                                 text2        002240
_TranslateMessage                           text20       002C6A
_Update_StateMchn                           text1        000872
_Update_StateMchn$2175                      cstackBANK0  0000D1
_Update_StateMchn$2176                      cstackBANK0  0000D3
_Update_State_Machine                       bssBANK0     00008B
__CFG_BOR$OFF                               (abs)        000000
__CFG_BORV$3                                (abs)        000000
__CFG_CCP2MX$ON                             (abs)        000000
__CFG_CP0$OFF                               (abs)        000000
__CFG_CP1$OFF                               (abs)        000000
__CFG_CP2$OFF                               (abs)        000000
__CFG_CP3$OFF                               (abs)        000000
__CFG_CPB$OFF                               (abs)        000000
__CFG_CPD$OFF                               (abs)        000000
__CFG_CPUDIV$OSC2_PLL3                      (abs)        000000
__CFG_EBTR0$OFF                             (abs)        000000
__CFG_EBTR1$OFF                             (abs)        000000
__CFG_EBTR2$OFF                             (abs)        000000
__CFG_EBTR3$OFF                             (abs)        000000
__CFG_EBTRB$OFF                             (abs)        000000
__CFG_FCMEN$OFF                             (abs)        000000
__CFG_FOSC$HSPLL_HS                         (abs)        000000
__CFG_ICPRT$OFF                             (abs)        000000
__CFG_IESO$OFF                              (abs)        000000
__CFG_LPT1OSC$OFF                           (abs)        000000
__CFG_LVP$OFF                               (abs)        000000
__CFG_MCLRE$ON                              (abs)        000000
__CFG_PBADEN$OFF                            (abs)        000000
__CFG_PLLDIV$5                              (abs)        000000
__CFG_PWRT$ON                               (abs)        000000
__CFG_STVREN$ON                             (abs)        000000
__CFG_USBDIV$2                              (abs)        000000
__CFG_VREGEN$OFF                            (abs)        000000
__CFG_WDT$OFF                               (abs)        000000
__CFG_WDTPS$1                               (abs)        000000
__CFG_WRT0$OFF                              (abs)        000000
__CFG_WRT1$OFF                              (abs)        000000
__CFG_WRT2$OFF                              (abs)        000000
__CFG_WRT3$OFF                              (abs)        000000
__CFG_WRTB$OFF                              (abs)        000000
__CFG_WRTC$OFF                              (abs)        000000
__CFG_WRTD$OFF                              (abs)        000000
__CFG_XINST$OFF                             (abs)        000000
__HRAM                                      (abs)        000000
__Habs1                                     abs1         000000
__Hbank0                                    bank0        000000
__Hbank1                                    bank1        000000
__Hbank2                                    bank2        000000
__Hbank3                                    bank3        000000
__Hbank4                                    bank4        000000
__Hbank5                                    bank5        000000
__Hbank6                                    bank6        000000
__Hbank7                                    bank7        000000
__Hbigbss                                   bigbss       000000
__Hbigdata                                  bigdata      000000
__Hbigram                                   bigram       000000
__Hbss                                      bss          000000
__HbssBANK0                                 bssBANK0     000000
__HbssBANK1                                 bssBANK1     000000
__HbssBANK2                                 bssBANK2     000000
__HbssBANK3                                 bssBANK3     000000
__HbssBANK4                                 bssBANK4     000000
__HbssCOMRAM                                bssCOMRAM    000000
__Hcinit                                    cinit        000000
__Hclrtext                                  clrtext      000000
__Hcomram                                   comram       000000
__Hconfig                                   config       30000E
__Hconst                                    const        000000
__HcstackBANK0                              cstackBANK0  000000
__HcstackCOMRAM                             cstackCOMRAM 000000
__Hdata                                     data         000000
__HdataBANK0                                dataBANK0    000000
__HdataCOMRAM                               dataCOMRAM   000000
__Heeprom_data                              eeprom_data  000000
__Hfarbss                                   farbss       000000
__Hfardata                                  fardata      000000
__Hibigdata                                 ibigdata     000000
__Hidata                                    idata        000000
__HidataBANK0                               idataBANK0   000000
__HidataCOMRAM                              idataCOMRAM  000000
__Hidloc                                    idloc        200008
__Hifardata                                 ifardata     000000
__Hinit                                     init         0000CA
__Hintcode                                  intcode      00000E
__Hintcode_body                             intcode_body 000000
__Hintcodelo                                intcodelo    0000C6
__Hintentry                                 intentry     000000
__Hintret                                   intret       000000
__Hintsave_regs                             intsave_regs 000000
__Hirdata                                   irdata       000000
__Hmediumconst                              mediumconst  000000
__HnvFARRAM                                 nvFARRAM     000000
__Hnvbit                                    nvbit        000000
__Hnvrram                                   nvrram       000000
__Hparam                                    rparam       000000
__Hpowerup                                  powerup      0000C6
__Hram                                      ram          000000
__Hramtop                                   ramtop       000800
__Hrbit                                     rbit         000000
__Hrbss                                     rbss         000000
__Hrdata                                    rdata        000000
__Hreset_vec                                reset_vec    000004
__Hrparam                                   rparam       000000
__Hsfr                                      sfr          000000
__Hsmallconst                               smallconst   000872
__Hspace_0                                  (abs)        30000E
__Hspace_1                                  (abs)        0004FC
__Hspace_2                                  (abs)        000000
__Hstack                                    stack        000000
__Hstruct                                   struct       000000
__Htemp                                     temp         00004E
__Htext                                     text         000000
__Htext0                                    text0        000000
__Htext1                                    text1        000000
__Htext10                                   text10       000000
__Htext11                                   text11       000000
__Htext12                                   text12       000000
__Htext13                                   text13       000000
__Htext14                                   text14       000000
__Htext15                                   text15       000000
__Htext16                                   text16       000000
__Htext17                                   text17       000000
__Htext18                                   text18       000000
__Htext19                                   text19       000000
__Htext2                                    text2        000000
__Htext20                                   text20       000000
__Htext21                                   text21       000000
__Htext22                                   text22       000000
__Htext23                                   text23       000000
__Htext24                                   text24       000000
__Htext25                                   text25       000000
__Htext26                                   text26       000000
__Htext27                                   text27       000000
__Htext28                                   text28       000000
__Htext29                                   text29       000000
__Htext3                                    text3        000000
__Htext30                                   text30       000000
__Htext31                                   text31       000000
__Htext32                                   text32       000000
__Htext33                                   text33       000000
__Htext34                                   text34       000000
__Htext35                                   text35       000000
__Htext36                                   text36       000000
__Htext37                                   text37       000000
__Htext38                                   text38       000000
__Htext39                                   text39       000000
__Htext4                                    text4        000000
__Htext40                                   text40       000000
__Htext41                                   text41       000000
__Htext44                                   text44       000000
__Htext45                                   text45       000000
__Htext5                                    text5        000000
__Htext6                                    text6        000000
__Htext7                                    text7        000000
__Htext8                                    text8        000000
__Htext9                                    text9        000000
__LRAM                                      (abs)        000001
__Labs1                                     abs1         000000
__Lbank0                                    bank0        000000
__Lbank1                                    bank1        000000
__Lbank2                                    bank2        000000
__Lbank3                                    bank3        000000
__Lbank4                                    bank4        000000
__Lbank5                                    bank5        000000
__Lbank6                                    bank6        000000
__Lbank7                                    bank7        000000
__Lbigbss                                   bigbss       000000
__Lbigdata                                  bigdata      000000
__Lbigram                                   bigram       000000
__Lbss                                      bss          000000
__LbssBANK0                                 bssBANK0     000000
__LbssBANK1                                 bssBANK1     000000
__LbssBANK2                                 bssBANK2     000000
__LbssBANK3                                 bssBANK3     000000
__LbssBANK4                                 bssBANK4     000000
__LbssCOMRAM                                bssCOMRAM    000000
__Lcinit                                    cinit        000000
__Lclrtext                                  clrtext      000000
__Lcomram                                   comram       000000
__Lconfig                                   config       300000
__Lconst                                    const        000000
__LcstackBANK0                              cstackBANK0  000000
__LcstackCOMRAM                             cstackCOMRAM 000000
__Ldata                                     data         000000
__LdataBANK0                                dataBANK0    000000
__LdataCOMRAM                               dataCOMRAM   000000
__Leeprom_data                              eeprom_data  000000
__Lfarbss                                   farbss       000000
__Lfardata                                  fardata      000000
__Libigdata                                 ibigdata     000000
__Lidata                                    idata        000000
__LidataBANK0                               idataBANK0   000000
__LidataCOMRAM                              idataCOMRAM  000000
__Lidloc                                    idloc        200000
__Lifardata                                 ifardata     000000
__Linit                                     init         0000C6
__Lintcode                                  intcode      000008
__Lintcode_body                             intcode_body 000000
__Lintcodelo                                intcodelo    000018
__Lintentry                                 intentry     000000
__Lintret                                   intret       000000
__Lintsave_regs                             intsave_regs 000000
__Lirdata                                   irdata       000000
__Lmediumconst                              mediumconst  000000
__LnvFARRAM                                 nvFARRAM     000000
__Lnvbit                                    nvbit        000000
__Lnvrram                                   nvrram       000000
__Lparam                                    rparam       000000
__Lpowerup                                  powerup      0000C6
__Lram                                      ram          000000
__Lramtop                                   ramtop       000800
__Lrbit                                     rbit         000000
__Lrbss                                     rbss         000000
__Lrdata                                    rdata        000000
__Lreset_vec                                reset_vec    000000
__Lrparam                                   rparam       000000
__Lsfr                                      sfr          000000
__Lsmallconst                               smallconst   000800
__Lspace_0                                  (abs)        000000
__Lspace_1                                  (abs)        000000
__Lspace_2                                  (abs)        000000
__Lstack                                    stack        000000
__Lstruct                                   struct       000000
__Ltemp                                     temp         00004D
__Ltext                                     text         000000
__Ltext0                                    text0        000000
__Ltext1                                    text1        000000
__Ltext10                                   text10       000000
__Ltext11                                   text11       000000
__Ltext12                                   text12       000000
__Ltext13                                   text13       000000
__Ltext14                                   text14       000000
__Ltext15                                   text15       000000
__Ltext16                                   text16       000000
__Ltext17                                   text17       000000
__Ltext18                                   text18       000000
__Ltext19                                   text19       000000
__Ltext2                                    text2        000000
__Ltext20                                   text20       000000
__Ltext21                                   text21       000000
__Ltext22                                   text22       000000
__Ltext23                                   text23       000000
__Ltext24                                   text24       000000
__Ltext25                                   text25       000000
__Ltext26                                   text26       000000
__Ltext27                                   text27       000000
__Ltext28                                   text28       000000
__Ltext29                                   text29       000000
__Ltext3                                    text3        000000
__Ltext30                                   text30       000000
__Ltext31                                   text31       000000
__Ltext32                                   text32       000000
__Ltext33                                   text33       000000
__Ltext34                                   text34       000000
__Ltext35                                   text35       000000
__Ltext36                                   text36       000000
__Ltext37                                   text37       000000
__Ltext38                                   text38       000000
__Ltext39                                   text39       000000
__Ltext4                                    text4        000000
__Ltext40                                   text40       000000
__Ltext41                                   text41       000000
__Ltext44                                   text44       000000
__Ltext45                                   text45       000000
__Ltext5                                    text5        000000
__Ltext6                                    text6        000000
__Ltext7                                    text7        000000
__Ltext8                                    text8        000000
__Ltext9                                    text9        000000
__S0                                        (abs)        30000E
__S1                                        (abs)        0004FC
__S2                                        (abs)        000000
___inthi_sp                                 stack        000000
___intlo_sp                                 stack        000000
___lwdiv                                    text40       003F3E
___lwdiv@counter                            cstackCOMRAM 000017
___lwdiv@dividend                           cstackCOMRAM 000013
___lwdiv@divisor                            cstackCOMRAM 000015
___lwdiv@quotient                           cstackCOMRAM 000018
___lwmod                                    text39       004076
___lwmod@counter                            cstackCOMRAM 00001E
___lwmod@dividend                           cstackCOMRAM 00001A
___lwmod@divisor                            cstackCOMRAM 00001C
___param_bank                               (abs)        000000
___rparam_used                              (abs)        000001
___sp                                       stack        000000
___wmul                                     text23       004224
___wmul@multiplicand                        cstackCOMRAM 000015
___wmul@multiplier                          cstackCOMRAM 000013
___wmul@product                             cstackCOMRAM 000017
__accesstop                                 (abs)        000060
__activetblptr                              (abs)        000002
__end_of_APIxInitialize                     text41       002240
__end_of_ApiList                            smallconst   000839
__end_of_DIAGNOSTICxTOxPC                   text35       002854
__end_of_DataLen                            smallconst   000844
__end_of_Debounce_Inputs                    text17       001D54
__end_of_EEPROMxREAD                        text33       0040F8
__end_of_EEPROMxSTORE                       text15       003186
__end_of_EUSART1_Initialize                 text32       004076
__end_of_EUSART1_Read                       text27       0041A2
__end_of_EUSART1_Receive_ISR                text45       0041FC
__end_of_EUSART1_Transmit_ISR               text44       0041D0
__end_of_Eeprom_Read                        text34       00402E
__end_of_Eeprom_Store                       text16       003F3E
__end_of_GETxAPIxRW                         text26       0042C0
__end_of_GETxAPIxVAL                        text25       0042A4
__end_of_Green_Led                          text14       003E6C
__end_of_Init_Pwm                           text29       004224
__end_of_Init_Timers                        text28       0042D8
__end_of_Junction                           text12       002C6A
__end_of_Left_Mountain_From_The_Left        text10       00396C
__end_of_Left_Mountain_From_The_Right       text9        003A7C
__end_of_READxRECEIVEDxMESSAGE              text19       00385A
__end_of_Red_Led                            text13       003DEC
__end_of_Right_Mountain_From_The_Left       text8        003746
__end_of_Right_Mountain_From_The_Right      text7        003632
__end_of_SENDxMESSAGE                       text31       002A8A
__end_of_SETxAPIxVAL                        text30       003FE0
__end_of_SETxAPIxVALxNoxRET                 text24       004134
__end_of_SETxPWM                            text11       003CD6
__end_of_SendMessage                        text36       00426A
__end_of_SetDCPWM1                          text18       00416E
__end_of_Train_Move_Left_Brake              text6        002F08
__end_of_Train_Move_Left_Start              text5        0032BE
__end_of_Train_Move_Right_Brake             text4        003048
__end_of_Train_Move_Right_Start             text3        0033F4
__end_of_Train_Path                         text2        00261A
__end_of_TranslateMessage                   text20       002DC2
__end_of_Update_StateMchn                   text1        0015CE
__end_of___lwdiv                            text40       003F90
__end_of___lwmod                            text39       0040B8
__end_of___wmul                             text23       00424A
__end_of__initialization                    cinit        003D5E
__end_of_atoi                               text21       003C2A
__end_of_dpowers                            smallconst   000843
__end_of_isdigit                            text22       004288
__end_of_main                               text0        003EE6
__end_of_printf                             text37       00351E
__end_of_putch                              text38       0042E4
__end_of_tc_high                            intcode_body 003B5C
__end_of_tc_low                             intcodelo    0000C6
__initialization                            cinit        003CD6
__mediumconst                               mediumconst  000000
__pbssBANK0                                 bssBANK0     000060
__pbssBANK1                                 bssBANK1     000100
__pbssBANK2                                 bssBANK2     000200
__pbssBANK3                                 bssBANK3     000300
__pbssBANK4                                 bssBANK4     000400
__pbssCOMRAM                                bssCOMRAM    000026
__pcinit                                    cinit        003CD6
__pcstackBANK0                              cstackBANK0  0000B6
__pcstackCOMRAM                             cstackCOMRAM 000001
__pdataBANK0                                dataBANK0    0000DC
__pdataCOMRAM                               dataCOMRAM   000048
__pidataBANK0                               idataBANK0   0042E4
__pidataCOMRAM                              idataCOMRAM  0042EA
__pintcode                                  intcode      000008
__pintcode_body                             intcode_body 003A7C
__pintcodelo                                intcodelo    000018
__psmallconst                               smallconst   000800
__ptext0                                    text0        003E6C
__ptext1                                    text1        000872
__ptext10                                   text10       00385A
__ptext11                                   text11       003C2A
__ptext12                                   text12       002A8A
__ptext13                                   text13       003D6C
__ptext14                                   text14       003DEC
__ptext15                                   text15       003048
__ptext16                                   text16       003EE6
__ptext17                                   text17       0015CE
__ptext18                                   text18       004134
__ptext19                                   text19       003746
__ptext2                                    text2        002240
__ptext20                                   text20       002C6A
__ptext21                                   text21       003B5C
__ptext22                                   text22       00426A
__ptext23                                   text23       004224
__ptext24                                   text24       0040F8
__ptext25                                   text25       004288
__ptext26                                   text26       0042A4
__ptext27                                   text27       00416E
__ptext28                                   text28       0042C0
__ptext29                                   text29       0041FC
__ptext3                                    text3        0032BE
__ptext30                                   text30       003F90
__ptext31                                   text31       002854
__ptext32                                   text32       00402E
__ptext33                                   text33       0040B8
__ptext34                                   text34       003FE0
__ptext35                                   text35       00261A
__ptext36                                   text36       00424A
__ptext37                                   text37       0033F4
__ptext38                                   text38       0042D8
__ptext39                                   text39       004076
__ptext4                                    text4        002F08
__ptext40                                   text40       003F3E
__ptext41                                   text41       001D54
__ptext44                                   text44       0041A2
__ptext45                                   text45       0041D0
__ptext5                                    text5        003186
__ptext6                                    text6        002DC2
__ptext7                                    text7        00351E
__ptext8                                    text8        003632
__ptext9                                    text9        00396C
__ramtop                                    ramtop       000800
__size_of_APIxInitialize                    (abs)        000000
__size_of_DIAGNOSTICxTOxPC                  (abs)        000000
__size_of_Debounce_Inputs                   (abs)        000000
__size_of_EEPROMxREAD                       (abs)        000000
__size_of_EEPROMxSTORE                      (abs)        000000
__size_of_EUSART1_Initialize                (abs)        000000
__size_of_EUSART1_Read                      (abs)        000000
__size_of_EUSART1_Receive_ISR               (abs)        000000
__size_of_EUSART1_Transmit_ISR              (abs)        000000
__size_of_Eeprom_Read                       (abs)        000000
__size_of_Eeprom_Store                      (abs)        000000
__size_of_GETxAPIxRW                        (abs)        000000
__size_of_GETxAPIxVAL                       (abs)        000000
__size_of_Green_Led                         (abs)        000000
__size_of_Init_Pwm                          (abs)        000000
__size_of_Init_Timers                       (abs)        000000
__size_of_Junction                          (abs)        000000
__size_of_Left_Mountain_From_The_Left       (abs)        000000
__size_of_Left_Mountain_From_The_Right      (abs)        000000
__size_of_READxRECEIVEDxMESSAGE             (abs)        000000
__size_of_Red_Led                           (abs)        000000
__size_of_Right_Mountain_From_The_Left      (abs)        000000
__size_of_Right_Mountain_From_The_Right     (abs)        000000
__size_of_SENDxMESSAGE                      (abs)        000000
__size_of_SETxAPIxVAL                       (abs)        000000
__size_of_SETxAPIxVALxNoxRET                (abs)        000000
__size_of_SETxPWM                           (abs)        000000
__size_of_SendMessage                       (abs)        000000
__size_of_SetDCPWM1                         (abs)        000000
__size_of_Train_Move_Left_Brake             (abs)        000000
__size_of_Train_Move_Left_Start             (abs)        000000
__size_of_Train_Move_Right_Brake            (abs)        000000
__size_of_Train_Move_Right_Start            (abs)        000000
__size_of_Train_Path                        (abs)        000000
__size_of_TranslateMessage                  (abs)        000000
__size_of_Update_StateMchn                  (abs)        000000
__size_of___lwdiv                           (abs)        000000
__size_of___lwmod                           (abs)        000000
__size_of___wmul                            (abs)        000000
__size_of_atoi                              (abs)        000000
__size_of_isdigit                           (abs)        000000
__size_of_main                              (abs)        000000
__size_of_printf                            (abs)        000000
__size_of_putch                             (abs)        000000
__size_of_tc_high                           (abs)        000000
__size_of_tc_low                            (abs)        000000
__smallconst                                smallconst   000800
_atoi                                       text21       003B5C
_dpowers                                    smallconst   000839
_eusart1RxBuffer                            bssBANK4     000400
_eusart1RxCount                             bssCOMRAM    00003D
_eusart1RxHead                              bssCOMRAM    00003F
_eusart1RxTail                              bssCOMRAM    00003E
_eusart1TxBuffer                            bssBANK4     00047E
_eusart1TxBufferRemaining                   bssCOMRAM    000040
_eusart1TxHead                              bssCOMRAM    000042
_eusart1TxTail                              bssCOMRAM    000041
_isdigit                                    text22       00426A
_isdigit$1832                               cstackCOMRAM 000014
_main                                       text0        003E6C
_pData                                      bssBANK0     000078
_pLen                                       bssBANK0     000076
_printf                                     text37       0033F4
_putch                                      text38       0042D8
_tc_high                                    intcode      000008
_tc_low                                     intcodelo    000018
atoi@a                                      cstackCOMRAM 00001E
atoi@s                                      cstackCOMRAM 000019
atoi@sign                                   cstackCOMRAM 00001D
btemp                                       temp         00004D
end_of_initialization                       cinit        003D5E
int$flags                                   temp         00004D
int_func                                    intcode_body 003A7C
intlevel0                                   text         000000
intlevel1                                   text         000000
intlevel2                                   text         000000
intlevel3                                   text         000000
isdigit@c                                   cstackCOMRAM 000015
printf@ap                                   cstackBANK0  0000D1
printf@c                                    cstackBANK0  0000D7
printf@f                                    cstackBANK0  0000CB
printf@flag                                 cstackBANK0  0000D3
printf@prec                                 cstackBANK0  0000D4
printf@val                                  cstackBANK0  0000D5
putch@data                                  cstackCOMRAM 000013
stackhi                                     (abs)        0007FF
stacklo                                     (abs)        0004FC
start                                       init         0000C6
start_initialization                        cinit        003CD6
wtemp6                                      temp         00004E


FUNCTION INFORMATION:

 *************** function _main *****************
 Defined at:
		line 106 in file "../Main.c"
 Parameters:    Size  Location     Type
		None
 Auto vars:     Size  Location     Type
		None
 Return value:  Size  Location     Type
                  1    wreg      void 
 Registers used:
		wreg, fsr1l, fsr1h, fsr2l, fsr2h, status,2, status,0, tblptrl, tblptrh, tblptru, prodl, prodh, cstack
 Tracked objects:
		On entry : 
		On exit  : 
		Unchanged: 
 Data sizes:     COMRAM   BANK0   BANK1   BANK2   BANK3   BANK4   BANK5   BANK6   BANK7
      Params:         0       0       0       0       0       0       0       0       0
      Locals:         0       0       0       0       0       0       0       0       0
      Temps:          0       0       0       0       0       0       0       0       0
      Totals:         0       0       0       0       0       0       0       0       0
Total ram usage:        0 bytes
 Hardware stack levels required when called:    9
 This function calls:
		_APIxInitialize
		_DIAGNOSTICxTOxPC
		_EEPROMxREAD
		_EUSART1_Initialize
		_Init_Pwm
		_Init_Timers
		_READxRECEIVEDxMESSAGE
		_Update_StateMchn
 This function is called by:
		Startup code after reset
 This function uses a non-reentrant model


 *************** function _Update_StateMchn *****************
 Defined at:
		line 41 in file "../State_Mchn.c"
 Parameters:    Size  Location     Type
		None
 Auto vars:     Size  Location     Type
		None
 Return value:  Size  Location     Type
                  1    wreg      void 
 Registers used:
		wreg, fsr1l, fsr1h, fsr2l, fsr2h, status,2, status,0, tblptrl, tblptrh, tblptru, cstack
 Tracked objects:
		On entry : 
		On exit  : 
		Unchanged: 
 Data sizes:     COMRAM   BANK0   BANK1   BANK2   BANK3   BANK4   BANK5   BANK6   BANK7
      Params:         0       0       0       0       0       0       0       0       0
      Locals:         0       3       0       0       0       0       0       0       0
      Temps:          0       2       0       0       0       0       0       0       0
      Totals:         0       5       0       0       0       0       0       0       0
Total ram usage:        5 bytes
 Hardware stack levels used:    1
 Hardware stack levels required when called:    8
 This function calls:
		_Debounce_Inputs
		_EEPROMxSTORE
		_GETxAPIxVAL
		_Green_Led
		_Junction
		_Red_Led
		_SETxAPIxVAL
		_SETxAPIxVALxNoxRET
		_SETxPWM
		_Train_Path
 This function is called by:
		_main
 This function uses a non-reentrant model


 *************** function _Train_Path *****************
 Defined at:
		line 967 in file "../State_Mchn.c"
 Parameters:    Size  Location     Type
  From            1    wreg     unsigned char 
  To              1   23[BANK0 ] unsigned char 
 Auto vars:     Size  Location     Type
  From            1   24[BANK0 ] unsigned char 
 Return value:  Size  Location     Type
                  1    wreg      unsigned char 
 Registers used:
		wreg, fsr2l, fsr2h, status,2, status,0, cstack
 Tracked objects:
		On entry : 
		On exit  : 
		Unchanged: 
 Data sizes:     COMRAM   BANK0   BANK1   BANK2   BANK3   BANK4   BANK5   BANK6   BANK7
      Params:         0       1       0       0       0       0       0       0       0
      Locals:         0       1       0       0       0       0       0       0       0
      Temps:          0       0       0       0       0       0       0       0       0
      Totals:         0       2       0       0       0       0       0       0       0
Total ram usage:        2 bytes
 Hardware stack levels used:    1
 Hardware stack levels required when called:    7
 This function calls:
		_GETxAPIxVAL
		_Junction
		_Left_Mountain_From_The_Left
		_Left_Mountain_From_The_Right
		_Right_Mountain_From_The_Left
		_Right_Mountain_From_The_Right
		_SETxAPIxVAL
		_Train_Move_Left_Brake
		_Train_Move_Left_Start
		_Train_Move_Right_Brake
		_Train_Move_Right_Start
 This function is called by:
		_Update_StateMchn
 This function uses a non-reentrant model


 *************** function _Train_Move_Right_Start *****************
 Defined at:
		line 27 in file "../train_move_right.c"
 Parameters:    Size  Location     Type
		None
 Auto vars:     Size  Location     Type
		None
 Return value:  Size  Location     Type
                  1    wreg      unsigned char 
 Registers used:
		wreg, fsr2l, fsr2h, status,2, status,0, cstack
 Tracked objects:
		On entry : 
		On exit  : 
		Unchanged: 
 Data sizes:     COMRAM   BANK0   BANK1   BANK2   BANK3   BANK4   BANK5   BANK6   BANK7
      Params:         0       0       0       0       0       0       0       0       0
      Locals:         0       2       0       0       0       0       0       0       0
      Temps:          0       0       0       0       0       0       0       0       0
      Totals:         0       2       0       0       0       0       0       0       0
Total ram usage:        2 bytes
 Hardware stack levels used:    1
 Hardware stack levels required when called:    6
 This function calls:
		_GETxAPIxVAL
		_SETxAPIxVAL
		_SETxPWM
 This function is called by:
		_Train_Path
 This function uses a non-reentrant model


 *************** function _Train_Move_Right_Brake *****************
 Defined at:
		line 254 in file "../train_move_right.c"
 Parameters:    Size  Location     Type
		None
 Auto vars:     Size  Location     Type
		None
 Return value:  Size  Location     Type
                  1    wreg      unsigned char 
 Registers used:
		wreg, fsr2l, fsr2h, status,2, status,0, cstack
 Tracked objects:
		On entry : 
		On exit  : 
		Unchanged: 
 Data sizes:     COMRAM   BANK0   BANK1   BANK2   BANK3   BANK4   BANK5   BANK6   BANK7
      Params:         0       0       0       0       0       0       0       0       0
      Locals:         0       2       0       0       0       0       0       0       0
      Temps:          0       0       0       0       0       0       0       0       0
      Totals:         0       2       0       0       0       0       0       0       0
Total ram usage:        2 bytes
 Hardware stack levels used:    1
 Hardware stack levels required when called:    6
 This function calls:
		_GETxAPIxVAL
		_SETxAPIxVAL
		_SETxPWM
 This function is called by:
		_Train_Path
 This function uses a non-reentrant model


 *************** function _Train_Move_Left_Start *****************
 Defined at:
		line 27 in file "../train_move_left.c"
 Parameters:    Size  Location     Type
		None
 Auto vars:     Size  Location     Type
		None
 Return value:  Size  Location     Type
                  1    wreg      unsigned char 
 Registers used:
		wreg, fsr2l, fsr2h, status,2, status,0, cstack
 Tracked objects:
		On entry : 
		On exit  : 
		Unchanged: 
 Data sizes:     COMRAM   BANK0   BANK1   BANK2   BANK3   BANK4   BANK5   BANK6   BANK7
      Params:         0       0       0       0       0       0       0       0       0
      Locals:         0       2       0       0       0       0       0       0       0
      Temps:          0       0       0       0       0       0       0       0       0
      Totals:         0       2       0       0       0       0       0       0       0
Total ram usage:        2 bytes
 Hardware stack levels used:    1
 Hardware stack levels required when called:    6
 This function calls:
		_GETxAPIxVAL
		_SETxAPIxVAL
		_SETxPWM
 This function is called by:
		_Train_Path
 This function uses a non-reentrant model


 *************** function _Train_Move_Left_Brake *****************
 Defined at:
		line 254 in file "../train_move_left.c"
 Parameters:    Size  Location     Type
		None
 Auto vars:     Size  Location     Type
		None
 Return value:  Size  Location     Type
                  1    wreg      unsigned char 
 Registers used:
		wreg, fsr2l, fsr2h, status,2, status,0, cstack
 Tracked objects:
		On entry : 
		On exit  : 
		Unchanged: 
 Data sizes:     COMRAM   BANK0   BANK1   BANK2   BANK3   BANK4   BANK5   BANK6   BANK7
      Params:         0       0       0       0       0       0       0       0       0
      Locals:         0       2       0       0       0       0       0       0       0
      Temps:          0       0       0       0       0       0       0       0       0
      Totals:         0       2       0       0       0       0       0       0       0
Total ram usage:        2 bytes
 Hardware stack levels used:    1
 Hardware stack levels required when called:    6
 This function calls:
		_GETxAPIxVAL
		_SETxAPIxVAL
		_SETxPWM
 This function is called by:
		_Train_Path
 This function uses a non-reentrant model


 *************** function _Right_Mountain_From_The_Right *****************
 Defined at:
		line 103 in file "../train_move_left.c"
 Parameters:    Size  Location     Type
  rc              1    wreg     unsigned char 
 Auto vars:     Size  Location     Type
  rc              1   21[BANK0 ] unsigned char 
 Return value:  Size  Location     Type
                  1    wreg      unsigned char 
 Registers used:
		wreg, fsr2l, fsr2h, status,2, status,0, cstack
 Tracked objects:
		On entry : 
		On exit  : 
		Unchanged: 
 Data sizes:     COMRAM   BANK0   BANK1   BANK2   BANK3   BANK4   BANK5   BANK6   BANK7
      Params:         0       0       0       0       0       0       0       0       0
      Locals:         0       1       0       0       0       0       0       0       0
      Temps:          0       0       0       0       0       0       0       0       0
      Totals:         0       1       0       0       0       0       0       0       0
Total ram usage:        1 bytes
 Hardware stack levels used:    1
 Hardware stack levels required when called:    6
 This function calls:
		_GETxAPIxVAL
		_SETxPWM
 This function is called by:
		_Train_Path
 This function uses a non-reentrant model


 *************** function _Right_Mountain_From_The_Left *****************
 Defined at:
		line 179 in file "../train_move_right.c"
 Parameters:    Size  Location     Type
  rc              1    wreg     unsigned char 
 Auto vars:     Size  Location     Type
  rc              1   21[BANK0 ] unsigned char 
 Return value:  Size  Location     Type
                  1    wreg      unsigned char 
 Registers used:
		wreg, fsr2l, fsr2h, status,2, status,0, cstack
 Tracked objects:
		On entry : 
		On exit  : 
		Unchanged: 
 Data sizes:     COMRAM   BANK0   BANK1   BANK2   BANK3   BANK4   BANK5   BANK6   BANK7
      Params:         0       0       0       0       0       0       0       0       0
      Locals:         0       1       0       0       0       0       0       0       0
      Temps:          0       0       0       0       0       0       0       0       0
      Totals:         0       1       0       0       0       0       0       0       0
Total ram usage:        1 bytes
 Hardware stack levels used:    1
 Hardware stack levels required when called:    6
 This function calls:
		_GETxAPIxVAL
		_SETxPWM
 This function is called by:
		_Train_Path
 This function uses a non-reentrant model


 *************** function _Left_Mountain_From_The_Right *****************
 Defined at:
		line 178 in file "../train_move_left.c"
 Parameters:    Size  Location     Type
  rc              1    wreg     unsigned char 
 Auto vars:     Size  Location     Type
  rc              1   21[BANK0 ] unsigned char 
 Return value:  Size  Location     Type
                  1    wreg      unsigned char 
 Registers used:
		wreg, fsr2l, fsr2h, status,2, status,0, cstack
 Tracked objects:
		On entry : 
		On exit  : 
		Unchanged: 
 Data sizes:     COMRAM   BANK0   BANK1   BANK2   BANK3   BANK4   BANK5   BANK6   BANK7
      Params:         0       0       0       0       0       0       0       0       0
      Locals:         0       1       0       0       0       0       0       0       0
      Temps:          0       0       0       0       0       0       0       0       0
      Totals:         0       1       0       0       0       0       0       0       0
Total ram usage:        1 bytes
 Hardware stack levels used:    1
 Hardware stack levels required when called:    6
 This function calls:
		_GETxAPIxVAL
		_SETxPWM
 This function is called by:
		_Train_Path
 This function uses a non-reentrant model


 *************** function _Left_Mountain_From_The_Left *****************
 Defined at:
		line 104 in file "../train_move_right.c"
 Parameters:    Size  Location     Type
  rc              1    wreg     unsigned char 
 Auto vars:     Size  Location     Type
  rc              1   21[BANK0 ] unsigned char 
 Return value:  Size  Location     Type
                  1    wreg      unsigned char 
 Registers used:
		wreg, fsr2l, fsr2h, status,2, status,0, cstack
 Tracked objects:
		On entry : 
		On exit  : 
		Unchanged: 
 Data sizes:     COMRAM   BANK0   BANK1   BANK2   BANK3   BANK4   BANK5   BANK6   BANK7
      Params:         0       0       0       0       0       0       0       0       0
      Locals:         0       1       0       0       0       0       0       0       0
      Temps:          0       0       0       0       0       0       0       0       0
      Totals:         0       1       0       0       0       0       0       0       0
Total ram usage:        1 bytes
 Hardware stack levels used:    1
 Hardware stack levels required when called:    6
 This function calls:
		_GETxAPIxVAL
		_SETxPWM
 This function is called by:
		_Train_Path
 This function uses a non-reentrant model


 *************** function _SETxPWM *****************
 Defined at:
		line 20 in file "../set_pwm.c"
 Parameters:    Size  Location     Type
  speed           2   30[COMRAM] unsigned int 
  direction       1   32[COMRAM] unsigned char 
 Auto vars:     Size  Location     Type
  pwm_speed       2   35[COMRAM] unsigned int 
 Return value:  Size  Location     Type
                  1    wreg      void 
 Registers used:
		wreg, fsr2l, fsr2h, status,2, status,0, cstack
 Tracked objects:
		On entry : 
		On exit  : 
		Unchanged: 
 Data sizes:     COMRAM   BANK0   BANK1   BANK2   BANK3   BANK4   BANK5   BANK6   BANK7
      Params:         3       0       0       0       0       0       0       0       0
      Locals:         2       0       0       0       0       0       0       0       0
      Temps:          2       0       0       0       0       0       0       0       0
      Totals:         7       0       0       0       0       0       0       0       0
Total ram usage:        7 bytes
 Hardware stack levels used:    1
 Hardware stack levels required when called:    5
 This function calls:
		_GETxAPIxVAL
		_SETxAPIxVAL
 This function is called by:
		_Update_StateMchn
		_Train_Move_Left_Start
		_Right_Mountain_From_The_Right
		_Left_Mountain_From_The_Right
		_Train_Move_Left_Brake
		_Train_Move_Right_Start
		_Left_Mountain_From_The_Left
		_Right_Mountain_From_The_Left
		_Train_Move_Right_Brake
 This function uses a non-reentrant model


 *************** function _Junction *****************
 Defined at:
		line 26 in file "../junction.c"
 Parameters:    Size  Location     Type
  Junction_Lef    1    wreg     unsigned char 
  Straight_Ben    1   30[COMRAM] unsigned char 
 Auto vars:     Size  Location     Type
  Junction_Lef    1   31[COMRAM] unsigned char 
 Return value:  Size  Location     Type
                  1    wreg      unsigned char 
 Registers used:
		wreg, fsr2l, fsr2h, status,2, status,0, cstack
 Tracked objects:
		On entry : 
		On exit  : 
		Unchanged: 
 Data sizes:     COMRAM   BANK0   BANK1   BANK2   BANK3   BANK4   BANK5   BANK6   BANK7
      Params:         1       0       0       0       0       0       0       0       0
      Locals:         1       0       0       0       0       0       0       0       0
      Temps:          0       0       0       0       0       0       0       0       0
      Totals:         2       0       0       0       0       0       0       0       0
Total ram usage:        2 bytes
 Hardware stack levels used:    1
 Hardware stack levels required when called:    5
 This function calls:
		_GETxAPIxVAL
		_SETxAPIxVAL
 This function is called by:
		_Update_StateMchn
		_Train_Path
 This function uses a non-reentrant model


 *************** function _Red_Led *****************
 Defined at:
		line 97 in file "../io.c"
 Parameters:    Size  Location     Type
  Operation       1    wreg     unsigned char 
 Auto vars:     Size  Location     Type
  Operation       1   18[COMRAM] unsigned char 
 Return value:  Size  Location     Type
                  1    wreg      void 
 Registers used:
		wreg, status,2, status,0
 Tracked objects:
		On entry : 
		On exit  : 
		Unchanged: 
[...]
                  1    wreg      void 
 Registers used:
		wreg, status,2, status,0, cstack
 Tracked objects:
		On entry : 
		On exit  : 
		Unchanged: 
 Data sizes:     COMRAM   BANK0   BANK1   BANK2   BANK3   BANK4   BANK5   BANK6   BANK7
      Params:         0       0       0       0       0       0       0       0       0
      Locals:         4       0       0       0       0       0       0       0       0
      Temps:          0       0       0       0       0       0       0       0       0
      Totals:         4       0       0       0       0       0       0       0       0
Total ram usage:        4 bytes
 Hardware stack levels used:    1
 Hardware stack levels required when called:    4
 This function calls:
		_Eeprom_Read
 This function is called by:
		_main
 This function uses a non-reentrant model


 *************** function _Eeprom_Read *****************
 Defined at:
		line 83 in file "../eeprom_settings.c"
 Parameters:    Size  Location     Type
  Location        2   18[COMRAM] unsigned int 
 Auto vars:     Size  Location     Type
  Return_Data     2   24[COMRAM] unsigned int 
  Location_Hig    2   22[COMRAM] unsigned int 
  Location_Low    2   20[COMRAM] unsigned int 
 Return value:  Size  Location     Type
                  2   18[COMRAM] unsigned int 
 Registers used:
		wreg, status,2, status,0
 Tracked objects:
		On entry : 
		On exit  : 
		Unchanged: 
 Data sizes:     COMRAM   BANK0   BANK1   BANK2   BANK3   BANK4   BANK5   BANK6   BANK7
      Params:         2       0       0       0       0       0       0       0       0
      Locals:         6       0       0       0       0       0       0       0       0
      Temps:          0       0       0       0       0       0       0       0       0
      Totals:         8       0       0       0       0       0       0       0       0
Total ram usage:        8 bytes
 Hardware stack levels used:    1
 Hardware stack levels required when called:    3
 This function calls:
		Nothing
 This function is called by:
		_EEPROMxREAD
 This function uses a non-reentrant model


 *************** function _DIAGNOSTICxTOxPC *****************
 Defined at:
		line 194 in file "../terminal.c"
 Parameters:    Size  Location     Type
		None
 Auto vars:     Size  Location     Type
		None
 Return value:  Size  Location     Type
                  1    wreg      void 
 Registers used:
		wreg, fsr2l, fsr2h, status,2, status,0, tblptrl, tblptrh, tblptru, prodl, prodh, cstack
 Tracked objects:
		On entry : 
		On exit  : 
		Unchanged: 
 Data sizes:     COMRAM   BANK0   BANK1   BANK2   BANK3   BANK4   BANK5   BANK6   BANK7
      Params:         0       0       0       0       0       0       0       0       0
      Locals:         0       0       0       0       0       0       0       0       0
      Temps:          2       0       0       0       0       0       0       0       0
      Totals:         2       0       0       0       0       0       0       0       0
Total ram usage:        2 bytes
 Hardware stack levels used:    1
 Hardware stack levels required when called:    6
 This function calls:
		_SendMessage
 This function is called by:
		_main
 This function uses a non-reentrant model


 *************** function _SendMessage *****************
 Defined at:
		line 185 in file "../terminal.c"
 Parameters:    Size  Location     Type
  index           2   34[BANK0 ] unsigned int 
  value           2   36[BANK0 ] unsigned int 
 Auto vars:     Size  Location     Type
		None
 Return value:  Size  Location     Type
                  1    wreg      void 
 Registers used:
		wreg, fsr2l, fsr2h, status,2, status,0, tblptrl, tblptrh, tblptru, prodl, prodh, cstack
 Tracked objects:
		On entry : 
		On exit  : 
		Unchanged: 
 Data sizes:     COMRAM   BANK0   BANK1   BANK2   BANK3   BANK4   BANK5   BANK6   BANK7
      Params:         0       4       0       0       0       0       0       0       0
      Locals:         0       0       0       0       0       0       0       0       0
      Temps:          0       0       0       0       0       0       0       0       0
      Totals:         0       4       0       0       0       0       0       0       0
Total ram usage:        4 bytes
 Hardware stack levels used:    1
 Hardware stack levels required when called:    5
 This function calls:
		_printf
 This function is called by:
		_DIAGNOSTICxTOxPC
 This function uses a non-reentrant model


 *************** function _printf *****************
 Defined at:
		line 464 in file "C:\Program Files (x86)\Microchip\xc8\v1.44\sources\common\doprnt.c"
 Parameters:    Size  Location     Type
  f               2   21[BANK0 ] PTR const unsigned char 
		 -> STR_8(10), STR_7(7), STR_6(7), STR_5(7), 
		 -> STR_4(7), STR_3(7), STR_2(7), STR_1(7), 
 Auto vars:     Size  Location     Type
  tmpval          4    0        struct .
  cp              3    0        PTR const unsigned char 
  val             2   31[BANK0 ] unsigned int 
  ap              2   27[BANK0 ] PTR void [1]
		 -> ?_printf(2), 
  len             2    0        unsigned int 
  c               1   33[BANK0 ] char 
  prec            1   30[BANK0 ] char 
  flag            1   29[BANK0 ] unsigned char 
 Return value:  Size  Location     Type
                  2   21[BANK0 ] int 
 Registers used:
		wreg, fsr2l, fsr2h, status,2, status,0, tblptrl, tblptrh, tblptru, prodl, prodh, cstack
 Tracked objects:
		On entry : 
		On exit  : 
		Unchanged: 
 Data sizes:     COMRAM   BANK0   BANK1   BANK2   BANK3   BANK4   BANK5   BANK6   BANK7
      Params:         0       6       0       0       0       0       0       0       0
      Locals:         0       7       0       0       0       0       0       0       0
      Temps:          1       0       0       0       0       0       0       0       0
      Totals:         1      13       0       0       0       0       0       0       0
Total ram usage:       14 bytes
 Hardware stack levels used:    1
 Hardware stack levels required when called:    4
 This function calls:
		___lwdiv
		___lwmod
		_putch
 This function is called by:
		_READxRECEIVEDxMESSAGE
		_TranslateMessage
		_SendMessage
 This function uses a non-reentrant model


 *************** function _putch *****************
 Defined at:
		line 177 in file "../eusart1.c"
 Parameters:    Size  Location     Type
  data            1    wreg     unsigned char 
 Auto vars:     Size  Location     Type
  data            1   18[COMRAM] unsigned char 
 Return value:  Size  Location     Type
                  1    wreg      void 
 Registers used:
		wreg
 Tracked objects:
		On entry : 
		On exit  : 
		Unchanged: 
 Data sizes:     COMRAM   BANK0   BANK1   BANK2   BANK3   BANK4   BANK5   BANK6   BANK7
      Params:         0       0       0       0       0       0       0       0       0
      Locals:         1       0       0       0       0       0       0       0       0
      Temps:          0       0       0       0       0       0       0       0       0
      Totals:         1       0       0       0       0       0       0       0       0
Total ram usage:        1 bytes
 Hardware stack levels used:    1
 Hardware stack levels required when called:    3
 This function calls:
		Nothing
 This function is called by:
		_printf
 This function uses a non-reentrant model


 *************** function ___lwmod *****************
 Defined at:
		line 8 in file "C:\Program Files (x86)\Microchip\xc8\v1.44\sources\common\lwmod.c"
 Parameters:    Size  Location     Type
  dividend        2   25[COMRAM] unsigned int 
  divisor         2   27[COMRAM] unsigned int 
 Auto vars:     Size  Location     Type
  counter         1   29[COMRAM] unsigned char 
 Return value:  Size  Location     Type
                  2   25[COMRAM] unsigned int 
 Registers used:
		wreg, status,2, status,0
 Tracked objects:
		On entry : 
		On exit  : 
		Unchanged: 
 Data sizes:     COMRAM   BANK0   BANK1   BANK2   BANK3   BANK4   BANK5   BANK6   BANK7
      Params:         4       0       0       0       0       0       0       0       0
      Locals:         1       0       0       0       0       0       0       0       0
      Temps:          0       0       0       0       0       0       0       0       0
      Totals:         5       0       0       0       0       0       0       0       0
Total ram usage:        5 bytes
 Hardware stack levels used:    1
 Hardware stack levels required when called:    3
 This function calls:
		Nothing
 This function is called by:
		_printf
 This function uses a non-reentrant model


 *************** function ___lwdiv *****************
 Defined at:
		line 8 in file "C:\Program Files (x86)\Microchip\xc8\v1.44\sources\common\lwdiv.c"
 Parameters:    Size  Location     Type
  dividend        2   18[COMRAM] unsigned int 
  divisor         2   20[COMRAM] unsigned int 
 Auto vars:     Size  Location     Type
  quotient        2   23[COMRAM] unsigned int 
  counter         1   22[COMRAM] unsigned char 
 Return value:  Size  Location     Type
                  2   18[COMRAM] unsigned int 
 Registers used:
		wreg, status,2, status,0
 Tracked objects:
		On entry : 
		On exit  : 
		Unchanged: 
 Data sizes:     COMRAM   BANK0   BANK1   BANK2   BANK3   BANK4   BANK5   BANK6   BANK7
      Params:         4       0       0       0       0       0       0       0       0
      Locals:         3       0       0       0       0       0       0       0       0
      Temps:          0       0       0       0       0       0       0       0       0
      Totals:         7       0       0       0       0       0       0       0       0
Total ram usage:        7 bytes
 Hardware stack levels used:    1
 Hardware stack levels required when called:    3
 This function calls:
		Nothing
 This function is called by:
		_printf
 This function uses a non-reentrant model


 *************** function _APIxInitialize *****************
 Defined at:
		line 33 in file "../api.c"
 Parameters:    Size  Location     Type
		None
 Auto vars:     Size  Location     Type
  i               2   18[COMRAM] unsigned int 
 Return value:  Size  Location     Type
                  1    wreg      void 
 Registers used:
		wreg, fsr2l, fsr2h, status,2, status,0
 Tracked objects:
		On entry : 
		On exit  : 
		Unchanged: 
 Data sizes:     COMRAM   BANK0   BANK1   BANK2   BANK3   BANK4   BANK5   BANK6   BANK7
      Params:         0       0       0       0       0       0       0       0       0
      Locals:         2       0       0       0       0       0       0       0       0
      Temps:          0       0       0       0       0       0       0       0       0
      Totals:         2       0       0       0       0       0       0       0       0
Total ram usage:        2 bytes
 Hardware stack levels used:    1
 Hardware stack levels required when called:    3
 This function calls:
		Nothing
 This function is called by:
		_main
 This function uses a non-reentrant model


 *************** function _tc_low *****************
 Defined at:
		line 148 in file "../Main.c"
 Parameters:    Size  Location     Type
		None
 Auto vars:     Size  Location     Type
		None
 Return value:  Size  Location     Type
                  1    wreg      void 
 Registers used:
		None
 Tracked objects:
		On entry : 
		On exit  : 
		Unchanged: 
 Data sizes:     COMRAM   BANK0   BANK1   BANK2   BANK3   BANK4   BANK5   BANK6   BANK7
      Params:         0       0       0       0       0       0       0       0       0
      Locals:         0       0       0       0       0       0       0       0       0
      Temps:          0      21       0       0       0       0       0       0       0
      Totals:         0      21       0       0       0       0       0       0       0
Total ram usage:       21 bytes
 Hardware stack levels used:    1
 Hardware stack levels required when called:    2
 This function calls:
		Nothing
 This function is called by:
		Interrupt level 1
 This function uses a non-reentrant model


 *************** function _tc_high *****************
 Defined at:
		line 152 in file "../Main.c"
 Parameters:    Size  Location     Type
		None
 Auto vars:     Size  Location     Type
		None
 Return value:  Size  Location     Type
                  1    wreg      void 
 Registers used:
		wreg, fsr2l, fsr2h, status,2, status,0, prodl, prodh, cstack
 Tracked objects:
		On entry : 
		On exit  : 
		Unchanged: 
 Data sizes:     COMRAM   BANK0   BANK1   BANK2   BANK3   BANK4   BANK5   BANK6   BANK7
      Params:         0       0       0       0       0       0       0       0       0
      Locals:         0       0       0       0       0       0       0       0       0
      Temps:         18       0       0       0       0       0       0       0       0
      Totals:        18       0       0       0       0       0       0       0       0
Total ram usage:       18 bytes
 Hardware stack levels used:    1
 Hardware stack levels required when called:    1
 This function calls:
		_EUSART1_Receive_ISR
		_EUSART1_Transmit_ISR
 This function is called by:
		Interrupt level 2
 This function uses a non-reentrant model


 *************** function _EUSART1_Transmit_ISR *****************
 Defined at:
		line 183 in file "../eusart1.c"
 Parameters:    Size  Location     Type
		None
 Auto vars:     Size  Location     Type
		None
 Return value:  Size  Location     Type
                  1    wreg      void 
 Registers used:
		wreg, fsr2l, fsr2h, status,2, status,0, prodl, prodh
 Tracked objects:
		On entry : 
		On exit  : 
		Unchanged: 
 Data sizes:     COMRAM   BANK0   BANK1   BANK2   BANK3   BANK4   BANK5   BANK6   BANK7
      Params:         0       0       0       0       0       0       0       0       0
      Locals:         0       0       0       0       0       0       0       0       0
      Temps:          0       0       0       0       0       0       0       0       0
      Totals:         0       0       0       0       0       0       0       0       0
Total ram usage:        0 bytes
 Hardware stack levels used:    1
 This function calls:
		Nothing
 This function is called by:
		_tc_high
 This function uses a non-reentrant model


 *************** function _EUSART1_Receive_ISR *****************
 Defined at:
		line 197 in file "../eusart1.c"
 Parameters:    Size  Location     Type
		None
 Auto vars:     Size  Location     Type
		None
 Return value:  Size  Location     Type
                  1    wreg      void 
 Registers used:
		wreg, fsr2l, fsr2h, status,2, status,0, prodl, prodh
 Tracked objects:
		On entry : 
		On exit  : 
		Unchanged: 
 Data sizes:     COMRAM   BANK0   BANK1   BANK2   BANK3   BANK4   BANK5   BANK6   BANK7
      Params:         0       0       0       0       0       0       0       0       0
      Locals:         0       0       0       0       0       0       0       0       0
      Temps:          0       0       0       0       0       0       0       0       0
      Totals:         0       0       0       0       0       0       0       0       0
Total ram usage:        0 bytes
 Hardware stack levels used:    1
 This function calls:
		Nothing
 This function is called by:
		_tc_high
 This function uses a non-reentrant model



MODULE INFORMATION

Module		Function		Class		Link	Load	Size
C:\Program Files (x86)\Microchip\xc8\v1.44\sources\common\lwmod.c
		___lwmod       		CODE           	4076	0000	67

C:\Program Files (x86)\Microchip\xc8\v1.44\sources\common\lwmod.c estimated size: 67

../io.c
		_Green_Led     		CODE           	3DEC	0000	129
		_Red_Led       		CODE           	3D6C	0000	129
		_Debounce_Inputs		CODE           	15CE	0000	1927

../io.c estimated size: 2185

../train_move_right.c
		_Train_Move_Right_Start		CODE           	32BE	0000	311
		_Train_Move_Right_Brake		CODE           	2F08	0000	321
		_Right_Mountain_From_The_Left		CODE           	3632	0000	277
		_Left_Mountain_From_The_Left		CODE           	385A	0000	275

../train_move_right.c estimated size: 1184

C:\Program Files (x86)\Microchip\xc8\v1.44\sources\common\lwdiv.c
		___lwdiv       		CODE           	3F3E	0000	83

C:\Program Files (x86)\Microchip\xc8\v1.44\sources\common\lwdiv.c estimated size: 83

C:\Program Files (x86)\Microchip\xc8\v1.44\sources\common\doprnt.c
		_printf        		CODE           	33F4	0000	299

C:\Program Files (x86)\Microchip\xc8\v1.44\sources\common\doprnt.c estimated size: 299

../Main.c
		_Init_Timers   		CODE           	42C0	0000	25
		_main          		CODE           	3E6C	0000	123
		_Init_Pwm      		CODE           	41FC	0000	41
		_tc_high       		CODE           	0008	0000	231
		_tc_low        		CODE           	0018	0000	175

../Main.c estimated size: 595

C:\Program Files (x86)\Microchip\xc8\v1.44\sources\common\Umul16.c
		___wmul        		CODE           	4224	0000	39

C:\Program Files (x86)\Microchip\xc8\v1.44\sources\common\Umul16.c estimated size: 39

../junction.c
		_Junction      		CODE           	2A8A	0000	481

../junction.c estimated size: 481

C:\Program Files (x86)\Microchip\xc8\v1.44\sources\pic18\plib\PWM\pw1setdc.c
		_SetDCPWM1     		CODE           	4134	0000	59

C:\Program Files (x86)\Microchip\xc8\v1.44\sources\pic18\plib\PWM\pw1setdc.c estimated size: 59

../eeprom_settings.c
		_EEPROMxREAD   		CODE           	40B8	0000	65
		_EEPROMxSTORE  		CODE           	3048	0000	319
		_Eeprom_Read   		CODE           	3FE0	0000	79
		_Eeprom_Store  		CODE           	3EE6	0000	89

../eeprom_settings.c estimated size: 552

../terminal.c
		_SENDxMESSAGE  		CODE           	2854	0000	567
		_SendMessage   		CODE           	424A	0000	33
		_READxRECEIVEDxMESSAGE		CODE           	3746	0000	277
		_DIAGNOSTICxTOxPC		CODE           	261A	0000	571
		_TranslateMessage		CODE           	2C6A	0000	345

../terminal.c estimated size: 1793

shared
		_dpowers       		SMALLCONST     	0839	0000	11
		__initialization		CODE           	3CD6	0000	137
		_ApiList       		SMALLCONST     	0801	0000	57
		_DataLen       		SMALLCONST     	0843	0000	2

shared estimated size: 207

C:\Program Files (x86)\Microchip\xc8\v1.44\sources\common\atoi.c
		_atoi          		CODE           	3B5C	0000	207

C:\Program Files (x86)\Microchip\xc8\v1.44\sources\common\atoi.c estimated size: 207

../State_Mchn.c
		_Update_StateMchn		CODE           	0872	0000	3421
		_Train_Path    		CODE           	2240	0000	987

../State_Mchn.c estimated size: 4408

C:\Program Files (x86)\Microchip\xc8\v1.44\sources\common\isdigit.c
		_isdigit       		CODE           	426A	0000	31

C:\Program Files (x86)\Microchip\xc8\v1.44\sources\common\isdigit.c estimated size: 31

../eusart1.c
		_EUSART1_Initialize		CODE           	402E	0000	73
		_putch         		CODE           	42D8	0000	13
		_EUSART1_Read  		CODE           	416E	0000	53
		_EUSART1_Receive_ISR		CODE           	41D0	0000	45
		_EUSART1_Transmit_ISR		CODE           	41A2	0000	47

../eusart1.c estimated size: 231

../api.c
		_GETxAPIxRW    		CODE           	42A4	0000	29
		_GETxAPIxVAL   		CODE           	4288	0000	29
		_SETxAPIxVAL   		CODE           	3F90	0000	81
		_APIxInitialize		CODE           	1D54	0000	1261
		_SETxAPIxVALxNoxRET		CODE           	40F8	0000	61

../api.c estimated size: 1461

../train_move_left.c
		_Train_Move_Left_Brake		CODE           	2DC2	0000	327
		_Right_Mountain_From_The_Right		CODE           	351E	0000	277
		_Left_Mountain_From_The_Right		CODE           	396C	0000	273
		_Train_Move_Left_Start		CODE           	3186	0000	313

../train_move_left.c estimated size: 1190

../set_pwm.c
		_SETxPWM       		CODE           	3C2A	0000	173

../set_pwm.c estimated size: 173

