MPLINK 4.37, Linker
Linker Map File - Created Tue Jun 10 21:22:14 2014

                                 Section Info
                  Section       Type    Address   Location Size(Bytes)
                ---------  ---------  ---------  ---------  ---------
               _entry_scn       code   0x000000    program   0x000006
           .code___init.o       code   0x000006    program   0x000002
              high_vector       code   0x000008    program   0x000006
         .romdata_c018i.o    romdata   0x00000e    program   0x000000
     .romdata_ecexcuter.o    romdata   0x00000e    program   0x000000
          .idata_main.o_i    romdata   0x00000e    program   0x00000a
          .romdata_main.o    romdata   0x00000e    program   0x000000
.romdata_design_all_leds_off.o    romdata   0x00000e    program   0x000000
        .romdata___init.o    romdata   0x00000e    program   0x000000
      .idata_sequence.o_i    romdata   0x00000e    program   0x000000
      .romdata_sequence.o    romdata   0x00000e    program   0x000000
               low_vector       code   0x000018    program   0x000006
                   .cinit    romdata   0x00001e    program   0x00004a
        .code_ecexcuter.o       code   0x000068    program   0x00162a
                     rom1    romdata   0x001692    program   0x000712
           .code_design.o       code   0x001da4    program   0x00047c
             .code_main.o       code   0x002220    program   0x0001e0
        .romdata_design.o    romdata   0x002400    program   0x00015c
    .code_design_random.o       code   0x00255c    program   0x000112
.code_design_all_leds_off.o       code   0x00266e    program   0x000104
 .romdata_design_random.o    romdata   0x002772    program   0x0000c0
               _cinit_scn       code   0x002832    program   0x00009e
                    .code       code   0x0028d0    program   0x000020
             _startup_scn       code   0x0028f0    program   0x00001c
           main_struct3_i    romdata   0x00290c    program   0x000030
           main_struct2_i    romdata   0x00293c    program   0x000030
           main_struct1_i    romdata   0x00296c    program   0x0000f0
     .idata_ecexcuter.o_i    romdata   0x002a5c    program   0x000002
        .idata_design.o_i    romdata   0x002a5e    program   0x00000a
.idata_design_all_leds_off.o_i    romdata   0x002a5e    program   0x000000
 .idata_design_random.o_i    romdata   0x002a5e    program   0x000000
         .idata_c018i.o_i    romdata   0x002a68    program   0x000000
            .code_c018i.o       code   0x002a68    program   0x000000
        .idata___init.o_i    romdata   0x002a68    program   0x000000
         .code_sequence.o       code   0x002a68    program   0x000000
    .config_300000_main.o    romdata   0x300000    program   0x000001
    .config_300001_main.o    romdata   0x300001    program   0x000001
    .config_300002_main.o    romdata   0x300002    program   0x000001
    .config_300003_main.o    romdata   0x300003    program   0x000001
    .config_300005_main.o    romdata   0x300005    program   0x000001
    .config_300006_main.o    romdata   0x300006    program   0x000001
    .config_300008_main.o    romdata   0x300008    program   0x000001
    .config_300009_main.o    romdata   0x300009    program   0x000001
    .config_30000a_main.o    romdata   0x30000a    program   0x000001
    .config_30000b_main.o    romdata   0x30000b    program   0x000001
    .config_30000c_main.o    romdata   0x30000c    program   0x000001
    .config_30000d_main.o    romdata   0x30000d    program   0x000001
                MATH_DATA      udata   0x000000       data   0x000002
                 .tmpdata      udata   0x000002       data   0x000002
             main_struct3      idata   0x000060       data   0x000030
             main_struct2      idata   0x000090       data   0x000030
            .idata_main.o      idata   0x0000c0       data   0x00000a
          .idata_design.o      idata   0x0000ca       data   0x00000a
             main_struct1      idata   0x000100       data   0x0000f0
           .udata_c018i.o      udata   0x0001f0       data   0x00000a
       .idata_ecexcuter.o      idata   0x0001fa       data   0x000002
          .idata___init.o      idata   0x0001fc       data   0x000000
          .udata___init.o      udata   0x0001fc       data   0x000000
        .idata_sequence.o      idata   0x0001fc       data   0x000000
        .udata_sequence.o      udata   0x0001fc       data   0x000000
   .idata_design_random.o      idata   0x0001fc       data   0x000000
   .udata_design_random.o      udata   0x0001fc       data   0x000000
.idata_design_all_leds_off.o      idata   0x0001fc       data   0x000000
.udata_design_all_leds_off.o      udata   0x0001fc       data   0x000000
          .udata_design.o      udata   0x0001fc       data   0x000000
       .udata_ecexcuter.o      udata   0x0001fc       data   0x000000
            .udata_main.o      udata   0x0001fc       data   0x000000
           .idata_c018i.o      idata   0x0001fc       data   0x000000
                   .stack      udata   0x000300       data   0x000100
            SFR_UNBANKED0      udata   0x000f62       data   0x00009e



                              Program Memory Usage 
                               Start         End      
                           ---------   ---------      
                            0x000000    0x002a67      
                            0x300000    0x300003      
                            0x300005    0x300006      
                            0x300008    0x30000d      
            10868 out of 24856 program addresses used, program memory utilization is 43%



                              Symbols - Sorted by Name
                     Name    Address   Location    Storage File                     
                ---------  ---------  ---------  --------- ---------                
      DESIGNxALLxLEDSxOFF   0x00266e    program     extern C:\Users\Jeremy Siebers\MPLABXProjects\Christmas_star\christmas_star.X\design_all_leds_off.c
       DESIGNxALLxLEDSxON   0x0026ba    program     extern C:\Users\Jeremy Siebers\MPLABXProjects\Christmas_star\christmas_star.X\design_all_leds_off.c
   DESIGNxALLxLEDSxSLBLNK   0x002706    program     extern C:\Users\Jeremy Siebers\MPLABXProjects\Christmas_star\christmas_star.X\design_all_leds_off.c
            DESIGNxRANDOM   0x00255c    program     extern C:\Users\Jeremy Siebers\MPLABXProjects\Christmas_star\christmas_star.X\design_random.c
           EXECUTExEFFECT   0x000068    program     extern C:\Users\Jeremy Siebers\MPLABXProjects\Christmas_star\christmas_star.X\ecexcuter.c
                EXECxTIME   0x0021c4    program     extern C:\Users\Jeremy Siebers\MPLABXProjects\Christmas_star\christmas_star.X\design.c
              Effect_Prog   0x000296    program     extern C:\Users\Jeremy Siebers\MPLABXProjects\Christmas_star\christmas_star.X\ecexcuter.c
             Effect_Prog0   0x00030c    program     extern C:\Users\Jeremy Siebers\MPLABXProjects\Christmas_star\christmas_star.X\ecexcuter.c
             Effect_Prog1   0x0003b6    program     extern C:\Users\Jeremy Siebers\MPLABXProjects\Christmas_star\christmas_star.X\ecexcuter.c
             Effect_Prog2   0x0003ee    program     extern C:\Users\Jeremy Siebers\MPLABXProjects\Christmas_star\christmas_star.X\ecexcuter.c
             Effect_Prog3   0x000790    program     extern C:\Users\Jeremy Siebers\MPLABXProjects\Christmas_star\christmas_star.X\ecexcuter.c
             Effect_Prog4   0x000968    program     extern C:\Users\Jeremy Siebers\MPLABXProjects\Christmas_star\christmas_star.X\ecexcuter.c
             Effect_Prog5   0x000bf2    program     extern C:\Users\Jeremy Siebers\MPLABXProjects\Christmas_star\christmas_star.X\ecexcuter.c
                  Init_IO   0x002392    program     static C:\Users\Jeremy Siebers\MPLABXProjects\Christmas_star\christmas_star.X\main.c
                 Init_Osc   0x0023c2    program     static C:\Users\Jeremy Siebers\MPLABXProjects\Christmas_star\christmas_star.X\main.c
              Init_Timers   0x0023c6    program     static C:\Users\Jeremy Siebers\MPLABXProjects\Christmas_star\christmas_star.X\main.c
              RUNxDISPLAY   0x001da4    program     extern C:\Users\Jeremy Siebers\MPLABXProjects\Christmas_star\christmas_star.X\design.c
        Rand_Illumination   0x0027a2    program     extern C:\Users\Jeremy Siebers\MPLABXProjects\Christmas_star\christmas_star.X\design_random.c
           Rand_Iteration   0x0027d2    program     extern C:\Users\Jeremy Siebers\MPLABXProjects\Christmas_star\christmas_star.X\design_random.c
           Rand_ProgState   0x002802    program     extern C:\Users\Jeremy Siebers\MPLABXProjects\Christmas_star\christmas_star.X\design_random.c
               Rand_Speed   0x002772    program     extern C:\Users\Jeremy Siebers\MPLABXProjects\Christmas_star\christmas_star.X\design_random.c
             Run_Display0   0x002400    program     extern C:\Users\Jeremy Siebers\MPLABXProjects\Christmas_star\christmas_star.X\design.c
                 Sequence   0x001692    program     extern C:\Users\Jeremy Siebers\MPLABXProjects\Christmas_star\christmas_star.X\sequence.c
            UPDATExDESIGN   0x001e18    program     extern C:\Users\Jeremy Siebers\MPLABXProjects\Christmas_star\christmas_star.X\design.c
           UPDATExLEDSTAT   0x000e72    program     extern C:\Users\Jeremy Siebers\MPLABXProjects\Christmas_star\christmas_star.X\ecexcuter.c
      ___case_11_lbl00007   0x00227c    program     static                          
      ___case_13_lbl00006   0x002274    program     static                          
      ___case_14_lbl00005   0x00226e    program     static                          
       ___case_7_lbl00008   0x002284    program     static                          
           ___if_lbl00003   0x002258    program     static                          
           ___if_lbl00009   0x002290    program     static                          
       ___return_lbl00000   0x002292    program     static                          
       ___return_lbl00000   0x000004    program     static                          
       ___return_lbl00001   0x00290a    program     static                          
       ___return_lbl00002   0x0028ce    program     static                          
       ___return_lbl00010   0x00000c    program     static                          
       ___return_lbl00024   0x00001c    program     static                          
   ___switchexit_lbl00004   0x00228c    program     static                          
        ___while_lbl00001   0x002230    program     static                          
        ___while_lbl00002   0x002292    program     static                          
               __config_0   0x300000    program     static C:\Users\Jeremy Siebers\MPLABXProjects\Christmas_star\christmas_star.X\main.c
               __config_1   0x300001    program     static C:\Users\Jeremy Siebers\MPLABXProjects\Christmas_star\christmas_star.X\main.c
              __config_10   0x30000c    program     static C:\Users\Jeremy Siebers\MPLABXProjects\Christmas_star\christmas_star.X\main.c
              __config_11   0x30000d    program     static C:\Users\Jeremy Siebers\MPLABXProjects\Christmas_star\christmas_star.X\main.c
               __config_2   0x300002    program     static C:\Users\Jeremy Siebers\MPLABXProjects\Christmas_star\christmas_star.X\main.c
               __config_3   0x300003    program     static C:\Users\Jeremy Siebers\MPLABXProjects\Christmas_star\christmas_star.X\main.c
               __config_4   0x300005    program     static C:\Users\Jeremy Siebers\MPLABXProjects\Christmas_star\christmas_star.X\main.c
               __config_5   0x300006    program     static C:\Users\Jeremy Siebers\MPLABXProjects\Christmas_star\christmas_star.X\main.c
               __config_6   0x300008    program     static C:\Users\Jeremy Siebers\MPLABXProjects\Christmas_star\christmas_star.X\main.c
               __config_7   0x300009    program     static C:\Users\Jeremy Siebers\MPLABXProjects\Christmas_star\christmas_star.X\main.c
               __config_8   0x30000a    program     static C:\Users\Jeremy Siebers\MPLABXProjects\Christmas_star\christmas_star.X\main.c
               __config_9   0x30000b    program     static C:\Users\Jeremy Siebers\MPLABXProjects\Christmas_star\christmas_star.X\main.c
                   __init   0x000006    program     extern C:\MCC18\src\traditional\stdclib\__init.c
            __zero_memory   0x0028d0    program     extern C:\MCC18\src\traditional\proc\p18F4455.asm
                _do_cinit   0x002832    program     extern C:\MCC18\src\traditional\startup\c018i.c
                   _entry   0x000000    program     extern C:\MCC18\src\traditional\startup\c018i.c
                 _startup   0x0028f0    program     extern C:\MCC18\src\traditional\startup\c018i.c
                compare_l   0x0028e6    program     static C:\MCC18\src\traditional\proc\p18F4455.asm
                copy_loop   0x0028a4    program     static                          
            copy_one_byte   0x0028aa    program     static                          
                     done   0x0028ce    program     static                          
             done_copying   0x0028b8    program     static                          
                 high_isr   0x002294    program     extern C:\Users\Jeremy Siebers\MPLABXProjects\Christmas_star\christmas_star.X\main.c
 interrupt_at_high_vector   0x000008    program     extern C:\Users\Jeremy Siebers\MPLABXProjects\Christmas_star\christmas_star.X\main.c
  interrupt_at_low_vector   0x000018    program     extern C:\Users\Jeremy Siebers\MPLABXProjects\Christmas_star\christmas_star.X\main.c
                     loop   0x002900    program     static                          
                   loop_h   0x0028de    program     static C:\MCC18\src\traditional\proc\p18F4455.asm
                   loop_l   0x0028e8    program     static C:\MCC18\src\traditional\proc\p18F4455.asm
                  low_isr   0x00238c    program     extern C:\Users\Jeremy Siebers\MPLABXProjects\Christmas_star\christmas_star.X\main.c
                     main   0x002220    program     extern C:\Users\Jeremy Siebers\MPLABXProjects\Christmas_star\christmas_star.X\main.c
                     test   0x00284c    program     static                          
               zero_block   0x0028de    program     static C:\MCC18\src\traditional\proc\p18F4455.asm
                   ADCON0   0x000fc2       data     extern C:\MCC18\src\traditional\proc\p18F4455.asm
               ADCON0bits   0x000fc2       data     extern C:\MCC18\src\traditional\proc\p18F4455.asm
                   ADCON1   0x000fc1       data     extern C:\MCC18\src\traditional\proc\p18F4455.asm
               ADCON1bits   0x000fc1       data     extern C:\MCC18\src\traditional\proc\p18F4455.asm
                   ADCON2   0x000fc0       data     extern C:\MCC18\src\traditional\proc\p18F4455.asm
               ADCON2bits   0x000fc0       data     extern C:\MCC18\src\traditional\proc\p18F4455.asm
                    ADRES   0x000fc3       data     extern C:\MCC18\src\traditional\proc\p18F4455.asm
                   ADRESH   0x000fc4       data     extern C:\MCC18\src\traditional\proc\p18F4455.asm
                   ADRESL   0x000fc3       data     extern C:\MCC18\src\traditional\proc\p18F4455.asm
                  BAUDCON   0x000fb8       data     extern C:\MCC18\src\traditional\proc\p18F4455.asm
              BAUDCONbits   0x000fb8       data     extern C:\MCC18\src\traditional\proc\p18F4455.asm
                      BSR   0x000fe0       data     extern C:\MCC18\src\traditional\proc\p18F4455.asm
                   CCP1AS   0x000fb6       data     extern C:\MCC18\src\traditional\proc\p18F4455.asm
               CCP1ASbits   0x000fb6       data     extern C:\MCC18\src\traditional\proc\p18F4455.asm
                  CCP1CON   0x000fbd       data     extern C:\MCC18\src\traditional\proc\p18F4455.asm
              CCP1CONbits   0x000fbd       data     extern C:\MCC18\src\traditional\proc\p18F4455.asm
                  CCP1DEL   0x000fb7       data     extern C:\MCC18\src\traditional\proc\p18F4455.asm
              CCP1DELbits   0x000fb7       data     extern C:\MCC18\src\traditional\proc\p18F4455.asm
                  CCP2CON   0x000fba       data     extern C:\MCC18\src\traditional\proc\p18F4455.asm
              CCP2CONbits   0x000fba       data     extern C:\MCC18\src\traditional\proc\p18F4455.asm
                    CCPR1   0x000fbe       data     extern C:\MCC18\src\traditional\proc\p18F4455.asm
                   CCPR1H   0x000fbf       data     extern C:\MCC18\src\traditional\proc\p18F4455.asm
                   CCPR1L   0x000fbe       data     extern C:\MCC18\src\traditional\proc\p18F4455.asm
                    CCPR2   0x000fbb       data     extern C:\MCC18\src\traditional\proc\p18F4455.asm
                   CCPR2H   0x000fbc       data     extern C:\MCC18\src\traditional\proc\p18F4455.asm
                   CCPR2L   0x000fbb       data     extern C:\MCC18\src\traditional\proc\p18F4455.asm
                    CMCON   0x000fb4       data     extern C:\MCC18\src\traditional\proc\p18F4455.asm
                CMCONbits   0x000fb4       data     extern C:\MCC18\src\traditional\proc\p18F4455.asm
                   CVRCON   0x000fb5       data     extern C:\MCC18\src\traditional\proc\p18F4455.asm
               CVRCONbits   0x000fb5       data     extern C:\MCC18\src\traditional\proc\p18F4455.asm
                  Counter   0x0000cb       data     static C:\Users\Jeremy Siebers\MPLABXProjects\Christmas_star\christmas_star.X\design.c
                     DDRA   0x000f92       data     extern C:\MCC18\src\traditional\proc\p18F4455.asm
                 DDRAbits   0x000f92       data     extern C:\MCC18\src\traditional\proc\p18F4455.asm
                     DDRB   0x000f93       data     extern C:\MCC18\src\traditional\proc\p18F4455.asm
                 DDRBbits   0x000f93       data     extern C:\MCC18\src\traditional\proc\p18F4455.asm
                     DDRC   0x000f94       data     extern C:\MCC18\src\traditional\proc\p18F4455.asm
                 DDRCbits   0x000f94       data     extern C:\MCC18\src\traditional\proc\p18F4455.asm
                     DDRD   0x000f95       data     extern C:\MCC18\src\traditional\proc\p18F4455.asm
                 DDRDbits   0x000f95       data     extern C:\MCC18\src\traditional\proc\p18F4455.asm
                     DDRE   0x000f96       data     extern C:\MCC18\src\traditional\proc\p18F4455.asm
                 DDREbits   0x000f96       data     extern C:\MCC18\src\traditional\proc\p18F4455.asm
                  ECCP1AS   0x000fb6       data     extern C:\MCC18\src\traditional\proc\p18F4455.asm
              ECCP1ASbits   0x000fb6       data     extern C:\MCC18\src\traditional\proc\p18F4455.asm
                 ECCP1CON   0x000fbd       data     extern C:\MCC18\src\traditional\proc\p18F4455.asm
             ECCP1CONbits   0x000fbd       data     extern C:\MCC18\src\traditional\proc\p18F4455.asm
                 ECCP1DEL   0x000fb7       data     extern C:\MCC18\src\traditional\proc\p18F4455.asm
             ECCP1DELbits   0x000fb7       data     extern C:\MCC18\src\traditional\proc\p18F4455.asm
                    EEADR   0x000fa9       data     extern C:\MCC18\src\traditional\proc\p18F4455.asm
                   EECON1   0x000fa6       data     extern C:\MCC18\src\traditional\proc\p18F4455.asm
               EECON1bits   0x000fa6       data     extern C:\MCC18\src\traditional\proc\p18F4455.asm
                   EECON2   0x000fa7       data     extern C:\MCC18\src\traditional\proc\p18F4455.asm
                   EEDATA   0x000fa8       data     extern C:\MCC18\src\traditional\proc\p18F4455.asm
                     FSR0   0x000fe9       data     extern C:\MCC18\src\traditional\proc\p18F4455.asm
                    FSR0H   0x000fea       data     extern C:\MCC18\src\traditional\proc\p18F4455.asm
                    FSR0L   0x000fe9       data     extern C:\MCC18\src\traditional\proc\p18F4455.asm
                     FSR1   0x000fe1       data     extern C:\MCC18\src\traditional\proc\p18F4455.asm
                    FSR1H   0x000fe2       data     extern C:\MCC18\src\traditional\proc\p18F4455.asm
                    FSR1L   0x000fe1       data     extern C:\MCC18\src\traditional\proc\p18F4455.asm
                     FSR2   0x000fd9       data     extern C:\MCC18\src\traditional\proc\p18F4455.asm
                    FSR2H   0x000fda       data     extern C:\MCC18\src\traditional\proc\p18F4455.asm
                    FSR2L   0x000fd9       data     extern C:\MCC18\src\traditional\proc\p18F4455.asm
                  HLVDCON   0x000fd2       data     extern C:\MCC18\src\traditional\proc\p18F4455.asm
              HLVDCONbits   0x000fd2       data     extern C:\MCC18\src\traditional\proc\p18F4455.asm
                    INDF0   0x000fef       data     extern C:\MCC18\src\traditional\proc\p18F4455.asm
                    INDF1   0x000fe7       data     extern C:\MCC18\src\traditional\proc\p18F4455.asm
                    INDF2   0x000fdf       data     extern C:\MCC18\src\traditional\proc\p18F4455.asm
                   INTCON   0x000ff2       data     extern C:\MCC18\src\traditional\proc\p18F4455.asm
                  INTCON2   0x000ff1       data     extern C:\MCC18\src\traditional\proc\p18F4455.asm
              INTCON2bits   0x000ff1       data     extern C:\MCC18\src\traditional\proc\p18F4455.asm
                  INTCON3   0x000ff0       data     extern C:\MCC18\src\traditional\proc\p18F4455.asm
              INTCON3bits   0x000ff0       data     extern C:\MCC18\src\traditional\proc\p18F4455.asm
               INTCONbits   0x000ff2       data     extern C:\MCC18\src\traditional\proc\p18F4455.asm
                     IPR1   0x000f9f       data     extern C:\MCC18\src\traditional\proc\p18F4455.asm
                 IPR1bits   0x000f9f       data     extern C:\MCC18\src\traditional\proc\p18F4455.asm
                     IPR2   0x000fa2       data     extern C:\MCC18\src\traditional\proc\p18F4455.asm
                 IPR2bits   0x000fa2       data     extern C:\MCC18\src\traditional\proc\p18F4455.asm
             Illumination   0x000090       data     extern C:\Users\Jeremy Siebers\MPLABXProjects\Christmas_star\christmas_star.X\ecexcuter.c
         Illumination_ptr   0x000060       data     extern C:\Users\Jeremy Siebers\MPLABXProjects\Christmas_star\christmas_star.X\ecexcuter.c
           Kolum_Selector   0x0000c7       data     extern C:\Users\Jeremy Siebers\MPLABXProjects\Christmas_star\christmas_star.X\main.c
                     LATA   0x000f89       data     extern C:\MCC18\src\traditional\proc\p18F4455.asm
                 LATAbits   0x000f89       data     extern C:\MCC18\src\traditional\proc\p18F4455.asm
                     LATB   0x000f8a       data     extern C:\MCC18\src\traditional\proc\p18F4455.asm
                 LATBbits   0x000f8a       data     extern C:\MCC18\src\traditional\proc\p18F4455.asm
                     LATC   0x000f8b       data     extern C:\MCC18\src\traditional\proc\p18F4455.asm
                 LATCbits   0x000f8b       data     extern C:\MCC18\src\traditional\proc\p18F4455.asm
                     LATD   0x000f8c       data     extern C:\MCC18\src\traditional\proc\p18F4455.asm
                 LATDbits   0x000f8c       data     extern C:\MCC18\src\traditional\proc\p18F4455.asm
                     LATE   0x000f8d       data     extern C:\MCC18\src\traditional\proc\p18F4455.asm
                 LATEbits   0x000f8d       data     extern C:\MCC18\src\traditional\proc\p18F4455.asm
                   LVDCON   0x000fd2       data     extern C:\MCC18\src\traditional\proc\p18F4455.asm
               LVDCONbits   0x000fd2       data     extern C:\MCC18\src\traditional\proc\p18F4455.asm
                      Led   0x0000c0       data     extern C:\Users\Jeremy Siebers\MPLABXProjects\Christmas_star\christmas_star.X\main.c
                  Led_Bit   0x000100       data     extern C:\Users\Jeremy Siebers\MPLABXProjects\Christmas_star\christmas_star.X\ecexcuter.c
                   OSCCON   0x000fd3       data     extern C:\MCC18\src\traditional\proc\p18F4455.asm
               OSCCONbits   0x000fd3       data     extern C:\MCC18\src\traditional\proc\p18F4455.asm
                  OSCTUNE   0x000f9b       data     extern C:\MCC18\src\traditional\proc\p18F4455.asm
              OSCTUNEbits   0x000f9b       data     extern C:\MCC18\src\traditional\proc\p18F4455.asm
                       PC   0x000ff9       data     extern C:\MCC18\src\traditional\proc\p18F4455.asm
                      PCL   0x000ff9       data     extern C:\MCC18\src\traditional\proc\p18F4455.asm
                   PCLATH   0x000ffa       data     extern C:\MCC18\src\traditional\proc\p18F4455.asm
                   PCLATU   0x000ffb       data     extern C:\MCC18\src\traditional\proc\p18F4455.asm
                     PIE1   0x000f9d       data     extern C:\MCC18\src\traditional\proc\p18F4455.asm
                 PIE1bits   0x000f9d       data     extern C:\MCC18\src\traditional\proc\p18F4455.asm
                     PIE2   0x000fa0       data     extern C:\MCC18\src\traditional\proc\p18F4455.asm
                 PIE2bits   0x000fa0       data     extern C:\MCC18\src\traditional\proc\p18F4455.asm
                     PIR1   0x000f9e       data     extern C:\MCC18\src\traditional\proc\p18F4455.asm
                 PIR1bits   0x000f9e       data     extern C:\MCC18\src\traditional\proc\p18F4455.asm
                     PIR2   0x000fa1       data     extern C:\MCC18\src\traditional\proc\p18F4455.asm
                 PIR2bits   0x000fa1       data     extern C:\MCC18\src\traditional\proc\p18F4455.asm
                   PLUSW0   0x000feb       data     extern C:\MCC18\src\traditional\proc\p18F4455.asm
                   PLUSW1   0x000fe3       data     extern C:\MCC18\src\traditional\proc\p18F4455.asm
                   PLUSW2   0x000fdb       data     extern C:\MCC18\src\traditional\proc\p18F4455.asm
                    PORTA   0x000f80       data     extern C:\MCC18\src\traditional\proc\p18F4455.asm
                PORTAbits   0x000f80       data     extern C:\MCC18\src\traditional\proc\p18F4455.asm
                    PORTB   0x000f81       data     extern C:\MCC18\src\traditional\proc\p18F4455.asm
                PORTBbits   0x000f81       data     extern C:\MCC18\src\traditional\proc\p18F4455.asm
                    PORTC   0x000f82       data     extern C:\MCC18\src\traditional\proc\p18F4455.asm
                PORTCbits   0x000f82       data     extern C:\MCC18\src\traditional\proc\p18F4455.asm
                    PORTD   0x000f83       data     extern C:\MCC18\src\traditional\proc\p18F4455.asm
                PORTDbits   0x000f83       data     extern C:\MCC18\src\traditional\proc\p18F4455.asm
                    PORTE   0x000f84       data     extern C:\MCC18\src\traditional\proc\p18F4455.asm
                PORTEbits   0x000f84       data     extern C:\MCC18\src\traditional\proc\p18F4455.asm
                 POSTDEC0   0x000fed       data     extern C:\MCC18\src\traditional\proc\p18F4455.asm
                 POSTDEC1   0x000fe5       data     extern C:\MCC18\src\traditional\proc\p18F4455.asm
                 POSTDEC2   0x000fdd       data     extern C:\MCC18\src\traditional\proc\p18F4455.asm
                 POSTINC0   0x000fee       data     extern C:\MCC18\src\traditional\proc\p18F4455.asm
                 POSTINC1   0x000fe6       data     extern C:\MCC18\src\traditional\proc\p18F4455.asm
                 POSTINC2   0x000fde       data     extern C:\MCC18\src\traditional\proc\p18F4455.asm
                      PR2   0x000fcb       data     extern C:\MCC18\src\traditional\proc\p18F4455.asm
                  PREINC0   0x000fec       data     extern C:\MCC18\src\traditional\proc\p18F4455.asm
                  PREINC1   0x000fe4       data     extern C:\MCC18\src\traditional\proc\p18F4455.asm
                  PREINC2   0x000fdc       data     extern C:\MCC18\src\traditional\proc\p18F4455.asm
                     PROD   0x000ff3       data     extern C:\MCC18\src\traditional\proc\p18F4455.asm
                    PRODH   0x000ff4       data     extern C:\MCC18\src\traditional\proc\p18F4455.asm
                    PRODL   0x000ff3       data     extern C:\MCC18\src\traditional\proc\p18F4455.asm
         Program_Selector   0x0000c8       data     extern C:\Users\Jeremy Siebers\MPLABXProjects\Christmas_star\christmas_star.X\main.c
                     RCON   0x000fd0       data     extern C:\MCC18\src\traditional\proc\p18F4455.asm
                 RCONbits   0x000fd0       data     extern C:\MCC18\src\traditional\proc\p18F4455.asm
                    RCREG   0x000fae       data     extern C:\MCC18\src\traditional\proc\p18F4455.asm
                    RCSTA   0x000fab       data     extern C:\MCC18\src\traditional\proc\p18F4455.asm
                RCSTAbits   0x000fab       data     extern C:\MCC18\src\traditional\proc\p18F4455.asm
               Return_Val   0x0001fb       data     static C:\Users\Jeremy Siebers\MPLABXProjects\Christmas_star\christmas_star.X\ecexcuter.c
               Return_Val   0x0000d1       data     static C:\Users\Jeremy Siebers\MPLABXProjects\Christmas_star\christmas_star.X\design.c
              Row_Updater   0x0000c6       data     extern C:\Users\Jeremy Siebers\MPLABXProjects\Christmas_star\christmas_star.X\main.c
                     SIGN   0x000000       data     extern C:\MCC18\src\traditional\math\cmath18.asm
                    SPBRG   0x000faf       data     extern C:\MCC18\src\traditional\proc\p18F4455.asm
                   SPBRGH   0x000fb0       data     extern C:\MCC18\src\traditional\proc\p18F4455.asm
                   SPPCFG   0x000f63       data     extern C:\MCC18\src\traditional\proc\p18F4455.asm
               SPPCFGbits   0x000f63       data     extern C:\MCC18\src\traditional\proc\p18F4455.asm
                   SPPCON   0x000f65       data     extern C:\MCC18\src\traditional\proc\p18F4455.asm
               SPPCONbits   0x000f65       data     extern C:\MCC18\src\traditional\proc\p18F4455.asm
                  SPPDATA   0x000f62       data     extern C:\MCC18\src\traditional\proc\p18F4455.asm
                   SPPEPS   0x000f64       data     extern C:\MCC18\src\traditional\proc\p18F4455.asm
               SPPEPSbits   0x000f64       data     extern C:\MCC18\src\traditional\proc\p18F4455.asm
                   SSPADD   0x000fc8       data     extern C:\MCC18\src\traditional\proc\p18F4455.asm
                   SSPBUF   0x000fc9       data     extern C:\MCC18\src\traditional\proc\p18F4455.asm
                  SSPCON1   0x000fc6       data     extern C:\MCC18\src\traditional\proc\p18F4455.asm
              SSPCON1bits   0x000fc6       data     extern C:\MCC18\src\traditional\proc\p18F4455.asm
                  SSPCON2   0x000fc5       data     extern C:\MCC18\src\traditional\proc\p18F4455.asm
              SSPCON2bits   0x000fc5       data     extern C:\MCC18\src\traditional\proc\p18F4455.asm
                  SSPSTAT   0x000fc7       data     extern C:\MCC18\src\traditional\proc\p18F4455.asm
              SSPSTATbits   0x000fc7       data     extern C:\MCC18\src\traditional\proc\p18F4455.asm
                   STATUS   0x000fd8       data     extern C:\MCC18\src\traditional\proc\p18F4455.asm
               STATUSbits   0x000fd8       data     extern C:\MCC18\src\traditional\proc\p18F4455.asm
                   STKPTR   0x000ffc       data     extern C:\MCC18\src\traditional\proc\p18F4455.asm
               STKPTRbits   0x000ffc       data     extern C:\MCC18\src\traditional\proc\p18F4455.asm
         Sequence_Program   0x0000ca       data     static C:\Users\Jeremy Siebers\MPLABXProjects\Christmas_star\christmas_star.X\design.c
                Sequencer   0x0000cd       data     static C:\Users\Jeremy Siebers\MPLABXProjects\Christmas_star\christmas_star.X\design.c
                    T0CON   0x000fd5       data     extern C:\MCC18\src\traditional\proc\p18F4455.asm
                T0CONbits   0x000fd5       data     extern C:\MCC18\src\traditional\proc\p18F4455.asm
                    T1CON   0x000fcd       data     extern C:\MCC18\src\traditional\proc\p18F4455.asm
                T1CONbits   0x000fcd       data     extern C:\MCC18\src\traditional\proc\p18F4455.asm
                    T2CON   0x000fca       data     extern C:\MCC18\src\traditional\proc\p18F4455.asm
                T2CONbits   0x000fca       data     extern C:\MCC18\src\traditional\proc\p18F4455.asm
                    T3CON   0x000fb1       data     extern C:\MCC18\src\traditional\proc\p18F4455.asm
                T3CONbits   0x000fb1       data     extern C:\MCC18\src\traditional\proc\p18F4455.asm
                   TABLAT   0x000ff5       data     extern C:\MCC18\src\traditional\proc\p18F4455.asm
                   TBLPTR   0x000ff6       data     extern C:\MCC18\src\traditional\proc\p18F4455.asm
                  TBLPTRH   0x000ff7       data     extern C:\MCC18\src\traditional\proc\p18F4455.asm
                  TBLPTRL   0x000ff6       data     extern C:\MCC18\src\traditional\proc\p18F4455.asm
                  TBLPTRU   0x000ff8       data     extern C:\MCC18\src\traditional\proc\p18F4455.asm
                    TMR0H   0x000fd7       data     extern C:\MCC18\src\traditional\proc\p18F4455.asm
                    TMR0L   0x000fd6       data     extern C:\MCC18\src\traditional\proc\p18F4455.asm
                    TMR1H   0x000fcf       data     extern C:\MCC18\src\traditional\proc\p18F4455.asm
                    TMR1L   0x000fce       data     extern C:\MCC18\src\traditional\proc\p18F4455.asm
                     TMR2   0x000fcc       data     extern C:\MCC18\src\traditional\proc\p18F4455.asm
                    TMR3H   0x000fb3       data     extern C:\MCC18\src\traditional\proc\p18F4455.asm
                    TMR3L   0x000fb2       data     extern C:\MCC18\src\traditional\proc\p18F4455.asm
                      TOS   0x000ffd       data     extern C:\MCC18\src\traditional\proc\p18F4455.asm
                     TOSH   0x000ffe       data     extern C:\MCC18\src\traditional\proc\p18F4455.asm
                     TOSL   0x000ffd       data     extern C:\MCC18\src\traditional\proc\p18F4455.asm
                     TOSU   0x000fff       data     extern C:\MCC18\src\traditional\proc\p18F4455.asm
                    TRISA   0x000f92       data     extern C:\MCC18\src\traditional\proc\p18F4455.asm
                TRISAbits   0x000f92       data     extern C:\MCC18\src\traditional\proc\p18F4455.asm
                    TRISB   0x000f93       data     extern C:\MCC18\src\traditional\proc\p18F4455.asm
                TRISBbits   0x000f93       data     extern C:\MCC18\src\traditional\proc\p18F4455.asm
                    TRISC   0x000f94       data     extern C:\MCC18\src\traditional\proc\p18F4455.asm
                TRISCbits   0x000f94       data     extern C:\MCC18\src\traditional\proc\p18F4455.asm
                    TRISD   0x000f95       data     extern C:\MCC18\src\traditional\proc\p18F4455.asm
                TRISDbits   0x000f95       data     extern C:\MCC18\src\traditional\proc\p18F4455.asm
                    TRISE   0x000f96       data     extern C:\MCC18\src\traditional\proc\p18F4455.asm
                TRISEbits   0x000f96       data     extern C:\MCC18\src\traditional\proc\p18F4455.asm
                    TXREG   0x000fad       data     extern C:\MCC18\src\traditional\proc\p18F4455.asm
                    TXSTA   0x000fac       data     extern C:\MCC18\src\traditional\proc\p18F4455.asm
                TXSTAbits   0x000fac       data     extern C:\MCC18\src\traditional\proc\p18F4455.asm
                     Time   0x0000cf       data     static C:\Users\Jeremy Siebers\MPLABXProjects\Christmas_star\christmas_star.X\design.c
                    UADDR   0x000f6e       data     extern C:\MCC18\src\traditional\proc\p18F4455.asm
                UADDRbits   0x000f6e       data     extern C:\MCC18\src\traditional\proc\p18F4455.asm
                     UCFG   0x000f6f       data     extern C:\MCC18\src\traditional\proc\p18F4455.asm
                 UCFGbits   0x000f6f       data     extern C:\MCC18\src\traditional\proc\p18F4455.asm
                     UCON   0x000f6d       data     extern C:\MCC18\src\traditional\proc\p18F4455.asm
                 UCONbits   0x000f6d       data     extern C:\MCC18\src\traditional\proc\p18F4455.asm
                     UEIE   0x000f6b       data     extern C:\MCC18\src\traditional\proc\p18F4455.asm
                 UEIEbits   0x000f6b       data     extern C:\MCC18\src\traditional\proc\p18F4455.asm
                     UEIR   0x000f6a       data     extern C:\MCC18\src\traditional\proc\p18F4455.asm
                 UEIRbits   0x000f6a       data     extern C:\MCC18\src\traditional\proc\p18F4455.asm
                     UEP0   0x000f70       data     extern C:\MCC18\src\traditional\proc\p18F4455.asm
                 UEP0bits   0x000f70       data     extern C:\MCC18\src\traditional\proc\p18F4455.asm
                     UEP1   0x000f71       data     extern C:\MCC18\src\traditional\proc\p18F4455.asm
                    UEP10   0x000f7a       data     extern C:\MCC18\src\traditional\proc\p18F4455.asm
                UEP10bits   0x000f7a       data     extern C:\MCC18\src\traditional\proc\p18F4455.asm
                    UEP11   0x000f7b       data     extern C:\MCC18\src\traditional\proc\p18F4455.asm
                UEP11bits   0x000f7b       data     extern C:\MCC18\src\traditional\proc\p18F4455.asm
                    UEP12   0x000f7c       data     extern C:\MCC18\src\traditional\proc\p18F4455.asm
                UEP12bits   0x000f7c       data     extern C:\MCC18\src\traditional\proc\p18F4455.asm
                    UEP13   0x000f7d       data     extern C:\MCC18\src\traditional\proc\p18F4455.asm
                UEP13bits   0x000f7d       data     extern C:\MCC18\src\traditional\proc\p18F4455.asm
                    UEP14   0x000f7e       data     extern C:\MCC18\src\traditional\proc\p18F4455.asm
                UEP14bits   0x000f7e       data     extern C:\MCC18\src\traditional\proc\p18F4455.asm
                    UEP15   0x000f7f       data     extern C:\MCC18\src\traditional\proc\p18F4455.asm
                UEP15bits   0x000f7f       data     extern C:\MCC18\src\traditional\proc\p18F4455.asm
                 UEP1bits   0x000f71       data     extern C:\MCC18\src\traditional\proc\p18F4455.asm
                     UEP2   0x000f72       data     extern C:\MCC18\src\traditional\proc\p18F4455.asm
                 UEP2bits   0x000f72       data     extern C:\MCC18\src\traditional\proc\p18F4455.asm
                     UEP3   0x000f73       data     extern C:\MCC18\src\traditional\proc\p18F4455.asm
                 UEP3bits   0x000f73       data     extern C:\MCC18\src\traditional\proc\p18F4455.asm
                     UEP4   0x000f74       data     extern C:\MCC18\src\traditional\proc\p18F4455.asm
                 UEP4bits   0x000f74       data     extern C:\MCC18\src\traditional\proc\p18F4455.asm
                     UEP5   0x000f75       data     extern C:\MCC18\src\traditional\proc\p18F4455.asm
                 UEP5bits   0x000f75       data     extern C:\MCC18\src\traditional\proc\p18F4455.asm
                     UEP6   0x000f76       data     extern C:\MCC18\src\traditional\proc\p18F4455.asm
                 UEP6bits   0x000f76       data     extern C:\MCC18\src\traditional\proc\p18F4455.asm
                     UEP7   0x000f77       data     extern C:\MCC18\src\traditional\proc\p18F4455.asm
                 UEP7bits   0x000f77       data     extern C:\MCC18\src\traditional\proc\p18F4455.asm
                     UEP8   0x000f78       data     extern C:\MCC18\src\traditional\proc\p18F4455.asm
                 UEP8bits   0x000f78       data     extern C:\MCC18\src\traditional\proc\p18F4455.asm
                     UEP9   0x000f79       data     extern C:\MCC18\src\traditional\proc\p18F4455.asm
                 UEP9bits   0x000f79       data     extern C:\MCC18\src\traditional\proc\p18F4455.asm
                     UFRM   0x000f66       data     extern C:\MCC18\src\traditional\proc\p18F4455.asm
                    UFRMH   0x000f67       data     extern C:\MCC18\src\traditional\proc\p18F4455.asm
                UFRMHbits   0x000f67       data     extern C:\MCC18\src\traditional\proc\p18F4455.asm
                    UFRML   0x000f66       data     extern C:\MCC18\src\traditional\proc\p18F4455.asm
                UFRMLbits   0x000f66       data     extern C:\MCC18\src\traditional\proc\p18F4455.asm
                      UIE   0x000f69       data     extern C:\MCC18\src\traditional\proc\p18F4455.asm
                  UIEbits   0x000f69       data     extern C:\MCC18\src\traditional\proc\p18F4455.asm
                      UIR   0x000f68       data     extern C:\MCC18\src\traditional\proc\p18F4455.asm
                  UIRbits   0x000f68       data     extern C:\MCC18\src\traditional\proc\p18F4455.asm
                    USTAT   0x000f6c       data     extern C:\MCC18\src\traditional\proc\p18F4455.asm
                USTATbits   0x000f6c       data     extern C:\MCC18\src\traditional\proc\p18F4455.asm
              Update_Star   0x0000c9       data     static C:\Users\Jeremy Siebers\MPLABXProjects\Christmas_star\christmas_star.X\main.c
                   WDTCON   0x000fd1       data     extern C:\MCC18\src\traditional\proc\p18F4455.asm
               WDTCONbits   0x000fd1       data     extern C:\MCC18\src\traditional\proc\p18F4455.asm
                     WREG   0x000fe8       data     extern C:\MCC18\src\traditional\proc\p18F4455.asm
                __FPFLAGS   0x000001       data     extern C:\MCC18\src\traditional\math\cmath18.asm
            __FPFLAGSbits   0x000001       data     extern C:\MCC18\src\traditional\math\cmath18.asm
                  __tmp_0   0x000002       data     static C:\Users\Jeremy Siebers\MPLABXProjects\Christmas_star\christmas_star.X\design_random.c
                  __tmp_0   0x000002       data     static C:\Users\Jeremy Siebers\MPLABXProjects\Christmas_star\christmas_star.X\design.c
                  __tmp_0   0x000002       data     static C:\Users\Jeremy Siebers\MPLABXProjects\Christmas_star\christmas_star.X\ecexcuter.c
                curr_byte   0x0001f3       data     static C:\MCC18\src\traditional\startup\c018i.c
               curr_entry   0x0001f5       data     static C:\MCC18\src\traditional\startup\c018i.c
                 data_ptr   0x0001f7       data     static C:\MCC18\src\traditional\startup\c018i.c
                    index   0x0000d2       data     static C:\Users\Jeremy Siebers\MPLABXProjects\Christmas_star\christmas_star.X\design.c
                     prom   0x0001f0       data     static C:\MCC18\src\traditional\startup\c018i.c
                        x   0x0001fa       data     static C:\Users\Jeremy Siebers\MPLABXProjects\Christmas_star\christmas_star.X\ecexcuter.c



                              Symbols - Sorted by Address
                     Name    Address   Location    Storage File                     
                ---------  ---------  ---------  --------- ---------                
                   _entry   0x000000    program     extern C:\MCC18\src\traditional\startup\c018i.c
       ___return_lbl00000   0x000004    program     static                          
                   __init   0x000006    program     extern C:\MCC18\src\traditional\stdclib\__init.c
 interrupt_at_high_vector   0x000008    program     extern C:\Users\Jeremy Siebers\MPLABXProjects\Christmas_star\christmas_star.X\main.c
       ___return_lbl00010   0x00000c    program     static                          
  interrupt_at_low_vector   0x000018    program     extern C:\Users\Jeremy Siebers\MPLABXProjects\Christmas_star\christmas_star.X\main.c
       ___return_lbl00024   0x00001c    program     static                          
           EXECUTExEFFECT   0x000068    program     extern C:\Users\Jeremy Siebers\MPLABXProjects\Christmas_star\christmas_star.X\ecexcuter.c
              Effect_Prog   0x000296    program     extern C:\Users\Jeremy Siebers\MPLABXProjects\Christmas_star\christmas_star.X\ecexcuter.c
             Effect_Prog0   0x00030c    program     extern C:\Users\Jeremy Siebers\MPLABXProjects\Christmas_star\christmas_star.X\ecexcuter.c
             Effect_Prog1   0x0003b6    program     extern C:\Users\Jeremy Siebers\MPLABXProjects\Christmas_star\christmas_star.X\ecexcuter.c
             Effect_Prog2   0x0003ee    program     extern C:\Users\Jeremy Siebers\MPLABXProjects\Christmas_star\christmas_star.X\ecexcuter.c
             Effect_Prog3   0x000790    program     extern C:\Users\Jeremy Siebers\MPLABXProjects\Christmas_star\christmas_star.X\ecexcuter.c
             Effect_Prog4   0x000968    program     extern C:\Users\Jeremy Siebers\MPLABXProjects\Christmas_star\christmas_star.X\ecexcuter.c
             Effect_Prog5   0x000bf2    program     extern C:\Users\Jeremy Siebers\MPLABXProjects\Christmas_star\christmas_star.X\ecexcuter.c
           UPDATExLEDSTAT   0x000e72    program     extern C:\Users\Jeremy Siebers\MPLABXProjects\Christmas_star\christmas_star.X\ecexcuter.c
                 Sequence   0x001692    program     extern C:\Users\Jeremy Siebers\MPLABXProjects\Christmas_star\christmas_star.X\sequence.c
              RUNxDISPLAY   0x001da4    program     extern C:\Users\Jeremy Siebers\MPLABXProjects\Christmas_star\christmas_star.X\design.c
            UPDATExDESIGN   0x001e18    program     extern C:\Users\Jeremy Siebers\MPLABXProjects\Christmas_star\christmas_star.X\design.c
                EXECxTIME   0x0021c4    program     extern C:\Users\Jeremy Siebers\MPLABXProjects\Christmas_star\christmas_star.X\design.c
                     main   0x002220    program     extern C:\Users\Jeremy Siebers\MPLABXProjects\Christmas_star\christmas_star.X\main.c
        ___while_lbl00001   0x002230    program     static                          
           ___if_lbl00003   0x002258    program     static                          
      ___case_14_lbl00005   0x00226e    program     static                          
      ___case_13_lbl00006   0x002274    program     static                          
      ___case_11_lbl00007   0x00227c    program     static                          
       ___case_7_lbl00008   0x002284    program     static                          
   ___switchexit_lbl00004   0x00228c    program     static                          
           ___if_lbl00009   0x002290    program     static                          
       ___return_lbl00000   0x002292    program     static                          
        ___while_lbl00002   0x002292    program     static                          
                 high_isr   0x002294    program     extern C:\Users\Jeremy Siebers\MPLABXProjects\Christmas_star\christmas_star.X\main.c
                  low_isr   0x00238c    program     extern C:\Users\Jeremy Siebers\MPLABXProjects\Christmas_star\christmas_star.X\main.c
                  Init_IO   0x002392    program     static C:\Users\Jeremy Siebers\MPLABXProjects\Christmas_star\christmas_star.X\main.c
                 Init_Osc   0x0023c2    program     static C:\Users\Jeremy Siebers\MPLABXProjects\Christmas_star\christmas_star.X\main.c
              Init_Timers   0x0023c6    program     static C:\Users\Jeremy Siebers\MPLABXProjects\Christmas_star\christmas_star.X\main.c
             Run_Display0   0x002400    program     extern C:\Users\Jeremy Siebers\MPLABXProjects\Christmas_star\christmas_star.X\design.c
            DESIGNxRANDOM   0x00255c    program     extern C:\Users\Jeremy Siebers\MPLABXProjects\Christmas_star\christmas_star.X\design_random.c
      DESIGNxALLxLEDSxOFF   0x00266e    program     extern C:\Users\Jeremy Siebers\MPLABXProjects\Christmas_star\christmas_star.X\design_all_leds_off.c
       DESIGNxALLxLEDSxON   0x0026ba    program     extern C:\Users\Jeremy Siebers\MPLABXProjects\Christmas_star\christmas_star.X\design_all_leds_off.c
   DESIGNxALLxLEDSxSLBLNK   0x002706    program     extern C:\Users\Jeremy Siebers\MPLABXProjects\Christmas_star\christmas_star.X\design_all_leds_off.c
               Rand_Speed   0x002772    program     extern C:\Users\Jeremy Siebers\MPLABXProjects\Christmas_star\christmas_star.X\design_random.c
        Rand_Illumination   0x0027a2    program     extern C:\Users\Jeremy Siebers\MPLABXProjects\Christmas_star\christmas_star.X\design_random.c
           Rand_Iteration   0x0027d2    program     extern C:\Users\Jeremy Siebers\MPLABXProjects\Christmas_star\christmas_star.X\design_random.c
           Rand_ProgState   0x002802    program     extern C:\Users\Jeremy Siebers\MPLABXProjects\Christmas_star\christmas_star.X\design_random.c
                _do_cinit   0x002832    program     extern C:\MCC18\src\traditional\startup\c018i.c
                     test   0x00284c    program     static                          
                copy_loop   0x0028a4    program     static                          
            copy_one_byte   0x0028aa    program     static                          
             done_copying   0x0028b8    program     static                          
                     done   0x0028ce    program     static                          
       ___return_lbl00002   0x0028ce    program     static                          
            __zero_memory   0x0028d0    program     extern C:\MCC18\src\traditional\proc\p18F4455.asm
               zero_block   0x0028de    program     static C:\MCC18\src\traditional\proc\p18F4455.asm
                   loop_h   0x0028de    program     static C:\MCC18\src\traditional\proc\p18F4455.asm
                compare_l   0x0028e6    program     static C:\MCC18\src\traditional\proc\p18F4455.asm
                   loop_l   0x0028e8    program     static C:\MCC18\src\traditional\proc\p18F4455.asm
                 _startup   0x0028f0    program     extern C:\MCC18\src\traditional\startup\c018i.c
                     loop   0x002900    program     static                          
       ___return_lbl00001   0x00290a    program     static                          
               __config_0   0x300000    program     static C:\Users\Jeremy Siebers\MPLABXProjects\Christmas_star\christmas_star.X\main.c
               __config_1   0x300001    program     static C:\Users\Jeremy Siebers\MPLABXProjects\Christmas_star\christmas_star.X\main.c
               __config_2   0x300002    program     static C:\Users\Jeremy Siebers\MPLABXProjects\Christmas_star\christmas_star.X\main.c
               __config_3   0x300003    program     static C:\Users\Jeremy Siebers\MPLABXProjects\Christmas_star\christmas_star.X\main.c
               __config_4   0x300005    program     static C:\Users\Jeremy Siebers\MPLABXProjects\Christmas_star\christmas_star.X\main.c
               __config_5   0x300006    program     static C:\Users\Jeremy Siebers\MPLABXProjects\Christmas_star\christmas_star.X\main.c
               __config_6   0x300008    program     static C:\Users\Jeremy Siebers\MPLABXProjects\Christmas_star\christmas_star.X\main.c
               __config_7   0x300009    program     static C:\Users\Jeremy Siebers\MPLABXProjects\Christmas_star\christmas_star.X\main.c
               __config_8   0x30000a    program     static C:\Users\Jeremy Siebers\MPLABXProjects\Christmas_star\christmas_star.X\main.c
               __config_9   0x30000b    program     static C:\Users\Jeremy Siebers\MPLABXProjects\Christmas_star\christmas_star.X\main.c
              __config_10   0x30000c    program     static C:\Users\Jeremy Siebers\MPLABXProjects\Christmas_star\christmas_star.X\main.c
              __config_11   0x30000d    program     static C:\Users\Jeremy Siebers\MPLABXProjects\Christmas_star\christmas_star.X\main.c
                     SIGN   0x000000       data     extern C:\MCC18\src\traditional\math\cmath18.asm
            __FPFLAGSbits   0x000001       data     extern C:\MCC18\src\traditional\math\cmath18.asm
                __FPFLAGS   0x000001       data     extern C:\MCC18\src\traditional\math\cmath18.asm
                  __tmp_0   0x000002       data     static C:\Users\Jeremy Siebers\MPLABXProjects\Christmas_star\christmas_star.X\ecexcuter.c
                  __tmp_0   0x000002       data     static C:\Users\Jeremy Siebers\MPLABXProjects\Christmas_star\christmas_star.X\design.c
                  __tmp_0   0x000002       data     static C:\Users\Jeremy Siebers\MPLABXProjects\Christmas_star\christmas_star.X\design_random.c
         Illumination_ptr   0x000060       data     extern C:\Users\Jeremy Siebers\MPLABXProjects\Christmas_star\christmas_star.X\ecexcuter.c
             Illumination   0x000090       data     extern C:\Users\Jeremy Siebers\MPLABXProjects\Christmas_star\christmas_star.X\ecexcuter.c
                      Led   0x0000c0       data     extern C:\Users\Jeremy Siebers\MPLABXProjects\Christmas_star\christmas_star.X\main.c
              Row_Updater   0x0000c6       data     extern C:\Users\Jeremy Siebers\MPLABXProjects\Christmas_star\christmas_star.X\main.c
           Kolum_Selector   0x0000c7       data     extern C:\Users\Jeremy Siebers\MPLABXProjects\Christmas_star\christmas_star.X\main.c
         Program_Selector   0x0000c8       data     extern C:\Users\Jeremy Siebers\MPLABXProjects\Christmas_star\christmas_star.X\main.c
              Update_Star   0x0000c9       data     static C:\Users\Jeremy Siebers\MPLABXProjects\Christmas_star\christmas_star.X\main.c
         Sequence_Program   0x0000ca       data     static C:\Users\Jeremy Siebers\MPLABXProjects\Christmas_star\christmas_star.X\design.c
                  Counter   0x0000cb       data     static C:\Users\Jeremy Siebers\MPLABXProjects\Christmas_star\christmas_star.X\design.c
                Sequencer   0x0000cd       data     static C:\Users\Jeremy Siebers\MPLABXProjects\Christmas_star\christmas_star.X\design.c
                     Time   0x0000cf       data     static C:\Users\Jeremy Siebers\MPLABXProjects\Christmas_star\christmas_star.X\design.c
               Return_Val   0x0000d1       data     static C:\Users\Jeremy Siebers\MPLABXProjects\Christmas_star\christmas_star.X\design.c
                    index   0x0000d2       data     static C:\Users\Jeremy Siebers\MPLABXProjects\Christmas_star\christmas_star.X\design.c
                  Led_Bit   0x000100       data     extern C:\Users\Jeremy Siebers\MPLABXProjects\Christmas_star\christmas_star.X\ecexcuter.c
                     prom   0x0001f0       data     static C:\MCC18\src\traditional\startup\c018i.c
                curr_byte   0x0001f3       data     static C:\MCC18\src\traditional\startup\c018i.c
               curr_entry   0x0001f5       data     static C:\MCC18\src\traditional\startup\c018i.c
                 data_ptr   0x0001f7       data     static C:\MCC18\src\traditional\startup\c018i.c
                        x   0x0001fa       data     static C:\Users\Jeremy Siebers\MPLABXProjects\Christmas_star\christmas_star.X\ecexcuter.c
               Return_Val   0x0001fb       data     static C:\Users\Jeremy Siebers\MPLABXProjects\Christmas_star\christmas_star.X\ecexcuter.c
                  SPPDATA   0x000f62       data     extern C:\MCC18\src\traditional\proc\p18F4455.asm
               SPPCFGbits   0x000f63       data     extern C:\MCC18\src\traditional\proc\p18F4455.asm
                   SPPCFG   0x000f63       data     extern C:\MCC18\src\traditional\proc\p18F4455.asm
                   SPPEPS   0x000f64       data     extern C:\MCC18\src\traditional\proc\p18F4455.asm
               SPPEPSbits   0x000f64       data     extern C:\MCC18\src\traditional\proc\p18F4455.asm
               SPPCONbits   0x000f65       data     extern C:\MCC18\src\traditional\proc\p18F4455.asm
                   SPPCON   0x000f65       data     extern C:\MCC18\src\traditional\proc\p18F4455.asm
                     UFRM   0x000f66       data     extern C:\MCC18\src\traditional\proc\p18F4455.asm
                    UFRML   0x000f66       data     extern C:\MCC18\src\traditional\proc\p18F4455.asm
                UFRMLbits   0x000f66       data     extern C:\MCC18\src\traditional\proc\p18F4455.asm
                    UFRMH   0x000f67       data     extern C:\MCC18\src\traditional\proc\p18F4455.asm
                UFRMHbits   0x000f67       data     extern C:\MCC18\src\traditional\proc\p18F4455.asm
                      UIR   0x000f68       data     extern C:\MCC18\src\traditional\proc\p18F4455.asm
                  UIRbits   0x000f68       data     extern C:\MCC18\src\traditional\proc\p18F4455.asm
                      UIE   0x000f69       data     extern C:\MCC18\src\traditional\proc\p18F4455.asm
                  UIEbits   0x000f69       data     extern C:\MCC18\src\traditional\proc\p18F4455.asm
                     UEIR   0x000f6a       data     extern C:\MCC18\src\traditional\proc\p18F4455.asm
                 UEIRbits   0x000f6a       data     extern C:\MCC18\src\traditional\proc\p18F4455.asm
                     UEIE   0x000f6b       data     extern C:\MCC18\src\traditional\proc\p18F4455.asm
                 UEIEbits   0x000f6b       data     extern C:\MCC18\src\traditional\proc\p18F4455.asm
                    USTAT   0x000f6c       data     extern C:\MCC18\src\traditional\proc\p18F4455.asm
                USTATbits   0x000f6c       data     extern C:\MCC18\src\traditional\proc\p18F4455.asm
                 UCONbits   0x000f6d       data     extern C:\MCC18\src\traditional\proc\p18F4455.asm
                     UCON   0x000f6d       data     extern C:\MCC18\src\traditional\proc\p18F4455.asm
                    UADDR   0x000f6e       data     extern C:\MCC18\src\traditional\proc\p18F4455.asm
                UADDRbits   0x000f6e       data     extern C:\MCC18\src\traditional\proc\p18F4455.asm
                 UCFGbits   0x000f6f       data     extern C:\MCC18\src\traditional\proc\p18F4455.asm
                     UCFG   0x000f6f       data     extern C:\MCC18\src\traditional\proc\p18F4455.asm
                 UEP0bits   0x000f70       data     extern C:\MCC18\src\traditional\proc\p18F4455.asm
                     UEP0   0x000f70       data     extern C:\MCC18\src\traditional\proc\p18F4455.asm
                 UEP1bits   0x000f71       data     extern C:\MCC18\src\traditional\proc\p18F4455.asm
                     UEP1   0x000f71       data     extern C:\MCC18\src\traditional\proc\p18F4455.asm
                 UEP2bits   0x000f72       data     extern C:\MCC18\src\traditional\proc\p18F4455.asm
                     UEP2   0x000f72       data     extern C:\MCC18\src\traditional\proc\p18F4455.asm
                 UEP3bits   0x000f73       data     extern C:\MCC18\src\traditional\proc\p18F4455.asm
                     UEP3   0x000f73       data     extern C:\MCC18\src\traditional\proc\p18F4455.asm
                 UEP4bits   0x000f74       data     extern C:\MCC18\src\traditional\proc\p18F4455.asm
                     UEP4   0x000f74       data     extern C:\MCC18\src\traditional\proc\p18F4455.asm
                     UEP5   0x000f75       data     extern C:\MCC18\src\traditional\proc\p18F4455.asm
                 UEP5bits   0x000f75       data     extern C:\MCC18\src\traditional\proc\p18F4455.asm
                     UEP6   0x000f76       data     extern C:\MCC18\src\traditional\proc\p18F4455.asm
                 UEP6bits   0x000f76       data     extern C:\MCC18\src\traditional\proc\p18F4455.asm
                 UEP7bits   0x000f77       data     extern C:\MCC18\src\traditional\proc\p18F4455.asm
                     UEP7   0x000f77       data     extern C:\MCC18\src\traditional\proc\p18F4455.asm
                 UEP8bits   0x000f78       data     extern C:\MCC18\src\traditional\proc\p18F4455.asm
                     UEP8   0x000f78       data     extern C:\MCC18\src\traditional\proc\p18F4455.asm
                     UEP9   0x000f79       data     extern C:\MCC18\src\traditional\proc\p18F4455.asm
                 UEP9bits   0x000f79       data     extern C:\MCC18\src\traditional\proc\p18F4455.asm
                    UEP10   0x000f7a       data     extern C:\MCC18\src\traditional\proc\p18F4455.asm
                UEP10bits   0x000f7a       data     extern C:\MCC18\src\traditional\proc\p18F4455.asm
                    UEP11   0x000f7b       data     extern C:\MCC18\src\traditional\proc\p18F4455.asm
                UEP11bits   0x000f7b       data     extern C:\MCC18\src\traditional\proc\p18F4455.asm
                    UEP12   0x000f7c       data     extern C:\MCC18\src\traditional\proc\p18F4455.asm
                UEP12bits   0x000f7c       data     extern C:\MCC18\src\traditional\proc\p18F4455.asm
                    UEP13   0x000f7d       data     extern C:\MCC18\src\traditional\proc\p18F4455.asm
                UEP13bits   0x000f7d       data     extern C:\MCC18\src\traditional\proc\p18F4455.asm
                    UEP14   0x000f7e       data     extern C:\MCC18\src\traditional\proc\p18F4455.asm
                UEP14bits   0x000f7e       data     extern C:\MCC18\src\traditional\proc\p18F4455.asm
                UEP15bits   0x000f7f       data     extern C:\MCC18\src\traditional\proc\p18F4455.asm
                    UEP15   0x000f7f       data     extern C:\MCC18\src\traditional\proc\p18F4455.asm
                PORTAbits   0x000f80       data     extern C:\MCC18\src\traditional\proc\p18F4455.asm
                    PORTA   0x000f80       data     extern C:\MCC18\src\traditional\proc\p18F4455.asm
                    PORTB   0x000f81       data     extern C:\MCC18\src\traditional\proc\p18F4455.asm
                PORTBbits   0x000f81       data     extern C:\MCC18\src\traditional\proc\p18F4455.asm
                    PORTC   0x000f82       data     extern C:\MCC18\src\traditional\proc\p18F4455.asm
                PORTCbits   0x000f82       data     extern C:\MCC18\src\traditional\proc\p18F4455.asm
                    PORTD   0x000f83       data     extern C:\MCC18\src\traditional\proc\p18F4455.asm
                PORTDbits   0x000f83       data     extern C:\MCC18\src\traditional\proc\p18F4455.asm
                    PORTE   0x000f84       data     extern C:\MCC18\src\traditional\proc\p18F4455.asm
                PORTEbits   0x000f84       data     extern C:\MCC18\src\traditional\proc\p18F4455.asm
                 LATAbits   0x000f89       data     extern C:\MCC18\src\traditional\proc\p18F4455.asm
                     LATA   0x000f89       data     extern C:\MCC18\src\traditional\proc\p18F4455.asm
                     LATB   0x000f8a       data     extern C:\MCC18\src\traditional\proc\p18F4455.asm
                 LATBbits   0x000f8a       data     extern C:\MCC18\src\traditional\proc\p18F4455.asm
                     LATC   0x000f8b       data     extern C:\MCC18\src\traditional\proc\p18F4455.asm
                 LATCbits   0x000f8b       data     extern C:\MCC18\src\traditional\proc\p18F4455.asm
                 LATDbits   0x000f8c       data     extern C:\MCC18\src\traditional\proc\p18F4455.asm
                     LATD   0x000f8c       data     extern C:\MCC18\src\traditional\proc\p18F4455.asm
                 LATEbits   0x000f8d       data     extern C:\MCC18\src\traditional\proc\p18F4455.asm
                     LATE   0x000f8d       data     extern C:\MCC18\src\traditional\proc\p18F4455.asm
                 DDRAbits   0x000f92       data     extern C:\MCC18\src\traditional\proc\p18F4455.asm
                     DDRA   0x000f92       data     extern C:\MCC18\src\traditional\proc\p18F4455.asm
                TRISAbits   0x000f92       data     extern C:\MCC18\src\traditional\proc\p18F4455.asm
                    TRISA   0x000f92       data     extern C:\MCC18\src\traditional\proc\p18F4455.asm
                 DDRBbits   0x000f93       data     extern C:\MCC18\src\traditional\proc\p18F4455.asm
                     DDRB   0x000f93       data     extern C:\MCC18\src\traditional\proc\p18F4455.asm
                TRISBbits   0x000f93       data     extern C:\MCC18\src\traditional\proc\p18F4455.asm
                    TRISB   0x000f93       data     extern C:\MCC18\src\traditional\proc\p18F4455.asm
                    TRISC   0x000f94       data     extern C:\MCC18\src\traditional\proc\p18F4455.asm
                TRISCbits   0x000f94       data     extern C:\MCC18\src\traditional\proc\p18F4455.asm
                 DDRCbits   0x000f94       data     extern C:\MCC18\src\traditional\proc\p18F4455.asm
                     DDRC   0x000f94       data     extern C:\MCC18\src\traditional\proc\p18F4455.asm
                 DDRDbits   0x000f95       data     extern C:\MCC18\src\traditional\proc\p18F4455.asm
                    TRISD   0x000f95       data     extern C:\MCC18\src\traditional\proc\p18F4455.asm
                     DDRD   0x000f95       data     extern C:\MCC18\src\traditional\proc\p18F4455.asm
                TRISDbits   0x000f95       data     extern C:\MCC18\src\traditional\proc\p18F4455.asm
                     DDRE   0x000f96       data     extern C:\MCC18\src\traditional\proc\p18F4455.asm
                 DDREbits   0x000f96       data     extern C:\MCC18\src\traditional\proc\p18F4455.asm
                    TRISE   0x000f96       data     extern C:\MCC18\src\traditional\proc\p18F4455.asm
                TRISEbits   0x000f96       data     extern C:\MCC18\src\traditional\proc\p18F4455.asm
              OSCTUNEbits   0x000f9b       data     extern C:\MCC18\src\traditional\proc\p18F4455.asm
                  OSCTUNE   0x000f9b       data     extern C:\MCC18\src\traditional\proc\p18F4455.asm
                     PIE1   0x000f9d       data     extern C:\MCC18\src\traditional\proc\p18F4455.asm
                 PIE1bits   0x000f9d       data     extern C:\MCC18\src\traditional\proc\p18F4455.asm
                     PIR1   0x000f9e       data     extern C:\MCC18\src\traditional\proc\p18F4455.asm
                 PIR1bits   0x000f9e       data     extern C:\MCC18\src\traditional\proc\p18F4455.asm
                 IPR1bits   0x000f9f       data     extern C:\MCC18\src\traditional\proc\p18F4455.asm
                     IPR1   0x000f9f       data     extern C:\MCC18\src\traditional\proc\p18F4455.asm
                     PIE2   0x000fa0       data     extern C:\MCC18\src\traditional\proc\p18F4455.asm
                 PIE2bits   0x000fa0       data     extern C:\MCC18\src\traditional\proc\p18F4455.asm
                     PIR2   0x000fa1       data     extern C:\MCC18\src\traditional\proc\p18F4455.asm
                 PIR2bits   0x000fa1       data     extern C:\MCC18\src\traditional\proc\p18F4455.asm
                 IPR2bits   0x000fa2       data     extern C:\MCC18\src\traditional\proc\p18F4455.asm
                     IPR2   0x000fa2       data     extern C:\MCC18\src\traditional\proc\p18F4455.asm
               EECON1bits   0x000fa6       data     extern C:\MCC18\src\traditional\proc\p18F4455.asm
                   EECON1   0x000fa6       data     extern C:\MCC18\src\traditional\proc\p18F4455.asm
                   EECON2   0x000fa7       data     extern C:\MCC18\src\traditional\proc\p18F4455.asm
                   EEDATA   0x000fa8       data     extern C:\MCC18\src\traditional\proc\p18F4455.asm
                    EEADR   0x000fa9       data     extern C:\MCC18\src\traditional\proc\p18F4455.asm
                    RCSTA   0x000fab       data     extern C:\MCC18\src\traditional\proc\p18F4455.asm
                RCSTAbits   0x000fab       data     extern C:\MCC18\src\traditional\proc\p18F4455.asm
                    TXSTA   0x000fac       data     extern C:\MCC18\src\traditional\proc\p18F4455.asm
                TXSTAbits   0x000fac       data     extern C:\MCC18\src\traditional\proc\p18F4455.asm
                    TXREG   0x000fad       data     extern C:\MCC18\src\traditional\proc\p18F4455.asm
                    RCREG   0x000fae       data     extern C:\MCC18\src\traditional\proc\p18F4455.asm
                    SPBRG   0x000faf       data     extern C:\MCC18\src\traditional\proc\p18F4455.asm
                   SPBRGH   0x000fb0       data     extern C:\MCC18\src\traditional\proc\p18F4455.asm
                T3CONbits   0x000fb1       data     extern C:\MCC18\src\traditional\proc\p18F4455.asm
                    T3CON   0x000fb1       data     extern C:\MCC18\src\traditional\proc\p18F4455.asm
                    TMR3L   0x000fb2       data     extern C:\MCC18\src\traditional\proc\p18F4455.asm
                    TMR3H   0x000fb3       data     extern C:\MCC18\src\traditional\proc\p18F4455.asm
                CMCONbits   0x000fb4       data     extern C:\MCC18\src\traditional\proc\p18F4455.asm
                    CMCON   0x000fb4       data     extern C:\MCC18\src\traditional\proc\p18F4455.asm
               CVRCONbits   0x000fb5       data     extern C:\MCC18\src\traditional\proc\p18F4455.asm
                   CVRCON   0x000fb5       data     extern C:\MCC18\src\traditional\proc\p18F4455.asm
                  ECCP1AS   0x000fb6       data     extern C:\MCC18\src\traditional\proc\p18F4455.asm
              ECCP1ASbits   0x000fb6       data     extern C:\MCC18\src\traditional\proc\p18F4455.asm
               CCP1ASbits   0x000fb6       data     extern C:\MCC18\src\traditional\proc\p18F4455.asm
                   CCP1AS   0x000fb6       data     extern C:\MCC18\src\traditional\proc\p18F4455.asm
              CCP1DELbits   0x000fb7       data     extern C:\MCC18\src\traditional\proc\p18F4455.asm
                  CCP1DEL   0x000fb7       data     extern C:\MCC18\src\traditional\proc\p18F4455.asm
                 ECCP1DEL   0x000fb7       data     extern C:\MCC18\src\traditional\proc\p18F4455.asm
             ECCP1DELbits   0x000fb7       data     extern C:\MCC18\src\traditional\proc\p18F4455.asm
              BAUDCONbits   0x000fb8       data     extern C:\MCC18\src\traditional\proc\p18F4455.asm
                  BAUDCON   0x000fb8       data     extern C:\MCC18\src\traditional\proc\p18F4455.asm
              CCP2CONbits   0x000fba       data     extern C:\MCC18\src\traditional\proc\p18F4455.asm
                  CCP2CON   0x000fba       data     extern C:\MCC18\src\traditional\proc\p18F4455.asm
                    CCPR2   0x000fbb       data     extern C:\MCC18\src\traditional\proc\p18F4455.asm
                   CCPR2L   0x000fbb       data     extern C:\MCC18\src\traditional\proc\p18F4455.asm
                   CCPR2H   0x000fbc       data     extern C:\MCC18\src\traditional\proc\p18F4455.asm
                  CCP1CON   0x000fbd       data     extern C:\MCC18\src\traditional\proc\p18F4455.asm
             ECCP1CONbits   0x000fbd       data     extern C:\MCC18\src\traditional\proc\p18F4455.asm
                 ECCP1CON   0x000fbd       data     extern C:\MCC18\src\traditional\proc\p18F4455.asm
              CCP1CONbits   0x000fbd       data     extern C:\MCC18\src\traditional\proc\p18F4455.asm
                    CCPR1   0x000fbe       data     extern C:\MCC18\src\traditional\proc\p18F4455.asm
                   CCPR1L   0x000fbe       data     extern C:\MCC18\src\traditional\proc\p18F4455.asm
                   CCPR1H   0x000fbf       data     extern C:\MCC18\src\traditional\proc\p18F4455.asm
                   ADCON2   0x000fc0       data     extern C:\MCC18\src\traditional\proc\p18F4455.asm
               ADCON2bits   0x000fc0       data     extern C:\MCC18\src\traditional\proc\p18F4455.asm
                   ADCON1   0x000fc1       data     extern C:\MCC18\src\traditional\proc\p18F4455.asm
               ADCON1bits   0x000fc1       data     extern C:\MCC18\src\traditional\proc\p18F4455.asm
                   ADCON0   0x000fc2       data     extern C:\MCC18\src\traditional\proc\p18F4455.asm
               ADCON0bits   0x000fc2       data     extern C:\MCC18\src\traditional\proc\p18F4455.asm
                    ADRES   0x000fc3       data     extern C:\MCC18\src\traditional\proc\p18F4455.asm
                   ADRESL   0x000fc3       data     extern C:\MCC18\src\traditional\proc\p18F4455.asm
                   ADRESH   0x000fc4       data     extern C:\MCC18\src\traditional\proc\p18F4455.asm
                  SSPCON2   0x000fc5       data     extern C:\MCC18\src\traditional\proc\p18F4455.asm
              SSPCON2bits   0x000fc5       data     extern C:\MCC18\src\traditional\proc\p18F4455.asm
                  SSPCON1   0x000fc6       data     extern C:\MCC18\src\traditional\proc\p18F4455.asm
              SSPCON1bits   0x000fc6       data     extern C:\MCC18\src\traditional\proc\p18F4455.asm
                  SSPSTAT   0x000fc7       data     extern C:\MCC18\src\traditional\proc\p18F4455.asm
              SSPSTATbits   0x000fc7       data     extern C:\MCC18\src\traditional\proc\p18F4455.asm
                   SSPADD   0x000fc8       data     extern C:\MCC18\src\traditional\proc\p18F4455.asm
                   SSPBUF   0x000fc9       data     extern C:\MCC18\src\traditional\proc\p18F4455.asm
                T2CONbits   0x000fca       data     extern C:\MCC18\src\traditional\proc\p18F4455.asm
                    T2CON   0x000fca       data     extern C:\MCC18\src\traditional\proc\p18F4455.asm
                      PR2   0x000fcb       data     extern C:\MCC18\src\traditional\proc\p18F4455.asm
                     TMR2   0x000fcc       data     extern C:\MCC18\src\traditional\proc\p18F4455.asm
                T1CONbits   0x000fcd       data     extern C:\MCC18\src\traditional\proc\p18F4455.asm
                    T1CON   0x000fcd       data     extern C:\MCC18\src\traditional\proc\p18F4455.asm
                    TMR1L   0x000fce       data     extern C:\MCC18\src\traditional\proc\p18F4455.asm
                    TMR1H   0x000fcf       data     extern C:\MCC18\src\traditional\proc\p18F4455.asm
                     RCON   0x000fd0       data     extern C:\MCC18\src\traditional\proc\p18F4455.asm
                 RCONbits   0x000fd0       data     extern C:\MCC18\src\traditional\proc\p18F4455.asm
               WDTCONbits   0x000fd1       data     extern C:\MCC18\src\traditional\proc\p18F4455.asm
                   WDTCON   0x000fd1       data     extern C:\MCC18\src\traditional\proc\p18F4455.asm
                  HLVDCON   0x000fd2       data     extern C:\MCC18\src\traditional\proc\p18F4455.asm
              HLVDCONbits   0x000fd2       data     extern C:\MCC18\src\traditional\proc\p18F4455.asm
                   LVDCON   0x000fd2       data     extern C:\MCC18\src\traditional\proc\p18F4455.asm
               LVDCONbits   0x000fd2       data     extern C:\MCC18\src\traditional\proc\p18F4455.asm
                   OSCCON   0x000fd3       data     extern C:\MCC18\src\traditional\proc\p18F4455.asm
               OSCCONbits   0x000fd3       data     extern C:\MCC18\src\traditional\proc\p18F4455.asm
                T0CONbits   0x000fd5       data     extern C:\MCC18\src\traditional\proc\p18F4455.asm
                    T0CON   0x000fd5       data     extern C:\MCC18\src\traditional\proc\p18F4455.asm
                    TMR0L   0x000fd6       data     extern C:\MCC18\src\traditional\proc\p18F4455.asm
                    TMR0H   0x000fd7       data     extern C:\MCC18\src\traditional\proc\p18F4455.asm
               STATUSbits   0x000fd8       data     extern C:\MCC18\src\traditional\proc\p18F4455.asm
                   STATUS   0x000fd8       data     extern C:\MCC18\src\traditional\proc\p18F4455.asm
                    FSR2L   0x000fd9       data     extern C:\MCC18\src\traditional\proc\p18F4455.asm
                     FSR2   0x000fd9       data     extern C:\MCC18\src\traditional\proc\p18F4455.asm
                    FSR2H   0x000fda       data     extern C:\MCC18\src\traditional\proc\p18F4455.asm
                   PLUSW2   0x000fdb       data     extern C:\MCC18\src\traditional\proc\p18F4455.asm
                  PREINC2   0x000fdc       data     extern C:\MCC18\src\traditional\proc\p18F4455.asm
                 POSTDEC2   0x000fdd       data     extern C:\MCC18\src\traditional\proc\p18F4455.asm
                 POSTINC2   0x000fde       data     extern C:\MCC18\src\traditional\proc\p18F4455.asm
                    INDF2   0x000fdf       data     extern C:\MCC18\src\traditional\proc\p18F4455.asm
                      BSR   0x000fe0       data     extern C:\MCC18\src\traditional\proc\p18F4455.asm
                    FSR1L   0x000fe1       data     extern C:\MCC18\src\traditional\proc\p18F4455.asm
                     FSR1   0x000fe1       data     extern C:\MCC18\src\traditional\proc\p18F4455.asm
                    FSR1H   0x000fe2       data     extern C:\MCC18\src\traditional\proc\p18F4455.asm
                   PLUSW1   0x000fe3       data     extern C:\MCC18\src\traditional\proc\p18F4455.asm
                  PREINC1   0x000fe4       data     extern C:\MCC18\src\traditional\proc\p18F4455.asm
                 POSTDEC1   0x000fe5       data     extern C:\MCC18\src\traditional\proc\p18F4455.asm
                 POSTINC1   0x000fe6       data     extern C:\MCC18\src\traditional\proc\p18F4455.asm
                    INDF1   0x000fe7       data     extern C:\MCC18\src\traditional\proc\p18F4455.asm
                     WREG   0x000fe8       data     extern C:\MCC18\src\traditional\proc\p18F4455.asm
                    FSR0L   0x000fe9       data     extern C:\MCC18\src\traditional\proc\p18F4455.asm
                     FSR0   0x000fe9       data     extern C:\MCC18\src\traditional\proc\p18F4455.asm
                    FSR0H   0x000fea       data     extern C:\MCC18\src\traditional\proc\p18F4455.asm
                   PLUSW0   0x000feb       data     extern C:\MCC18\src\traditional\proc\p18F4455.asm
                  PREINC0   0x000fec       data     extern C:\MCC18\src\traditional\proc\p18F4455.asm
                 POSTDEC0   0x000fed       data     extern C:\MCC18\src\traditional\proc\p18F4455.asm
                 POSTINC0   0x000fee       data     extern C:\MCC18\src\traditional\proc\p18F4455.asm
                    INDF0   0x000fef       data     extern C:\MCC18\src\traditional\proc\p18F4455.asm
                  INTCON3   0x000ff0       data     extern C:\MCC18\src\traditional\proc\p18F4455.asm
              INTCON3bits   0x000ff0       data     extern C:\MCC18\src\traditional\proc\p18F4455.asm
                  INTCON2   0x000ff1       data     extern C:\MCC18\src\traditional\proc\p18F4455.asm
              INTCON2bits   0x000ff1       data     extern C:\MCC18\src\traditional\proc\p18F4455.asm
                   INTCON   0x000ff2       data     extern C:\MCC18\src\traditional\proc\p18F4455.asm
               INTCONbits   0x000ff2       data     extern C:\MCC18\src\traditional\proc\p18F4455.asm
                    PRODL   0x000ff3       data     extern C:\MCC18\src\traditional\proc\p18F4455.asm
                     PROD   0x000ff3       data     extern C:\MCC18\src\traditional\proc\p18F4455.asm
                    PRODH   0x000ff4       data     extern C:\MCC18\src\traditional\proc\p18F4455.asm
                   TABLAT   0x000ff5       data     extern C:\MCC18\src\traditional\proc\p18F4455.asm
                   TBLPTR   0x000ff6       data     extern C:\MCC18\src\traditional\proc\p18F4455.asm
                  TBLPTRL   0x000ff6       data     extern C:\MCC18\src\traditional\proc\p18F4455.asm
                  TBLPTRH   0x000ff7       data     extern C:\MCC18\src\traditional\proc\p18F4455.asm
                  TBLPTRU   0x000ff8       data     extern C:\MCC18\src\traditional\proc\p18F4455.asm
                      PCL   0x000ff9       data     extern C:\MCC18\src\traditional\proc\p18F4455.asm
                       PC   0x000ff9       data     extern C:\MCC18\src\traditional\proc\p18F4455.asm
                   PCLATH   0x000ffa       data     extern C:\MCC18\src\traditional\proc\p18F4455.asm
                   PCLATU   0x000ffb       data     extern C:\MCC18\src\traditional\proc\p18F4455.asm
               STKPTRbits   0x000ffc       data     extern C:\MCC18\src\traditional\proc\p18F4455.asm
                   STKPTR   0x000ffc       data     extern C:\MCC18\src\traditional\proc\p18F4455.asm
                     TOSL   0x000ffd       data     extern C:\MCC18\src\traditional\proc\p18F4455.asm
                      TOS   0x000ffd       data     extern C:\MCC18\src\traditional\proc\p18F4455.asm
                     TOSH   0x000ffe       data     extern C:\MCC18\src\traditional\proc\p18F4455.asm
                     TOSU   0x000fff       data     extern C:\MCC18\src\traditional\proc\p18F4455.asm


